Component: Arm Compiler for Embedded 6.18 Tool: armlink [5e4cc100]

==============================================================================

Section Cross References

    main.o(.text.main) refers to tle_device.o(.text.TLE_Init) for TLE_Init
    main.o(.text.main) refers to main.o(.text.CCU6_StartTmr_T13) for CCU6_StartTmr_T13
    main.o(.text.main) refers to main.o(.bss.ms) for ms
    main.o(.text.main) refers to main.o(.rodata.str1.1) for .L.str
    main.o(.text.main) refers to printfa.o(i.__0printf) for printf
    main.o(.text.main) refers to wdt1.o(.text.WDT1_Service) for WDT1_Service
    main.o(.ARM.exidx.text.main) refers to main.o(.text.main) for [Anonymous Symbol]
    main.o(.text.CCU6_StartTmr_T13) refers to main.o(.text.CCU6_T13_Start) for CCU6_T13_Start
    main.o(.ARM.exidx.text.CCU6_StartTmr_T13) refers to main.o(.text.CCU6_StartTmr_T13) for [Anonymous Symbol]
    main.o(.text.Task_1ms) refers to main.o(.bss.ms) for ms
    main.o(.ARM.exidx.text.Task_1ms) refers to main.o(.text.Task_1ms) for [Anonymous Symbol]
    main.o(.text.Poti_Handler) refers to main.o(.bss.mV) for mV
    main.o(.text.Poti_Handler) refers to adc1.o(.text.ADC1_GetEIMResult_mV) for ADC1_GetEIMResult_mV
    main.o(.ARM.exidx.text.Poti_Handler) refers to main.o(.text.Poti_Handler) for [Anonymous Symbol]
    main.o(.text.CCU6_T13_Start) refers to main.o(.text.Field_Wrt16) for Field_Wrt16
    main.o(.ARM.exidx.text.CCU6_T13_Start) refers to main.o(.text.CCU6_T13_Start) for [Anonymous Symbol]
    main.o(.ARM.exidx.text.Field_Wrt16) refers to main.o(.text.Field_Wrt16) for [Anonymous Symbol]
    retarget_io.o(.text.fputc) refers to stdout.o(.data) for __stdout
    retarget_io.o(.text.fputc) refers to uart.o(.text.stdout_putchar) for stdout_putchar
    retarget_io.o(.ARM.exidx.text.fputc) refers to retarget_io.o(.text.fputc) for [Anonymous Symbol]
    retarget_io.o(.text.fgetc) refers to stdin.o(.data) for __stdin
    retarget_io.o(.text.fgetc) refers to retarget_io.o(.bss.getchar_undo) for getchar_undo
    retarget_io.o(.text.fgetc) refers to retarget_io.o(.data.getchar_ch) for getchar_ch
    retarget_io.o(.text.fgetc) refers to uart.o(.text.stdin_getchar) for stdin_getchar
    retarget_io.o(.ARM.exidx.text.fgetc) refers to retarget_io.o(.text.fgetc) for [Anonymous Symbol]
    retarget_io.o(.text.__backspace) refers to stdin.o(.data) for __stdin
    retarget_io.o(.text.__backspace) refers to retarget_io.o(.data.getchar_ch) for getchar_ch
    retarget_io.o(.text.__backspace) refers to retarget_io.o(.bss.getchar_undo) for getchar_undo
    retarget_io.o(.ARM.exidx.text.__backspace) refers to retarget_io.o(.text.__backspace) for [Anonymous Symbol]
    retarget_io.o(.text.__aeabi_assert) refers to retarget_io.o(.rodata.str1.1) for .L.str
    retarget_io.o(.text.__aeabi_assert) refers to stderr.o(.data) for __stderr
    retarget_io.o(.text.__aeabi_assert) refers to fputs.o(i.fputs) for fputs
    retarget_io.o(.text.__aeabi_assert) refers to retarget_io.o(.text.abort) for abort
    retarget_io.o(.ARM.exidx.text.__aeabi_assert) refers to retarget_io.o(.text.__aeabi_assert) for [Anonymous Symbol]
    retarget_io.o(.ARM.exidx.text.abort) refers to retarget_io.o(.text.abort) for [Anonymous Symbol]
    adc1.o(.text.ADC1_Init) refers to adc1.o(.text.ADC1_ANON_Set) for ADC1_ANON_Set
    adc1.o(.text.ADC1_Init) refers to adc1.o(.text.ADC1_Power_On) for ADC1_Power_On
    adc1.o(.ARM.exidx.text.ADC1_Init) refers to adc1.o(.text.ADC1_Init) for [Anonymous Symbol]
    adc1.o(.text.ADC1_ANON_Set) refers to adc1.o(.text.Field_Mod32) for Field_Mod32
    adc1.o(.ARM.exidx.text.ADC1_ANON_Set) refers to adc1.o(.text.ADC1_ANON_Set) for [Anonymous Symbol]
    adc1.o(.text.ADC1_Power_On) refers to adc1.o(.text.Field_Mod32) for Field_Mod32
    adc1.o(.ARM.exidx.text.ADC1_Power_On) refers to adc1.o(.text.ADC1_Power_On) for [Anonymous Symbol]
    adc1.o(.text.VAREF_Enable) refers to wdt1.o(.text.Delay_us) for Delay_us
    adc1.o(.ARM.exidx.text.VAREF_Enable) refers to adc1.o(.text.VAREF_Enable) for [Anonymous Symbol]
    adc1.o(.text.ADC1_GetChResult) refers to adc1.o(.text.u1_Field_Rd32) for u1_Field_Rd32
    adc1.o(.text.ADC1_GetChResult) refers to adc1.o(.text.u16_Field_Rd32) for u16_Field_Rd32
    adc1.o(.ARM.exidx.text.ADC1_GetChResult) refers to adc1.o(.text.ADC1_GetChResult) for [Anonymous Symbol]
    adc1.o(.ARM.exidx.text.u1_Field_Rd32) refers to adc1.o(.text.u1_Field_Rd32) for [Anonymous Symbol]
    adc1.o(.ARM.exidx.text.u16_Field_Rd32) refers to adc1.o(.text.u16_Field_Rd32) for [Anonymous Symbol]
    adc1.o(.text.ADC1_GetChResult_mV) refers to adc1.o(.text.ADC1_GetChResult) for ADC1_GetChResult
    adc1.o(.text.ADC1_GetChResult_mV) refers to adc1.o(.text.ADC1_VDH_Attenuator_Range_Get) for ADC1_VDH_Attenuator_Range_Get
    adc1.o(.ARM.exidx.text.ADC1_GetChResult_mV) refers to adc1.o(.text.ADC1_GetChResult_mV) for [Anonymous Symbol]
    adc1.o(.text.ADC1_VDH_Attenuator_Range_Get) refers to adc1.o(.text.u8_Field_Rd32) for u8_Field_Rd32
[...]
    isr.o(.ARM.exidx.text.WDT1_Window_Count) refers to isr.o(.text.WDT1_Window_Count) for [Anonymous Symbol]
    isr.o(.ARM.exidx.text.Field_Wrt32) refers to isr.o(.text.Field_Wrt32) for [Anonymous Symbol]
    lin.o(.ARM.exidx.text.LIN_Init) refers to lin.o(.text.LIN_Init) for [Anonymous Symbol]
    pmu.o(.ARM.exidx.text.PMU_Init) refers to pmu.o(.text.PMU_Init) for [Anonymous Symbol]
    pmu.o(.text.PMU_VDDEXT_On) refers to pmu.o(.text.CMSIS_Irq_Dis) for CMSIS_Irq_Dis
    pmu.o(.text.PMU_VDDEXT_On) refers to pmu.o(.text.CMSIS_Irq_En) for CMSIS_Irq_En
    pmu.o(.text.PMU_VDDEXT_On) refers to wdt1.o(.text.Delay_us) for Delay_us
    pmu.o(.ARM.exidx.text.PMU_VDDEXT_On) refers to pmu.o(.text.PMU_VDDEXT_On) for [Anonymous Symbol]
    pmu.o(.ARM.exidx.text.CMSIS_Irq_Dis) refers to pmu.o(.text.CMSIS_Irq_Dis) for [Anonymous Symbol]
    pmu.o(.ARM.exidx.text.CMSIS_Irq_En) refers to pmu.o(.text.CMSIS_Irq_En) for [Anonymous Symbol]
    port.o(.ARM.exidx.text.PORT_Init) refers to port.o(.text.PORT_Init) for [Anonymous Symbol]
    port.o(.text.PORT_ChangePin) refers to port.o(.text.CMSIS_Irq_Dis) for CMSIS_Irq_Dis
    port.o(.text.PORT_ChangePin) refers to port.o(.text.Field_Clr8) for Field_Clr8
    port.o(.text.PORT_ChangePin) refers to port.o(.text.Field_Mod8) for Field_Mod8
    port.o(.text.PORT_ChangePin) refers to port.o(.text.Field_Inv8) for Field_Inv8
    port.o(.text.PORT_ChangePin) refers to port.o(.text.CMSIS_Irq_En) for CMSIS_Irq_En
    port.o(.ARM.exidx.text.PORT_ChangePin) refers to port.o(.text.PORT_ChangePin) for [Anonymous Symbol]
    port.o(.ARM.exidx.text.CMSIS_Irq_Dis) refers to port.o(.text.CMSIS_Irq_Dis) for [Anonymous Symbol]
    port.o(.ARM.exidx.text.Field_Clr8) refers to port.o(.text.Field_Clr8) for [Anonymous Symbol]
    port.o(.ARM.exidx.text.Field_Mod8) refers to port.o(.text.Field_Mod8) for [Anonymous Symbol]
    port.o(.ARM.exidx.text.Field_Inv8) refers to port.o(.text.Field_Inv8) for [Anonymous Symbol]
    port.o(.ARM.exidx.text.CMSIS_Irq_En) refers to port.o(.text.CMSIS_Irq_En) for [Anonymous Symbol]
    port.o(.text.PORT_ReadPin) refers to port.o(.text.u8_Field_Rd8) for u8_Field_Rd8
    port.o(.ARM.exidx.text.PORT_ReadPin) refers to port.o(.text.PORT_ReadPin) for [Anonymous Symbol]
    port.o(.ARM.exidx.text.u8_Field_Rd8) refers to port.o(.text.u8_Field_Rd8) for [Anonymous Symbol]
    port.o(.text.PORT_ReadPort) refers to port.o(.text.u8_Field_Rd8) for u8_Field_Rd8
    port.o(.ARM.exidx.text.PORT_ReadPort) refers to port.o(.text.PORT_ReadPort) for [Anonymous Symbol]
    port.o(.text.PORT_ChangePinAlt) refers to port.o(.text.CMSIS_Irq_Dis) for CMSIS_Irq_Dis
    port.o(.text.PORT_ChangePinAlt) refers to port.o(.text.Field_Mod8) for Field_Mod8
    port.o(.text.PORT_ChangePinAlt) refers to port.o(.text.CMSIS_Irq_En) for CMSIS_Irq_En
    port.o(.ARM.exidx.text.PORT_ChangePinAlt) refers to port.o(.text.PORT_ChangePinAlt) for [Anonymous Symbol]
    scu.o(.text.SCU_ClkInit) refers to scu.o(.text.CMSIS_Irq_Dis) for CMSIS_Irq_Dis
    scu.o(.text.SCU_ClkInit) refers to bootrom.o(.rodata.USER_CFLASH_WR_PROT_EN) for USER_CFLASH_WR_PROT_EN
    scu.o(.text.SCU_ClkInit) refers to scu.o(.text.Field_Mod8) for Field_Mod8
    scu.o(.text.SCU_ClkInit) refers to scu.o(.text.PLL_setfSYStoLPCLK) for PLL_setfSYStoLPCLK
    scu.o(.text.SCU_ClkInit) refers to scu.o(.text.PLL_setK1divToOne) for PLL_setK1divToOne
    scu.o(.text.SCU_ClkInit) refers to scu.o(.text.PLL_setPrescalerMode) for PLL_setPrescalerMode
    scu.o(.text.SCU_ClkInit) refers to scu.o(.text.PLL_setOscTrim) for PLL_setOscTrim
    scu.o(.text.SCU_ClkInit) refers to scu.o(.text.PLL_setNdivFromConfigWizard) for PLL_setNdivFromConfigWizard
    scu.o(.text.SCU_ClkInit) refers to scu.o(.text.PLL_setVcoselK2divFromConfigWizard) for PLL_setVcoselK2divFromConfigWizard
    scu.o(.text.SCU_ClkInit) refers to scu.o(.text.PLL_resetPllLockDetection) for PLL_resetPllLockDetection
    scu.o(.text.SCU_ClkInit) refers to scu.o(.text.PLL_waitForPllLock) for PLL_waitForPllLock
    scu.o(.text.SCU_ClkInit) refers to scu.o(.text.PLL_setNormalMode) for PLL_setNormalMode
    scu.o(.text.SCU_ClkInit) refers to scu.o(.text.PLL_setfSYStofPLL) for PLL_setfSYStofPLL
    scu.o(.text.SCU_ClkInit) refers to scu.o(.text.Field_Wrt8all) for Field_Wrt8all
    scu.o(.text.SCU_ClkInit) refers to scu.o(.text.SCU_toggleAPCLK_SET) for SCU_toggleAPCLK_SET
    scu.o(.text.SCU_ClkInit) refers to scu.o(.text.SCU_OpenPASSWD) for SCU_OpenPASSWD
    scu.o(.text.SCU_ClkInit) refers to scu.o(.text.SCU_ClosePASSWD) for SCU_ClosePASSWD
    scu.o(.text.SCU_ClkInit) refers to scu.o(.text.CMSIS_Irq_En) for CMSIS_Irq_En
    scu.o(.ARM.exidx.text.SCU_ClkInit) refers to scu.o(.text.SCU_ClkInit) for [Anonymous Symbol]
    scu.o(.ARM.exidx.text.CMSIS_Irq_Dis) refers to scu.o(.text.CMSIS_Irq_Dis) for [Anonymous Symbol]
    scu.o(.ARM.exidx.text.Field_Mod8) refers to scu.o(.text.Field_Mod8) for [Anonymous Symbol]
    scu.o(.text.PLL_setfSYStoLPCLK) refers to scu.o(.text.Field_Mod8) for Field_Mod8
    scu.o(.text.PLL_setfSYStoLPCLK) refers to scu.o(.text.SCU_OpenPASSWD) for SCU_OpenPASSWD
    scu.o(.text.PLL_setfSYStoLPCLK) refers to scu.o(.text.SCU_ClosePASSWD) for SCU_ClosePASSWD
    scu.o(.ARM.exidx.text.PLL_setfSYStoLPCLK) refers to scu.o(.text.PLL_setfSYStoLPCLK) for [Anonymous Symbol]
    scu.o(.text.PLL_setK1divToOne) refers to scu.o(.text.Field_Mod8) for Field_Mod8
    scu.o(.text.PLL_setK1divToOne) refers to scu.o(.text.SCU_OpenPASSWD) for SCU_OpenPASSWD
    scu.o(.text.PLL_setK1divToOne) refers to scu.o(.text.SCU_ClosePASSWD) for SCU_ClosePASSWD
    scu.o(.ARM.exidx.text.PLL_setK1divToOne) refers to scu.o(.text.PLL_setK1divToOne) for [Anonymous Symbol]
    scu.o(.text.PLL_setPrescalerMode) refers to scu.o(.text.Field_Mod8) for Field_Mod8
    scu.o(.ARM.exidx.text.PLL_setPrescalerMode) refers to scu.o(.text.PLL_setPrescalerMode) for [Anonymous Symbol]
    scu.o(.text.PLL_setOscTrim) refers to scu.o(.text.Field_Mod8) for Field_Mod8
    scu.o(.text.PLL_setOscTrim) refers to scu.o(.text.SCU_OpenPASSWD) for SCU_OpenPASSWD
    scu.o(.text.PLL_setOscTrim) refers to scu.o(.text.SCU_ClosePASSWD) for SCU_ClosePASSWD
    scu.o(.ARM.exidx.text.PLL_setOscTrim) refers to scu.o(.text.PLL_setOscTrim) for [Anonymous Symbol]
    scu.o(.text.PLL_setNdivFromConfigWizard) refers to scu.o(.text.SCU_OpenPASSWD) for SCU_OpenPASSWD
    scu.o(.text.PLL_setNdivFromConfigWizard) refers to scu.o(.text.SCU_ClosePASSWD) for SCU_ClosePASSWD
    scu.o(.ARM.exidx.text.PLL_setNdivFromConfigWizard) refers to scu.o(.text.PLL_setNdivFromConfigWizard) for [Anonymous Symbol]
    scu.o(.text.PLL_setVcoselK2divFromConfigWizard) refers to scu.o(.text.SCU_OpenPASSWD) for SCU_OpenPASSWD
    scu.o(.text.PLL_setVcoselK2divFromConfigWizard) refers to scu.o(.text.SCU_ClosePASSWD) for SCU_ClosePASSWD
    scu.o(.ARM.exidx.text.PLL_setVcoselK2divFromConfigWizard) refers to scu.o(.text.PLL_setVcoselK2divFromConfigWizard) for [Anonymous Symbol]
    scu.o(.text.PLL_resetPllLockDetection) refers to scu.o(.text.Field_Mod8) for Field_Mod8
    scu.o(.ARM.exidx.text.PLL_resetPllLockDetection) refers to scu.o(.text.PLL_resetPllLockDetection) for [Anonymous Symbol]
    scu.o(.text.PLL_waitForPllLock) refers to scu.o(.text.u1_Field_Rd8) for u1_Field_Rd8
    scu.o(.ARM.exidx.text.PLL_waitForPllLock) refers to scu.o(.text.PLL_waitForPllLock) for [Anonymous Symbol]
    scu.o(.text.PLL_setNormalMode) refers to scu.o(.text.Field_Mod8) for Field_Mod8
    scu.o(.ARM.exidx.text.PLL_setNormalMode) refers to scu.o(.text.PLL_setNormalMode) for [Anonymous Symbol]
    scu.o(.text.PLL_setfSYStofPLL) refers to scu.o(.text.Field_Mod8) for Field_Mod8
    scu.o(.text.PLL_setfSYStofPLL) refers to scu.o(.text.SCU_OpenPASSWD) for SCU_OpenPASSWD
    scu.o(.text.PLL_setfSYStofPLL) refers to scu.o(.text.SCU_ClosePASSWD) for SCU_ClosePASSWD
    scu.o(.ARM.exidx.text.PLL_setfSYStofPLL) refers to scu.o(.text.PLL_setfSYStofPLL) for [Anonymous Symbol]
    scu.o(.ARM.exidx.text.Field_Wrt8all) refers to scu.o(.text.Field_Wrt8all) for [Anonymous Symbol]
    scu.o(.text.SCU_toggleAPCLK_SET) refers to scu.o(.text.Field_Mod8) for Field_Mod8
    scu.o(.text.SCU_toggleAPCLK_SET) refers to scu.o(.text.SCU_OpenPASSWD) for SCU_OpenPASSWD
    scu.o(.text.SCU_toggleAPCLK_SET) refers to scu.o(.text.SCU_ClosePASSWD) for SCU_ClosePASSWD
    scu.o(.text.SCU_toggleAPCLK_SET) refers to scu.o(.text.CMSIS_NOP) for CMSIS_NOP
    scu.o(.ARM.exidx.text.SCU_toggleAPCLK_SET) refers to scu.o(.text.SCU_toggleAPCLK_SET) for [Anonymous Symbol]
    scu.o(.text.SCU_OpenPASSWD) refers to scu.o(.text.Field_Wrt8all) for Field_Wrt8all
    scu.o(.ARM.exidx.text.SCU_OpenPASSWD) refers to scu.o(.text.SCU_OpenPASSWD) for [Anonymous Symbol]
    scu.o(.text.SCU_ClosePASSWD) refers to scu.o(.text.Field_Wrt8all) for Field_Wrt8all
    scu.o(.ARM.exidx.text.SCU_ClosePASSWD) refers to scu.o(.text.SCU_ClosePASSWD) for [Anonymous Symbol]
    scu.o(.ARM.exidx.text.CMSIS_Irq_En) refers to scu.o(.text.CMSIS_Irq_En) for [Anonymous Symbol]
    scu.o(.ARM.exidx.text.SCU_Init) refers to scu.o(.text.SCU_Init) for [Anonymous Symbol]
    scu.o(.text.SCU_EnterSlowMode) refers to scu.o(.rodata.cst32) for .L__const.SCU_EnterSlowMode.divider
    scu.o(.text.SCU_EnterSlowMode) refers to memcpya.o(.text) for __aeabi_memcpy
    scu.o(.text.SCU_EnterSlowMode) refers to scu.o(.text.Field_Mod8) for Field_Mod8
    scu.o(.text.SCU_EnterSlowMode) refers to wdt1.o(.text.WDT1_Stop) for WDT1_Stop
    scu.o(.text.SCU_EnterSlowMode) refers to wdt1.o(.text.WDT1_SOW_Service) for WDT1_SOW_Service
    scu.o(.text.SCU_EnterSlowMode) refers to scu.o(.text.CMSIS_Irq_Dis) for CMSIS_Irq_Dis
    scu.o(.text.SCU_EnterSlowMode) refers to scu.o(.text.SCU_OpenPASSWD) for SCU_OpenPASSWD
    scu.o(.text.SCU_EnterSlowMode) refers to scu.o(.text.SCU_ClosePASSWD) for SCU_ClosePASSWD
    scu.o(.text.SCU_EnterSlowMode) refers to scu.o(.text.CMSIS_Irq_En) for CMSIS_Irq_En
    scu.o(.text.SCU_EnterSlowMode) refers to scu.o(.text.SysTick_ReloadValue_Set) for SysTick_ReloadValue_Set
    scu.o(.text.SCU_EnterSlowMode) refers to wdt1.o(.text.WDT1_Init) for WDT1_Init
    scu.o(.ARM.exidx.text.SCU_EnterSlowMode) refers to scu.o(.text.SCU_EnterSlowMode) for [Anonymous Symbol]
    scu.o(.ARM.exidx.text.SysTick_ReloadValue_Set) refers to scu.o(.text.SysTick_ReloadValue_Set) for [Anonymous Symbol]
    scu.o(.text.SCU_ExitSlowMode) refers to wdt1.o(.text.WDT1_Stop) for WDT1_Stop
    scu.o(.text.SCU_ExitSlowMode) refers to wdt1.o(.text.WDT1_SOW_Service) for WDT1_SOW_Service
    scu.o(.text.SCU_ExitSlowMode) refers to scu.o(.text.CMSIS_Irq_Dis) for CMSIS_Irq_Dis
    scu.o(.text.SCU_ExitSlowMode) refers to scu.o(.text.Field_Mod8) for Field_Mod8
    scu.o(.text.SCU_ExitSlowMode) refers to scu.o(.text.SCU_OpenPASSWD) for SCU_OpenPASSWD
    scu.o(.text.SCU_ExitSlowMode) refers to scu.o(.text.SCU_ClosePASSWD) for SCU_ClosePASSWD
    scu.o(.text.SCU_ExitSlowMode) refers to scu.o(.text.CMSIS_Irq_En) for CMSIS_Irq_En
    scu.o(.text.SCU_ExitSlowMode) refers to wdt1.o(.text.SysTick_Init) for SysTick_Init
    scu.o(.text.SCU_ExitSlowMode) refers to wdt1.o(.text.WDT1_Init) for WDT1_Init
    scu.o(.ARM.exidx.text.SCU_ExitSlowMode) refers to scu.o(.text.SCU_ExitSlowMode) for [Anonymous Symbol]
    scu.o(.text.SCU_ChangeNVMProtection) refers to bootrom.o(.rodata.USER_DFLASH_WR_PROT_DIS) for USER_DFLASH_WR_PROT_DIS
    scu.o(.text.SCU_ChangeNVMProtection) refers to bootrom.o(.rodata.USER_CFLASH_WR_PROT_DIS) for USER_CFLASH_WR_PROT_DIS
    scu.o(.text.SCU_ChangeNVMProtection) refers to bootrom.o(.rodata.USER_DFLASH_RD_PROT_DIS) for USER_DFLASH_RD_PROT_DIS
    scu.o(.text.SCU_ChangeNVMProtection) refers to bootrom.o(.rodata.USER_CFLASH_RD_PROT_DIS) for USER_CFLASH_RD_PROT_DIS
    scu.o(.text.SCU_ChangeNVMProtection) refers to bootrom.o(.rodata.USER_DFLASH_WR_PROT_EN) for USER_DFLASH_WR_PROT_EN
    scu.o(.text.SCU_ChangeNVMProtection) refers to bootrom.o(.rodata.USER_CFLASH_WR_PROT_EN) for USER_CFLASH_WR_PROT_EN
    scu.o(.text.SCU_ChangeNVMProtection) refers to bootrom.o(.rodata.USER_DFLASH_RD_PROT_EN) for USER_DFLASH_RD_PROT_EN
    scu.o(.text.SCU_ChangeNVMProtection) refers to bootrom.o(.rodata.USER_CFLASH_RD_PROT_EN) for USER_CFLASH_RD_PROT_EN
    scu.o(.ARM.exidx.text.SCU_ChangeNVMProtection) refers to scu.o(.text.SCU_ChangeNVMProtection) for [Anonymous Symbol]
    scu.o(.ARM.exidx.text.u1_Field_Rd8) refers to scu.o(.text.u1_Field_Rd8) for [Anonymous Symbol]
    scu.o(.ARM.exidx.text.CMSIS_NOP) refers to scu.o(.text.CMSIS_NOP) for [Anonymous Symbol]
    startup_tle987x.o(RESET) refers to startup_tle987x.o(STACK) for __initial_sp
    startup_tle987x.o(RESET) refers to startup_tle987x.o(.text) for Reset_Handler
    startup_tle987x.o(RESET) refers to isr.o(.text.HardFault_Handler) for HardFault_Handler
    startup_tle987x.o(RESET) refers to isr.o(.text.MemManage_Handler) for MemManage_Handler
    startup_tle987x.o(RESET) refers to isr.o(.text.BusFault_Handler) for BusFault_Handler
    startup_tle987x.o(RESET) refers to isr.o(.text.UsageFault_Handler) for UsageFault_Handler
    startup_tle987x.o(RESET) refers to isr.o(.text.SysTick_Handler) for SysTick_Handler
    startup_tle987x.o(RESET) refers to isr.o(.text.ADC1_IRQHandler) for ADC1_IRQHandler
    startup_tle987x.o(.text) refers to system_tle987x.o(.text.SystemInit) for SystemInit
    startup_tle987x.o(.text) refers to entry.o(.ARM.Collect$$$$00000000) for __main
    system_tle987x.o(.text.SystemInit) refers to scu.o(.text.SCU_ClkInit) for SCU_ClkInit
    system_tle987x.o(.text.SystemInit) refers to wdt1.o(.text.SysTick_Init) for SysTick_Init
    system_tle987x.o(.text.SystemInit) refers to wdt1.o(.text.WDT1_Init) for WDT1_Init
    system_tle987x.o(.ARM.exidx.text.SystemInit) refers to system_tle987x.o(.text.SystemInit) for [Anonymous Symbol]
    tle_device.o(.text.TLE_Init) refers to scu.o(.text.SCU_Init) for SCU_Init
    tle_device.o(.text.TLE_Init) refers to pmu.o(.text.PMU_Init) for PMU_Init
    tle_device.o(.text.TLE_Init) refers to adc1.o(.text.ADC1_Init) for ADC1_Init
    tle_device.o(.text.TLE_Init) refers to adc2.o(.text.ADC2_Init) for ADC2_Init
    tle_device.o(.text.TLE_Init) refers to ccu6.o(.text.CCU6_Init) for CCU6_Init
    tle_device.o(.text.TLE_Init) refers to lin.o(.text.LIN_Init) for LIN_Init
    tle_device.o(.text.TLE_Init) refers to uart.o(.text.UART1_Init) for UART1_Init
    tle_device.o(.text.TLE_Init) refers to uart.o(.text.UART2_Init) for UART2_Init
    tle_device.o(.text.TLE_Init) refers to port.o(.text.PORT_Init) for PORT_Init
    tle_device.o(.text.TLE_Init) refers to int.o(.text.INT_Init) for INT_Init
    tle_device.o(.ARM.exidx.text.TLE_Init) refers to tle_device.o(.text.TLE_Init) for [Anonymous Symbol]
    uart.o(.ARM.exidx.text.UART1_Init) refers to uart.o(.text.UART1_Init) for [Anonymous Symbol]
    uart.o(.text.UART1_BaudRate_Set) refers to uart.o(.bss.uart1) for uart1
    uart.o(.text.UART1_BaudRate_Set) refers to uart.o(.text.UART1_BaudRateGen_Dis) for UART1_BaudRateGen_Dis
    uart.o(.text.UART1_BaudRate_Set) refers to uart.o(.text.UART1_BaudRate_Value_Set) for UART1_BaudRate_Value_Set
    uart.o(.text.UART1_BaudRate_Set) refers to uart.o(.text.UART1_BaudRateGen_En) for UART1_BaudRateGen_En
    uart.o(.ARM.exidx.text.UART1_BaudRate_Set) refers to uart.o(.text.UART1_BaudRate_Set) for [Anonymous Symbol]
    uart.o(.text.UART1_BaudRateGen_Dis) refers to uart.o(.text.Field_Mod8) for Field_Mod8
    uart.o(.ARM.exidx.text.UART1_BaudRateGen_Dis) refers to uart.o(.text.UART1_BaudRateGen_Dis) for [Anonymous Symbol]
    uart.o(.text.UART1_BaudRate_Value_Set) refers to uart.o(.text.Field_Wrt8all) for Field_Wrt8all
    uart.o(.ARM.exidx.text.UART1_BaudRate_Value_Set) refers to uart.o(.text.UART1_BaudRate_Value_Set) for [Anonymous Symbol]
    uart.o(.text.UART1_BaudRateGen_En) refers to uart.o(.text.Field_Mod8) for Field_Mod8
    uart.o(.ARM.exidx.text.UART1_BaudRateGen_En) refers to uart.o(.text.UART1_BaudRateGen_En) for [Anonymous Symbol]
    uart.o(.text.UART2_Init) refers to uart.o(.bss.uart2) for uart2
    uart.o(.ARM.exidx.text.UART2_Init) refers to uart.o(.text.UART2_Init) for [Anonymous Symbol]
    uart.o(.text.UART2_BaudRate_Set) refers to uart.o(.bss.uart2) for uart2
    uart.o(.text.UART2_BaudRate_Set) refers to uart.o(.text.UART2_BaudRateGen_Dis) for UART2_BaudRateGen_Dis
    uart.o(.text.UART2_BaudRate_Set) refers to uart.o(.text.UART2_BaudRate_Value_Set) for UART2_BaudRate_Value_Set
    uart.o(.text.UART2_BaudRate_Set) refers to uart.o(.text.UART2_BaudRateGen_En) for UART2_BaudRateGen_En
    uart.o(.ARM.exidx.text.UART2_BaudRate_Set) refers to uart.o(.text.UART2_BaudRate_Set) for [Anonymous Symbol]
    uart.o(.text.UART2_BaudRateGen_Dis) refers to uart.o(.text.Field_Mod8) for Field_Mod8
    uart.o(.ARM.exidx.text.UART2_BaudRateGen_Dis) refers to uart.o(.text.UART2_BaudRateGen_Dis) for [Anonymous Symbol]
    uart.o(.text.UART2_BaudRate_Value_Set) refers to uart.o(.text.Field_Wrt8all) for Field_Wrt8all
    uart.o(.ARM.exidx.text.UART2_BaudRate_Value_Set) refers to uart.o(.text.UART2_BaudRate_Value_Set) for [Anonymous Symbol]
    uart.o(.text.UART2_BaudRateGen_En) refers to uart.o(.text.Field_Mod8) for Field_Mod8
    uart.o(.ARM.exidx.text.UART2_BaudRateGen_En) refers to uart.o(.text.UART2_BaudRateGen_En) for [Anonymous Symbol]
    uart.o(.text.stdout_putchar) refers to uart.o(.text.UART2_Send_Byte) for UART2_Send_Byte
    uart.o(.text.stdout_putchar) refers to wdt1.o(.text.WDT1_SOW_Service) for WDT1_SOW_Service
    uart.o(.text.stdout_putchar) refers to uart.o(.text.UART2_isByteTransmitted) for UART2_isByteTransmitted
    uart.o(.text.stdout_putchar) refers to wdt1.o(.text.WDT1_Service) for WDT1_Service
    uart.o(.ARM.exidx.text.stdout_putchar) refers to uart.o(.text.stdout_putchar) for [Anonymous Symbol]
    uart.o(.text.UART2_Send_Byte) refers to uart.o(.text.UART2_TX_Int_Clr) for UART2_TX_Int_Clr
    uart.o(.text.UART2_Send_Byte) refers to uart.o(.text.UART2_Buffer_Set) for UART2_Buffer_Set
    uart.o(.ARM.exidx.text.UART2_Send_Byte) refers to uart.o(.text.UART2_Send_Byte) for [Anonymous Symbol]
    uart.o(.text.UART2_isByteTransmitted) refers to uart.o(.text.UART2_TX_Sts) for UART2_TX_Sts
    uart.o(.ARM.exidx.text.UART2_isByteTransmitted) refers to uart.o(.text.UART2_isByteTransmitted) for [Anonymous Symbol]
    uart.o(.text.stdin_getchar) refers to uart.o(.text.UART2_isByteReceived) for UART2_isByteReceived
    uart.o(.text.stdin_getchar) refers to wdt1.o(.text.WDT1_Service) for WDT1_Service
    uart.o(.text.stdin_getchar) refers to uart.o(.text.UART2_Get_Byte) for UART2_Get_Byte
    uart.o(.ARM.exidx.text.stdin_getchar) refers to uart.o(.text.stdin_getchar) for [Anonymous Symbol]
    uart.o(.text.UART2_isByteReceived) refers to uart.o(.text.UART2_RX_Sts) for UART2_RX_Sts
    uart.o(.ARM.exidx.text.UART2_isByteReceived) refers to uart.o(.text.UART2_isByteReceived) for [Anonymous Symbol]
    uart.o(.text.UART2_Get_Byte) refers to uart.o(.text.UART2_RX_Int_Clr) for UART2_RX_Int_Clr
    uart.o(.text.UART2_Get_Byte) refers to uart.o(.text.UART2_Buffer_Get) for UART2_Buffer_Get
    uart.o(.ARM.exidx.text.UART2_Get_Byte) refers to uart.o(.text.UART2_Get_Byte) for [Anonymous Symbol]
    uart.o(.text.ttywrch) refers to uart.o(.text.stdout_putchar) for stdout_putchar
    uart.o(.ARM.exidx.text.ttywrch) refers to uart.o(.text.ttywrch) for [Anonymous Symbol]
    uart.o(.ARM.exidx.text.Field_Mod8) refers to uart.o(.text.Field_Mod8) for [Anonymous Symbol]
    uart.o(.ARM.exidx.text.Field_Wrt8all) refers to uart.o(.text.Field_Wrt8all) for [Anonymous Symbol]
    uart.o(.text.UART2_TX_Int_Clr) refers to uart.o(.text.Field_Wrt8) for Field_Wrt8
    uart.o(.ARM.exidx.text.UART2_TX_Int_Clr) refers to uart.o(.text.UART2_TX_Int_Clr) for [Anonymous Symbol]
    uart.o(.text.UART2_Buffer_Set) refers to uart.o(.text.Field_Wrt8) for Field_Wrt8
    uart.o(.ARM.exidx.text.UART2_Buffer_Set) refers to uart.o(.text.UART2_Buffer_Set) for [Anonymous Symbol]
    uart.o(.ARM.exidx.text.Field_Wrt8) refers to uart.o(.text.Field_Wrt8) for [Anonymous Symbol]
    uart.o(.text.UART2_TX_Sts) refers to uart.o(.text.u1_Field_Rd8) for u1_Field_Rd8
    uart.o(.ARM.exidx.text.UART2_TX_Sts) refers to uart.o(.text.UART2_TX_Sts) for [Anonymous Symbol]
    uart.o(.ARM.exidx.text.u1_Field_Rd8) refers to uart.o(.text.u1_Field_Rd8) for [Anonymous Symbol]
    uart.o(.text.UART2_RX_Sts) refers to uart.o(.text.u1_Field_Rd8) for u1_Field_Rd8
    uart.o(.ARM.exidx.text.UART2_RX_Sts) refers to uart.o(.text.UART2_RX_Sts) for [Anonymous Symbol]
    uart.o(.text.UART2_RX_Int_Clr) refers to uart.o(.text.Field_Wrt8) for Field_Wrt8
    uart.o(.ARM.exidx.text.UART2_RX_Int_Clr) refers to uart.o(.text.UART2_RX_Int_Clr) for [Anonymous Symbol]
    uart.o(.text.UART2_Buffer_Get) refers to uart.o(.text.u8_Field_Rd8) for u8_Field_Rd8
    uart.o(.ARM.exidx.text.UART2_Buffer_Get) refers to uart.o(.text.UART2_Buffer_Get) for [Anonymous Symbol]
    uart.o(.ARM.exidx.text.u8_Field_Rd8) refers to uart.o(.text.u8_Field_Rd8) for [Anonymous Symbol]
    wdt1.o(.text.WDT1_Init) refers to wdt1.o(.bss.WD_Counter) for WD_Counter
    wdt1.o(.text.WDT1_Init) refers to wdt1.o(.bss.bSOWactive) for bSOWactive
    wdt1.o(.ARM.exidx.text.WDT1_Init) refers to wdt1.o(.text.WDT1_Init) for [Anonymous Symbol]
    wdt1.o(.ARM.exidx.text.SysTick_Init) refers to wdt1.o(.text.SysTick_Init) for [Anonymous Symbol]
    wdt1.o(.ARM.exidx.text.WDT1_Stop) refers to wdt1.o(.text.WDT1_Stop) for [Anonymous Symbol]
    wdt1.o(.text.WDT1_Service) refers to wdt1.o(.bss.WD_Counter) for WD_Counter
    wdt1.o(.text.WDT1_Service) refers to wdt1.o(.bss.bSOWactive) for bSOWactive
    wdt1.o(.ARM.exidx.text.WDT1_Service) refers to wdt1.o(.text.WDT1_Service) for [Anonymous Symbol]
    wdt1.o(.text.WDT1_SOW_Service) refers to wdt1.o(.bss.bSOWactive) for bSOWactive
    wdt1.o(.ARM.exidx.text.WDT1_SOW_Service) refers to wdt1.o(.text.WDT1_SOW_Service) for [Anonymous Symbol]
    wdt1.o(.text.Delay_us) refers to wdt1.o(.text.SysTick_ReloadValue_Get) for SysTick_ReloadValue_Get
    wdt1.o(.text.Delay_us) refers to wdt1.o(.text.SysTick_Value_Get) for SysTick_Value_Get
    wdt1.o(.ARM.exidx.text.Delay_us) refers to wdt1.o(.text.Delay_us) for [Anonymous Symbol]
    wdt1.o(.ARM.exidx.text.SysTick_ReloadValue_Get) refers to wdt1.o(.text.SysTick_ReloadValue_Get) for [Anonymous Symbol]
    wdt1.o(.ARM.exidx.text.SysTick_Value_Get) refers to wdt1.o(.text.SysTick_Value_Get) for [Anonymous Symbol]
    entry.o(.ARM.Collect$$$$00000000) refers (Special) to entry10a.o(.ARM.Collect$$$$0000000D) for __rt_final_cpp
    entry.o(.ARM.Collect$$$$00000000) refers (Special) to entry11a.o(.ARM.Collect$$$$0000000F) for __rt_final_exit
    entry.o(.ARM.Collect$$$$00000000) refers (Special) to entry7b.o(.ARM.Collect$$$$00000008) for _main_clock
    entry.o(.ARM.Collect$$$$00000000) refers (Special) to entry8b.o(.ARM.Collect$$$$0000000A) for _main_cpp_init
    entry.o(.ARM.Collect$$$$00000000) refers (Special) to entry9a.o(.ARM.Collect$$$$0000000B) for _main_init
    entry.o(.ARM.Collect$$$$00000000) refers (Special) to entry5.o(.ARM.Collect$$$$00000004) for _main_scatterload
    entry.o(.ARM.Collect$$$$00000000) refers (Special) to entry2.o(.ARM.Collect$$$$00000001) for _main_stk
    fputs.o(i.fputs) refers to retarget_io.o(.text.fputc) for fputc
    fputs_e.o(.text) refers to retarget_io.o(.text.fputc) for fputc
    printfa.o(i.__0fprintf) refers (Special) to iusefp.o(.text) for __I$use$fp
    printfa.o(i.__0fprintf) refers to printfa.o(i._printf_core) for _printf_core
    printfa.o(i.__0fprintf) refers to retarget_io.o(.text.fputc) for fputc
    printfa.o(i.__0printf) refers (Special) to iusefp.o(.text) for __I$use$fp
    printfa.o(i.__0printf) refers to printfa.o(i._printf_core) for _printf_core
    printfa.o(i.__0printf) refers to retarget_io.o(.text.fputc) for fputc
    printfa.o(i.__0printf) refers to stdout.o(.data) for __stdout
    printfa.o(i.__0snprintf) refers (Special) to iusefp.o(.text) for __I$use$fp
    printfa.o(i.__0snprintf) refers to printfa.o(i._printf_core) for _printf_core
    printfa.o(i.__0snprintf) refers to printfa.o(i._snputc) for _snputc
    printfa.o(i.__0sprintf) refers (Special) to iusefp.o(.text) for __I$use$fp
    printfa.o(i.__0sprintf) refers to printfa.o(i._printf_core) for _printf_core
    printfa.o(i.__0sprintf) refers to printfa.o(i._sputc) for _sputc
    printfa.o(i.__0vfprintf) refers (Special) to iusefp.o(.text) for __I$use$fp
    printfa.o(i.__0vfprintf) refers to printfa.o(i._printf_core) for _printf_core
    printfa.o(i.__0vfprintf) refers to retarget_io.o(.text.fputc) for fputc
    printfa.o(i.__0vprintf) refers (Special) to iusefp.o(.text) for __I$use$fp
    printfa.o(i.__0vprintf) refers to printfa.o(i._printf_core) for _printf_core
    printfa.o(i.__0vprintf) refers to retarget_io.o(.text.fputc) for fputc
    printfa.o(i.__0vprintf) refers to stdout.o(.data) for __stdout
    printfa.o(i.__0vsnprintf) refers (Special) to iusefp.o(.text) for __I$use$fp
    printfa.o(i.__0vsnprintf) refers to printfa.o(i._printf_core) for _printf_core
    printfa.o(i.__0vsnprintf) refers to printfa.o(i._snputc) for _snputc
    printfa.o(i.__0vsprintf) refers (Special) to iusefp.o(.text) for __I$use$fp
    printfa.o(i.__0vsprintf) refers to printfa.o(i._printf_core) for _printf_core
    printfa.o(i.__0vsprintf) refers to printfa.o(i._sputc) for _sputc
    printfa.o(i._fp_digits) refers (Special) to iusefp.o(.text) for __I$use$fp
    printfa.o(i._fp_digits) refers to dmul.o(.text) for __aeabi_dmul
    printfa.o(i._fp_digits) refers to ddiv.o(.text) for __aeabi_ddiv
    printfa.o(i._fp_digits) refers to cdrcmple.o(.text) for __aeabi_cdrcmple
    printfa.o(i._fp_digits) refers to dadd.o(.text) for __aeabi_dadd
    printfa.o(i._fp_digits) refers to dfixul.o(.text) for __aeabi_d2ulz
    printfa.o(i._fp_digits) refers to uldiv.o(.text) for __aeabi_uldivmod
    printfa.o(i._printf_core) refers (Special) to iusefp.o(.text) for __I$use$fp
    printfa.o(i._printf_core) refers to printfa.o(i._printf_pre_padding) for _printf_pre_padding
    printfa.o(i._printf_core) refers to uldiv.o(.text) for __aeabi_uldivmod
    printfa.o(i._printf_core) refers to printfa.o(i._printf_post_padding) for _printf_post_padding
    printfa.o(i._printf_core) refers to printfa.o(i._fp_digits) for _fp_digits
    printfa.o(i._printf_core) refers to uidiv.o(.text) for __aeabi_uidivmod
    printfa.o(i._printf_post_padding) refers (Special) to iusefp.o(.text) for __I$use$fp
    printfa.o(i._printf_pre_padding) refers (Special) to iusefp.o(.text) for __I$use$fp
    printfa.o(i._snputc) refers (Special) to iusefp.o(.text) for __I$use$fp
    printfa.o(i._sputc) refers (Special) to iusefp.o(.text) for __I$use$fp
    entry2.o(.ARM.Collect$$$$00000001) refers to entry2.o(.ARM.Collect$$$$00002712) for __lit__00000000
    entry2.o(.ARM.Collect$$$$00002712) refers to startup_tle987x.o(STACK) for __initial_sp
    entry2.o(__vectab_stack_and_reset_area) refers to startup_tle987x.o(STACK) for __initial_sp
    entry2.o(__vectab_stack_and_reset_area) refers to entry.o(.ARM.Collect$$$$00000000) for __main
    entry5.o(.ARM.Collect$$$$00000004) refers to init.o(.text) for __scatterload
    entry9a.o(.ARM.Collect$$$$0000000B) refers to main.o(.text.main) for main
    entry9b.o(.ARM.Collect$$$$0000000C) refers to main.o(.text.main) for main
    uldiv.o(.text) refers to llushr.o(.text) for __aeabi_llsr
    uldiv.o(.text) refers to llshl.o(.text) for __aeabi_llsl
    dadd.o(.text) refers (Special) to iusefp.o(.text) for __I$use$fp
    dadd.o(.text) refers to llshl.o(.text) for __aeabi_llsl
    dadd.o(.text) refers to llsshr.o(.text) for __aeabi_lasr
    dadd.o(.text) refers to depilogue.o(.text) for _double_epilogue
    dmul.o(.text) refers (Special) to iusefp.o(.text) for __I$use$fp
    dmul.o(.text) refers to depilogue.o(.text) for _double_epilogue
    ddiv.o(.text) refers (Special) to iusefp.o(.text) for __I$use$fp
    ddiv.o(.text) refers to depilogue.o(.text) for _double_round
    dfixul.o(.text) refers (Special) to iusefp.o(.text) for __I$use$fp
    dfixul.o(.text) refers to llushr.o(.text) for __aeabi_llsr
    dfixul.o(.text) refers to llshl.o(.text) for __aeabi_llsl
    cdrcmple.o(.text) refers (Special) to iusefp.o(.text) for __I$use$fp
    init.o(.text) refers to entry5.o(.ARM.Collect$$$$00000004) for __main_after_scatterload
    depilogue.o(.text) refers (Special) to iusefp.o(.text) for __I$use$fp
    depilogue.o(.text) refers to llshl.o(.text) for __aeabi_llsl
    depilogue.o(.text) refers to llushr.o(.text) for __aeabi_llsr


==============================================================================

Removing Unused input sections from the image.

    Removing main.o(.text), (0 bytes).
    Removing main.o(.ARM.exidx.text.main), (8 bytes).
    Removing main.o(.ARM.exidx.text.CCU6_StartTmr_T13), (8 bytes).
    Removing main.o(.ARM.exidx.text.Task_1ms), (8 bytes).
    Removing main.o(.ARM.exidx.text.Poti_Handler), (8 bytes).
    Removing main.o(.ARM.exidx.text.CCU6_T13_Start), (8 bytes).
    Removing main.o(.ARM.exidx.text.Field_Wrt16), (8 bytes).
    Removing main.o(.ARM.use_no_argv), (4 bytes).
    Removing retarget_io.o(.text), (0 bytes).
    Removing retarget_io.o(.ARM.exidx.text.fputc), (8 bytes).
    Removing retarget_io.o(.text.fgetc), (110 bytes).
    Removing retarget_io.o(.ARM.exidx.text.fgetc), (8 bytes).
    Removing retarget_io.o(.text.__backspace), (76 bytes).
    Removing retarget_io.o(.ARM.exidx.text.__backspace), (8 bytes).
    Removing retarget_io.o(.text.__aeabi_assert), (188 bytes).
    Removing retarget_io.o(.ARM.exidx.text.__aeabi_assert), (8 bytes).
    Removing retarget_io.o(.text.abort), (4 bytes).
    Removing retarget_io.o(.ARM.exidx.text.abort), (8 bytes).
    Removing retarget_io.o(.bss.getchar_undo), (4 bytes).
    Removing retarget_io.o(.data.getchar_ch), (4 bytes).
    Removing retarget_io.o(.rodata.str1.1), (39 bytes).
    Removing adc1.o(.text), (0 bytes).
    Removing adc1.o(.ARM.exidx.text.ADC1_Init), (8 bytes).
    Removing adc1.o(.ARM.exidx.text.ADC1_ANON_Set), (8 bytes).
    Removing adc1.o(.ARM.exidx.text.ADC1_Power_On), (8 bytes).
    Removing adc1.o(.text.VAREF_Enable), (276 bytes).
    Removing adc1.o(.ARM.exidx.text.VAREF_Enable), (8 bytes).
    Removing adc1.o(.text.ADC1_GetChResult), (120 bytes).
    Removing adc1.o(.ARM.exidx.text.ADC1_GetChResult), (8 bytes).
    Removing adc1.o(.ARM.exidx.text.u1_Field_Rd32), (8 bytes).
    Removing adc1.o(.ARM.exidx.text.u16_Field_Rd32), (8 bytes).
    Removing adc1.o(.text.ADC1_GetChResult_mV), (178 bytes).
    Removing adc1.o(.ARM.exidx.text.ADC1_GetChResult_mV), (8 bytes).
    Removing adc1.o(.ARM.exidx.text.ADC1_VDH_Attenuator_Range_Get), (8 bytes).
    Removing adc1.o(.ARM.exidx.text.ADC1_GetEIMResult), (8 bytes).
    Removing adc1.o(.ARM.exidx.text.ADC1_GetEIMResult_mV), (8 bytes).
    Removing adc1.o(.ARM.exidx.text.u8_Field_Rd32), (8 bytes).
    Removing adc1.o(.ARM.exidx.text.Field_Mod32), (8 bytes).
    Removing adc2.o(.text), (0 bytes).
    Removing adc2.o(.ARM.exidx.text.ADC2_Init), (8 bytes).
    Removing bootrom.o(.text), (0 bytes).
    Removing bootrom.o(.text.ProgramPage), (174 bytes).
    Removing bootrom.o(.ARM.exidx.text.ProgramPage), (8 bytes).
    Removing bootrom.o(.text.CMSIS_Irq_Dis), (4 bytes).
    Removing bootrom.o(.ARM.exidx.text.CMSIS_Irq_Dis), (8 bytes).
    Removing bootrom.o(.text.CMSIS_Irq_En), (4 bytes).
    Removing bootrom.o(.ARM.exidx.text.CMSIS_Irq_En), (8 bytes).
    Removing bootrom.o(.text.GetCustomerID), (52 bytes).
    Removing bootrom.o(.ARM.exidx.text.GetCustomerID), (8 bytes).
    Removing bootrom.o(.rodata.USER_CFLASH_WR_PROT_DIS), (4 bytes).
    Removing bootrom.o(.rodata.USER_CFLASH_RD_PROT_EN), (4 bytes).
    Removing bootrom.o(.rodata.USER_CFLASH_RD_PROT_DIS), (4 bytes).
    Removing bootrom.o(.rodata.USER_DFLASH_WR_PROT_EN), (4 bytes).
    Removing bootrom.o(.rodata.USER_DFLASH_WR_PROT_DIS), (4 bytes).
    Removing bootrom.o(.rodata.USER_DFLASH_RD_PROT_EN), (4 bytes).
    Removing bootrom.o(.rodata.USER_DFLASH_RD_PROT_DIS), (4 bytes).
    Removing bootrom.o(.rodata.USER_OPENAB), (4 bytes).
    Removing bootrom.o(.rodata.USER_PROG), (4 bytes).
    Removing bootrom.o(.rodata.USER_ERASEPG), (4 bytes).
    Removing bootrom.o(.rodata.USER_ABORTPROG), (4 bytes).
    Removing bootrom.o(.rodata.USER_NVMRDY), (4 bytes).
    Removing bootrom.o(.rodata.USER_READ_CAL), (4 bytes).
    Removing bootrom.o(.rodata.USER_NVM_CONFIG), (4 bytes).
    Removing bootrom.o(.rodata.USER_NVM_ECC2ADDR), (4 bytes).
    Removing bootrom.o(.rodata.USER_MAPRAM_INIT), (4 bytes).
    Removing bootrom.o(.rodata.USER_READ_100TP), (4 bytes).
    Removing bootrom.o(.rodata.USER_100TP_PROG), (4 bytes).
    Removing bootrom.o(.rodata.USER_ERASE_SECTOR), (4 bytes).
    Removing bootrom.o(.rodata.USER_RAM_MBIST_START), (4 bytes).
    Removing bootrom.o(.rodata.USER_NVM_ECC_CHECK), (4 bytes).
    Removing bootrom.o(.rodata.USER_ECC_CHECK), (4 bytes).
    Removing ccu6.o(.text), (0 bytes).
    Removing ccu6.o(.ARM.exidx.text.CCU6_Init), (8 bytes).
    Removing ccu6.o(.ARM.exidx.text.CCU6_T12_Str_En), (8 bytes).
    Removing ccu6.o(.ARM.exidx.text.CCU6_T13_Str_En), (8 bytes).
    Removing ccu6.o(.ARM.exidx.text.Field_Wrt16), (8 bytes).
    Removing int.o(.text), (0 bytes).
    Removing int.o(.ARM.exidx.text.INT_Init), (8 bytes).
    Removing isr.o(.text), (0 bytes).
    Removing isr.o(.ARM.exidx.text.ADC1_IRQHandler), (8 bytes).
    Removing isr.o(.ARM.exidx.text.ADC1_EIM_Int_Clr), (8 bytes).
    Removing isr.o(.ARM.exidx.text.HardFault_Handler), (8 bytes).
    Removing isr.o(.ARM.exidx.text.MemManage_Handler), (8 bytes).
    Removing isr.o(.ARM.exidx.text.BusFault_Handler), (8 bytes).
    Removing isr.o(.ARM.exidx.text.UsageFault_Handler), (8 bytes).
    Removing isr.o(.ARM.exidx.text.SysTick_Handler), (8 bytes).
    Removing isr.o(.ARM.exidx.text.WDT1_Window_Count), (8 bytes).
    Removing isr.o(.ARM.exidx.text.Field_Wrt32), (8 bytes).
    Removing lin.o(.text), (0 bytes).
    Removing lin.o(.ARM.exidx.text.LIN_Init), (8 bytes).
    Removing pmu.o(.text), (0 bytes).
    Removing pmu.o(.ARM.exidx.text.PMU_Init), (8 bytes).
    Removing pmu.o(.text.PMU_VDDEXT_On), (164 bytes).
    Removing pmu.o(.ARM.exidx.text.PMU_VDDEXT_On), (8 bytes).
    Removing pmu.o(.text.CMSIS_Irq_Dis), (4 bytes).
    Removing pmu.o(.ARM.exidx.text.CMSIS_Irq_Dis), (8 bytes).
    Removing pmu.o(.text.CMSIS_Irq_En), (4 bytes).
    Removing pmu.o(.ARM.exidx.text.CMSIS_Irq_En), (8 bytes).
    Removing port.o(.text), (0 bytes).
    Removing port.o(.ARM.exidx.text.PORT_Init), (8 bytes).
    Removing port.o(.text.PORT_ChangePin), (264 bytes).
    Removing port.o(.ARM.exidx.text.PORT_ChangePin), (8 bytes).
    Removing port.o(.text.CMSIS_Irq_Dis), (4 bytes).
    Removing port.o(.ARM.exidx.text.CMSIS_Irq_Dis), (8 bytes).
    Removing port.o(.text.Field_Clr8), (26 bytes).
    Removing port.o(.ARM.exidx.text.Field_Clr8), (8 bytes).
    Removing port.o(.text.Field_Mod8), (48 bytes).
    Removing port.o(.ARM.exidx.text.Field_Mod8), (8 bytes).
    Removing port.o(.text.Field_Inv8), (26 bytes).
    Removing port.o(.ARM.exidx.text.Field_Inv8), (8 bytes).
    Removing port.o(.text.CMSIS_Irq_En), (4 bytes).
    Removing port.o(.ARM.exidx.text.CMSIS_Irq_En), (8 bytes).
    Removing port.o(.text.PORT_ReadPin), (84 bytes).
    Removing port.o(.ARM.exidx.text.PORT_ReadPin), (8 bytes).
    Removing port.o(.text.u8_Field_Rd8), (34 bytes).
    Removing port.o(.ARM.exidx.text.u8_Field_Rd8), (8 bytes).
    Removing port.o(.text.PORT_ReadPort), (70 bytes).
    Removing port.o(.ARM.exidx.text.PORT_ReadPort), (8 bytes).
    Removing port.o(.text.PORT_ChangePinAlt), (160 bytes).
    Removing port.o(.ARM.exidx.text.PORT_ChangePinAlt), (8 bytes).
    Removing port.o(.rodata..L__const.PORT_ReadPort.PortMsk), (3 bytes).
    Removing scu.o(.text), (0 bytes).
    Removing scu.o(.ARM.exidx.text.SCU_ClkInit), (8 bytes).
    Removing scu.o(.ARM.exidx.text.CMSIS_Irq_Dis), (8 bytes).
    Removing scu.o(.ARM.exidx.text.Field_Mod8), (8 bytes).
    Removing scu.o(.ARM.exidx.text.PLL_setfSYStoLPCLK), (8 bytes).
    Removing scu.o(.ARM.exidx.text.PLL_setK1divToOne), (8 bytes).
    Removing scu.o(.ARM.exidx.text.PLL_setPrescalerMode), (8 bytes).
    Removing scu.o(.ARM.exidx.text.PLL_setOscTrim), (8 bytes).
    Removing scu.o(.ARM.exidx.text.PLL_setNdivFromConfigWizard), (8 bytes).
    Removing scu.o(.ARM.exidx.text.PLL_setVcoselK2divFromConfigWizard), (8 bytes).
    Removing scu.o(.ARM.exidx.text.PLL_resetPllLockDetection), (8 bytes).
    Removing scu.o(.ARM.exidx.text.PLL_waitForPllLock), (8 bytes).
    Removing scu.o(.ARM.exidx.text.PLL_setNormalMode), (8 bytes).
    Removing scu.o(.ARM.exidx.text.PLL_setfSYStofPLL), (8 bytes).
    Removing scu.o(.ARM.exidx.text.Field_Wrt8all), (8 bytes).
    Removing scu.o(.ARM.exidx.text.SCU_toggleAPCLK_SET), (8 bytes).
    Removing scu.o(.ARM.exidx.text.SCU_OpenPASSWD), (8 bytes).
    Removing scu.o(.ARM.exidx.text.SCU_ClosePASSWD), (8 bytes).
    Removing scu.o(.ARM.exidx.text.CMSIS_Irq_En), (8 bytes).
    Removing scu.o(.ARM.exidx.text.SCU_Init), (8 bytes).
    Removing scu.o(.text.SCU_EnterSlowMode), (208 bytes).
    Removing scu.o(.ARM.exidx.text.SCU_EnterSlowMode), (8 bytes).
    Removing scu.o(.text.SysTick_ReloadValue_Set), (20 bytes).
    Removing scu.o(.ARM.exidx.text.SysTick_ReloadValue_Set), (8 bytes).
    Removing scu.o(.text.SCU_ExitSlowMode), (82 bytes).
    Removing scu.o(.ARM.exidx.text.SCU_ExitSlowMode), (8 bytes).
    Removing scu.o(.text.SCU_ChangeNVMProtection), (274 bytes).
    Removing scu.o(.ARM.exidx.text.SCU_ChangeNVMProtection), (8 bytes).
    Removing scu.o(.ARM.exidx.text.u1_Field_Rd8), (8 bytes).
    Removing scu.o(.ARM.exidx.text.CMSIS_NOP), (8 bytes).
    Removing scu.o(.data.SystemFrequency), (4 bytes).
    Removing scu.o(.rodata.cst32), (32 bytes).
    Removing startup_tle987x.o(HEAP), (0 bytes).
    Removing system_tle987x.o(.text), (0 bytes).
    Removing system_tle987x.o(.ARM.exidx.text.SystemInit), (8 bytes).
    Removing tle_device.o(.text), (0 bytes).
    Removing tle_device.o(.ARM.exidx.text.TLE_Init), (8 bytes).
    Removing uart.o(.text), (0 bytes).
    Removing uart.o(.ARM.exidx.text.UART1_Init), (8 bytes).
    Removing uart.o(.text.UART1_BaudRate_Set), (86 bytes).
    Removing uart.o(.ARM.exidx.text.UART1_BaudRate_Set), (8 bytes).
    Removing uart.o(.text.UART1_BaudRateGen_Dis), (22 bytes).
    Removing uart.o(.ARM.exidx.text.UART1_BaudRateGen_Dis), (8 bytes).
    Removing uart.o(.text.UART1_BaudRate_Value_Set), (44 bytes).
    Removing uart.o(.ARM.exidx.text.UART1_BaudRate_Value_Set), (8 bytes).
    Removing uart.o(.text.UART1_BaudRateGen_En), (22 bytes).
    Removing uart.o(.ARM.exidx.text.UART1_BaudRateGen_En), (8 bytes).
    Removing uart.o(.ARM.exidx.text.UART2_Init), (8 bytes).
    Removing uart.o(.text.UART2_BaudRate_Set), (86 bytes).
    Removing uart.o(.ARM.exidx.text.UART2_BaudRate_Set), (8 bytes).
    Removing uart.o(.text.UART2_BaudRateGen_Dis), (22 bytes).
    Removing uart.o(.ARM.exidx.text.UART2_BaudRateGen_Dis), (8 bytes).
    Removing uart.o(.text.UART2_BaudRate_Value_Set), (44 bytes).
    Removing uart.o(.ARM.exidx.text.UART2_BaudRate_Value_Set), (8 bytes).
    Removing uart.o(.text.UART2_BaudRateGen_En), (22 bytes).
    Removing uart.o(.ARM.exidx.text.UART2_BaudRateGen_En), (8 bytes).
    Removing uart.o(.ARM.exidx.text.stdout_putchar), (8 bytes).
    Removing uart.o(.ARM.exidx.text.UART2_Send_Byte), (8 bytes).
    Removing uart.o(.ARM.exidx.text.UART2_isByteTransmitted), (8 bytes).
    Removing uart.o(.text.stdin_getchar), (24 bytes).
    Removing uart.o(.ARM.exidx.text.stdin_getchar), (8 bytes).
    Removing uart.o(.text.UART2_isByteReceived), (40 bytes).
    Removing uart.o(.ARM.exidx.text.UART2_isByteReceived), (8 bytes).
    Removing uart.o(.text.UART2_Get_Byte), (12 bytes).
    Removing uart.o(.ARM.exidx.text.UART2_Get_Byte), (8 bytes).
    Removing uart.o(.text.ttywrch), (16 bytes).
    Removing uart.o(.ARM.exidx.text.ttywrch), (8 bytes).
    Removing uart.o(.text.Field_Mod8), (48 bytes).
    Removing uart.o(.ARM.exidx.text.Field_Mod8), (8 bytes).
    Removing uart.o(.text.Field_Wrt8all), (20 bytes).
    Removing uart.o(.ARM.exidx.text.Field_Wrt8all), (8 bytes).
    Removing uart.o(.ARM.exidx.text.UART2_TX_Int_Clr), (8 bytes).
    Removing uart.o(.ARM.exidx.text.UART2_Buffer_Set), (8 bytes).
    Removing uart.o(.ARM.exidx.text.Field_Wrt8), (8 bytes).
    Removing uart.o(.ARM.exidx.text.UART2_TX_Sts), (8 bytes).
    Removing uart.o(.ARM.exidx.text.u1_Field_Rd8), (8 bytes).
    Removing uart.o(.text.UART2_RX_Sts), (20 bytes).
    Removing uart.o(.ARM.exidx.text.UART2_RX_Sts), (8 bytes).
    Removing uart.o(.text.UART2_RX_Int_Clr), (22 bytes).
    Removing uart.o(.ARM.exidx.text.UART2_RX_Int_Clr), (8 bytes).
    Removing uart.o(.text.UART2_Buffer_Get), (20 bytes).
    Removing uart.o(.ARM.exidx.text.UART2_Buffer_Get), (8 bytes).
    Removing uart.o(.text.u8_Field_Rd8), (34 bytes).
    Removing uart.o(.ARM.exidx.text.u8_Field_Rd8), (8 bytes).
    Removing uart.o(.bss.uart1), (4 bytes).
    Removing wdt1.o(.text), (0 bytes).
    Removing wdt1.o(.ARM.exidx.text.WDT1_Init), (8 bytes).
    Removing wdt1.o(.ARM.exidx.text.SysTick_Init), (8 bytes).
    Removing wdt1.o(.text.WDT1_Stop), (18 bytes).
    Removing wdt1.o(.ARM.exidx.text.WDT1_Stop), (8 bytes).
    Removing wdt1.o(.ARM.exidx.text.WDT1_Service), (8 bytes).
    Removing wdt1.o(.ARM.exidx.text.WDT1_SOW_Service), (8 bytes).
    Removing wdt1.o(.text.Delay_us), (254 bytes).
    Removing wdt1.o(.ARM.exidx.text.Delay_us), (8 bytes).
    Removing wdt1.o(.text.SysTick_ReloadValue_Get), (12 bytes).
    Removing wdt1.o(.ARM.exidx.text.SysTick_ReloadValue_Get), (8 bytes).
    Removing wdt1.o(.text.SysTick_Value_Get), (12 bytes).
    Removing wdt1.o(.ARM.exidx.text.SysTick_Value_Get), (8 bytes).

219 unused section(s) (total 4720 bytes) removed from the image.

==============================================================================

Image Symbol Table

    Local Symbols

    Symbol Name                              Value     Ov Type        Size  Object(Section)

    ../clib/division.s                       0x00000000   Number         0  aeabi_sdiv.o ABSOLUTE
    ../clib/microlib/division.c              0x00000000   Number         0  uidiv.o ABSOLUTE
    ../clib/microlib/division.c              0x00000000   Number         0  uldiv.o ABSOLUTE
    ../clib/microlib/init/entry.s            0x00000000   Number         0  entry.o ABSOLUTE
    ../clib/microlib/init/entry.s            0x00000000   Number         0  entry2.o ABSOLUTE
    ../clib/microlib/init/entry.s            0x00000000   Number         0  entry5.o ABSOLUTE
    ../clib/microlib/init/entry.s            0x00000000   Number         0  entry7a.o ABSOLUTE
    ../clib/microlib/init/entry.s            0x00000000   Number         0  entry7b.o ABSOLUTE
    ../clib/microlib/init/entry.s            0x00000000   Number         0  entry8a.o ABSOLUTE
    ../clib/microlib/init/entry.s            0x00000000   Number         0  entry8b.o ABSOLUTE
    ../clib/microlib/init/entry.s            0x00000000   Number         0  entry9a.o ABSOLUTE
    ../clib/microlib/init/entry.s            0x00000000   Number         0  entry9b.o ABSOLUTE
    ../clib/microlib/init/entry.s            0x00000000   Number         0  entry10a.o ABSOLUTE
    ../clib/microlib/init/entry.s            0x00000000   Number         0  entry10b.o ABSOLUTE
    ../clib/microlib/init/entry.s            0x00000000   Number         0  entry11a.o ABSOLUTE
    ../clib/microlib/init/entry.s            0x00000000   Number         0  entry11b.o ABSOLUTE
    ../clib/microlib/longlong.c              0x00000000   Number         0  llshl.o ABSOLUTE
    ../clib/microlib/longlong.c              0x00000000   Number         0  llushr.o ABSOLUTE
    ../clib/microlib/longlong.c              0x00000000   Number         0  llsshr.o ABSOLUTE
    ../clib/microlib/printf/printf.c         0x00000000   Number         0  printfa.o ABSOLUTE
    ../clib/microlib/stdio/fputs.c           0x00000000   Number         0  fputs.o ABSOLUTE
    ../clib/microlib/stdio/fputs.c           0x00000000   Number         0  fputs_e.o ABSOLUTE
    ../clib/microlib/stdio/streams.c         0x00000000   Number         0  stdin.o ABSOLUTE
    ../clib/microlib/stdio/streams.c         0x00000000   Number         0  stdout.o ABSOLUTE
    ../clib/microlib/stdio/streams.c         0x00000000   Number         0  stderr.o ABSOLUTE
    ../clib/microlib/string/memcpy.c         0x00000000   Number         0  memcpya.o ABSOLUTE
    ../clib/microlib/string/memcpy.c         0x00000000   Number         0  memcpyb.o ABSOLUTE
    ../clib/microlib/stubs.s                 0x00000000   Number         0  iusefp.o ABSOLUTE
    ../fplib/microlib/fpadd.c                0x00000000   Number         0  dadd.o ABSOLUTE
    ../fplib/microlib/fpdiv.c                0x00000000   Number         0  ddiv.o ABSOLUTE
    ../fplib/microlib/fpepilogue.c           0x00000000   Number         0  depilogue.o ABSOLUTE
    ../fplib/microlib/fpfix.c                0x00000000   Number         0  dfixul.o ABSOLUTE
    ../fplib/microlib/fpmul.c                0x00000000   Number         0  dmul.o ABSOLUTE
    RTE/Device/TLE9879QXA40/startup_tle987x.S 0x00000000   Number         0  startup_tle987x.o ABSOLUTE
    adc1.c                                   0x00000000   Number         0  adc1.o ABSOLUTE
    adc2.c                                   0x00000000   Number         0  adc2.o ABSOLUTE
    bootrom.c                                0x00000000   Number         0  bootrom.o ABSOLUTE
    ccu6.c                                   0x00000000   Number         0  ccu6.o ABSOLUTE
    cdrcmple.s                               0x00000000   Number         0  cdrcmple.o ABSOLUTE
    dc.s                                     0x00000000   Number         0  dc.o ABSOLUTE
    handlers.s                               0x00000000   Number         0  handlers.o ABSOLUTE
    init.s                                   0x00000000   Number         0  init.o ABSOLUTE
    int.c                                    0x00000000   Number         0  int.o ABSOLUTE
    isr.c                                    0x00000000   Number         0  isr.o ABSOLUTE
    lin.c                                    0x00000000   Number         0  lin.o ABSOLUTE
    main.c                                   0x00000000   Number         0  main.o ABSOLUTE
    pmu.c                                    0x00000000   Number         0  pmu.o ABSOLUTE
    port.c                                   0x00000000   Number         0  port.o ABSOLUTE
    retarget_io.c                            0x00000000   Number         0  retarget_io.o ABSOLUTE
    scu.c                                    0x00000000   Number         0  scu.o ABSOLUTE
    system_tle987x.c                         0x00000000   Number         0  system_tle987x.o ABSOLUTE
    tle_device.c                             0x00000000   Number         0  tle_device.o ABSOLUTE
    uart.c                                   0x00000000   Number         0  uart.o ABSOLUTE
    wdt1.c                                   0x00000000   Number         0  wdt1.o ABSOLUTE
    RESET                                    0x11000000   Section      128  startup_tle987x.o(RESET)
    .ARM.Collect$$$$00000000                 0x11000080   Section        0  entry.o(.ARM.Collect$$$$00000000)
    .ARM.Collect$$$$00000001                 0x11000080   Section        4  entry2.o(.ARM.Collect$$$$00000001)
    .ARM.Collect$$$$00000004                 0x11000084   Section        4  entry5.o(.ARM.Collect$$$$00000004)
    .ARM.Collect$$$$00000008                 0x11000088   Section        0  entry7b.o(.ARM.Collect$$$$00000008)
    .ARM.Collect$$$$0000000A                 0x11000088   Section        0  entry8b.o(.ARM.Collect$$$$0000000A)
    .ARM.Collect$$$$0000000B                 0x11000088   Section        8  entry9a.o(.ARM.Collect$$$$0000000B)
    __lit__00000000                          0x11000090   Data           4  entry2.o(.ARM.Collect$$$$00002712)
    .ARM.Collect$$$$0000000D                 0x11000090   Section        0  entry10a.o(.ARM.Collect$$$$0000000D)
    .ARM.Collect$$$$0000000F                 0x11000090   Section        0  entry11a.o(.ARM.Collect$$$$0000000F)
    .ARM.Collect$$$$00002712                 0x11000090   Section        4  entry2.o(.ARM.Collect$$$$00002712)
    .text                                    0x11000094   Section       64  startup_tle987x.o(.text)
    SVC_Handler                              0x110000a9   Thumb Code    24  startup_tle987x.o(.text)
    .text                                    0x110000d4   Section        0  uidiv.o(.text)
    .text                                    0x11000100   Section        0  uldiv.o(.text)
    .text                                    0x11000162   Section        0  iusefp.o(.text)
    .text                                    0x11000162   Section        0  dadd.o(.text)
    .text                                    0x110002b0   Section        0  dmul.o(.text)
    .text                                    0x11000394   Section        0  ddiv.o(.text)
    .text                                    0x11000472   Section        0  dfixul.o(.text)
    .text                                    0x110004a4   Section       48  cdrcmple.o(.text)
    .text                                    0x110004d4   Section       36  init.o(.text)
    .text                                    0x110004f8   Section        0  llshl.o(.text)
    .text                                    0x11000516   Section        0  llushr.o(.text)
    .text                                    0x11000536   Section        0  llsshr.o(.text)
    .text                                    0x1100055a   Section        0  depilogue.o(.text)
    ADC1_ANON_Set                            0x11000615   Thumb Code    30  adc1.o(.text.ADC1_ANON_Set)
    [Anonymous Symbol]                       0x11000614   Section        0  adc1.o(.text.ADC1_ANON_Set)
    ADC1_EIM_Int_Clr                         0x11000635   Thumb Code    24  isr.o(.text.ADC1_EIM_Int_Clr)
    [Anonymous Symbol]                       0x11000634   Section        0  isr.o(.text.ADC1_EIM_Int_Clr)
    [Anonymous Symbol]                       0x1100064c   Section        0  adc1.o(.text.ADC1_GetEIMResult)
    [Anonymous Symbol]                       0x110006ac   Section        0  adc1.o(.text.ADC1_GetEIMResult_mV)
    [Anonymous Symbol]                       0x1100076c   Section        0  isr.o(.text.ADC1_IRQHandler)
    [Anonymous Symbol]                       0x110007a0   Section        0  adc1.o(.text.ADC1_Init)
    ADC1_Power_On                            0x110008b1   Thumb Code    18  adc1.o(.text.ADC1_Power_On)
    [Anonymous Symbol]                       0x110008b0   Section        0  adc1.o(.text.ADC1_Power_On)
    ADC1_VDH_Attenuator_Range_Get            0x110008c5   Thumb Code    20  adc1.o(.text.ADC1_VDH_Attenuator_Range_Get)
    [Anonymous Symbol]                       0x110008c4   Section        0  adc1.o(.text.ADC1_VDH_Attenuator_Range_Get)
    [Anonymous Symbol]                       0x110008d8   Section        0  adc2.o(.text.ADC2_Init)
    [Anonymous Symbol]                       0x110008dc   Section        0  isr.o(.text.BusFault_Handler)
    [Anonymous Symbol]                       0x110008e0   Section        0  ccu6.o(.text.CCU6_Init)
    CCU6_StartTmr_T13                        0x110009c1   Thumb Code     8  main.o(.text.CCU6_StartTmr_T13)
    [Anonymous Symbol]                       0x110009c0   Section        0  main.o(.text.CCU6_StartTmr_T13)
    CCU6_T12_Str_En                          0x110009c9   Thumb Code    22  ccu6.o(.text.CCU6_T12_Str_En)
    [Anonymous Symbol]                       0x110009c8   Section        0  ccu6.o(.text.CCU6_T12_Str_En)
    CCU6_T13_Start                           0x110009e1   Thumb Code    24  main.o(.text.CCU6_T13_Start)
    [Anonymous Symbol]                       0x110009e0   Section        0  main.o(.text.CCU6_T13_Start)
    CCU6_T13_Str_En                          0x110009f9   Thumb Code    24  ccu6.o(.text.CCU6_T13_Str_En)
    [Anonymous Symbol]                       0x110009f8   Section        0  ccu6.o(.text.CCU6_T13_Str_En)
    CMSIS_Irq_Dis                            0x11000a11   Thumb Code     4  scu.o(.text.CMSIS_Irq_Dis)
    [Anonymous Symbol]                       0x11000a10   Section        0  scu.o(.text.CMSIS_Irq_Dis)
    CMSIS_Irq_En                             0x11000a15   Thumb Code     4  scu.o(.text.CMSIS_Irq_En)
    [Anonymous Symbol]                       0x11000a14   Section        0  scu.o(.text.CMSIS_Irq_En)
    CMSIS_NOP                                0x11000a19   Thumb Code     4  scu.o(.text.CMSIS_NOP)
    [Anonymous Symbol]                       0x11000a18   Section        0  scu.o(.text.CMSIS_NOP)
    Field_Mod32                              0x11000a1d   Thumb Code    36  adc1.o(.text.Field_Mod32)
    [Anonymous Symbol]                       0x11000a1c   Section        0  adc1.o(.text.Field_Mod32)
    Field_Mod8                               0x11000a41   Thumb Code    48  scu.o(.text.Field_Mod8)
    [Anonymous Symbol]                       0x11000a40   Section        0  scu.o(.text.Field_Mod8)
    Field_Wrt16                              0x11000a71   Thumb Code    40  main.o(.text.Field_Wrt16)
    [Anonymous Symbol]                       0x11000a70   Section        0  main.o(.text.Field_Wrt16)
    Field_Wrt16                              0x11000a99   Thumb Code    40  ccu6.o(.text.Field_Wrt16)
    [Anonymous Symbol]                       0x11000a98   Section        0  ccu6.o(.text.Field_Wrt16)
    Field_Wrt32                              0x11000ac1   Thumb Code    28  isr.o(.text.Field_Wrt32)
    [Anonymous Symbol]                       0x11000ac0   Section        0  isr.o(.text.Field_Wrt32)
    Field_Wrt8                               0x11000add   Thumb Code    40  uart.o(.text.Field_Wrt8)
    [Anonymous Symbol]                       0x11000adc   Section        0  uart.o(.text.Field_Wrt8)
    Field_Wrt8all                            0x11000b05   Thumb Code    20  scu.o(.text.Field_Wrt8all)
    [Anonymous Symbol]                       0x11000b04   Section        0  scu.o(.text.Field_Wrt8all)
    [Anonymous Symbol]                       0x11000b18   Section        0  isr.o(.text.HardFault_Handler)
    [Anonymous Symbol]                       0x11000b1c   Section        0  int.o(.text.INT_Init)
    [Anonymous Symbol]                       0x11000c2c   Section        0  lin.o(.text.LIN_Init)
    [Anonymous Symbol]                       0x11000c30   Section        0  isr.o(.text.MemManage_Handler)
    PLL_resetPllLockDetection                0x11000c35   Thumb Code    22  scu.o(.text.PLL_resetPllLockDetection)
    [Anonymous Symbol]                       0x11000c34   Section        0  scu.o(.text.PLL_resetPllLockDetection)
    PLL_setK1divToOne                        0x11000c4d   Thumb Code    54  scu.o(.text.PLL_setK1divToOne)
    [Anonymous Symbol]                       0x11000c4c   Section        0  scu.o(.text.PLL_setK1divToOne)
    PLL_setNdivFromConfigWizard              0x11000c85   Thumb Code    64  scu.o(.text.PLL_setNdivFromConfigWizard)
    [Anonymous Symbol]                       0x11000c84   Section        0  scu.o(.text.PLL_setNdivFromConfigWizard)
    PLL_setNormalMode                        0x11000cc5   Thumb Code    22  scu.o(.text.PLL_setNormalMode)
    [Anonymous Symbol]                       0x11000cc4   Section        0  scu.o(.text.PLL_setNormalMode)
    PLL_setOscTrim                           0x11000cdd   Thumb Code    66  scu.o(.text.PLL_setOscTrim)
    [Anonymous Symbol]                       0x11000cdc   Section        0  scu.o(.text.PLL_setOscTrim)
    PLL_setPrescalerMode                     0x11000d21   Thumb Code    22  scu.o(.text.PLL_setPrescalerMode)
    [Anonymous Symbol]                       0x11000d20   Section        0  scu.o(.text.PLL_setPrescalerMode)
    PLL_setVcoselK2divFromConfigWizard       0x11000d39   Thumb Code    24  scu.o(.text.PLL_setVcoselK2divFromConfigWizard)
    [Anonymous Symbol]                       0x11000d38   Section        0  scu.o(.text.PLL_setVcoselK2divFromConfigWizard)
    PLL_setfSYStoLPCLK                       0x11000d51   Thumb Code    54  scu.o(.text.PLL_setfSYStoLPCLK)
    [Anonymous Symbol]                       0x11000d50   Section        0  scu.o(.text.PLL_setfSYStoLPCLK)
    PLL_setfSYStofPLL                        0x11000d89   Thumb Code    54  scu.o(.text.PLL_setfSYStofPLL)
    [Anonymous Symbol]                       0x11000d88   Section        0  scu.o(.text.PLL_setfSYStofPLL)
    PLL_waitForPllLock                       0x11000dc1   Thumb Code    28  scu.o(.text.PLL_waitForPllLock)
    [Anonymous Symbol]                       0x11000dc0   Section        0  scu.o(.text.PLL_waitForPllLock)
    [Anonymous Symbol]                       0x11000ddc   Section        0  pmu.o(.text.PMU_Init)
    [Anonymous Symbol]                       0x11000e7c   Section        0  port.o(.text.PORT_Init)
    [Anonymous Symbol]                       0x11000f80   Section        0  main.o(.text.Poti_Handler)
    [Anonymous Symbol]                       0x11000fa4   Section        0  scu.o(.text.SCU_ClkInit)
    SCU_ClosePASSWD                          0x1100107d   Thumb Code    18  scu.o(.text.SCU_ClosePASSWD)
    [Anonymous Symbol]                       0x1100107c   Section        0  scu.o(.text.SCU_ClosePASSWD)
    [Anonymous Symbol]                       0x11001090   Section        0  scu.o(.text.SCU_Init)
    SCU_OpenPASSWD                           0x11001111   Thumb Code    18  scu.o(.text.SCU_OpenPASSWD)
    [Anonymous Symbol]                       0x11001110   Section        0  scu.o(.text.SCU_OpenPASSWD)
    SCU_toggleAPCLK_SET                      0x11001125   Thumb Code    92  scu.o(.text.SCU_toggleAPCLK_SET)
    [Anonymous Symbol]                       0x11001124   Section        0  scu.o(.text.SCU_toggleAPCLK_SET)
    [Anonymous Symbol]                       0x11001180   Section        0  isr.o(.text.SysTick_Handler)
    [Anonymous Symbol]                       0x1100118c   Section        0  wdt1.o(.text.SysTick_Init)
    [Anonymous Symbol]                       0x110011c8   Section        0  system_tle987x.o(.text.SystemInit)
    [Anonymous Symbol]                       0x110011fc   Section        0  tle_device.o(.text.TLE_Init)
    [Anonymous Symbol]                       0x11001228   Section        0  main.o(.text.Task_1ms)
    [Anonymous Symbol]                       0x11001250   Section        0  uart.o(.text.UART1_Init)
    UART2_Buffer_Set                         0x11001255   Thumb Code    32  uart.o(.text.UART2_Buffer_Set)
    [Anonymous Symbol]                       0x11001254   Section        0  uart.o(.text.UART2_Buffer_Set)
    [Anonymous Symbol]                       0x11001274   Section        0  uart.o(.text.UART2_Init)
    UART2_Send_Byte                          0x110012b9   Thumb Code    24  uart.o(.text.UART2_Send_Byte)
    [Anonymous Symbol]                       0x110012b8   Section        0  uart.o(.text.UART2_Send_Byte)
    UART2_TX_Int_Clr                         0x110012d1   Thumb Code    22  uart.o(.text.UART2_TX_Int_Clr)
    [Anonymous Symbol]                       0x110012d0   Section        0  uart.o(.text.UART2_TX_Int_Clr)
    UART2_TX_Sts                             0x110012e9   Thumb Code    20  uart.o(.text.UART2_TX_Sts)
    [Anonymous Symbol]                       0x110012e8   Section        0  uart.o(.text.UART2_TX_Sts)
    UART2_isByteTransmitted                  0x110012fd   Thumb Code    40  uart.o(.text.UART2_isByteTransmitted)
    [Anonymous Symbol]                       0x110012fc   Section        0  uart.o(.text.UART2_isByteTransmitted)
    [Anonymous Symbol]                       0x11001324   Section        0  isr.o(.text.UsageFault_Handler)
    [Anonymous Symbol]                       0x11001328   Section        0  wdt1.o(.text.WDT1_Init)
    [Anonymous Symbol]                       0x1100134c   Section        0  wdt1.o(.text.WDT1_SOW_Service)
    [Anonymous Symbol]                       0x11001374   Section        0  wdt1.o(.text.WDT1_Service)
    WDT1_Window_Count                        0x110013d5   Thumb Code    16  isr.o(.text.WDT1_Window_Count)
    [Anonymous Symbol]                       0x110013d4   Section        0  isr.o(.text.WDT1_Window_Count)
    [Anonymous Symbol]                       0x110013e4   Section        0  retarget_io.o(.text.fputc)
    [Anonymous Symbol]                       0x11001414   Section        0  main.o(.text.main)
    [Anonymous Symbol]                       0x11001448   Section        0  uart.o(.text.stdout_putchar)
    u16_Field_Rd32                           0x11001495   Thumb Code    26  adc1.o(.text.u16_Field_Rd32)
    [Anonymous Symbol]                       0x11001494   Section        0  adc1.o(.text.u16_Field_Rd32)
    u1_Field_Rd32                            0x110014b1   Thumb Code    28  adc1.o(.text.u1_Field_Rd32)
    [Anonymous Symbol]                       0x110014b0   Section        0  adc1.o(.text.u1_Field_Rd32)
    u1_Field_Rd8                             0x110014cd   Thumb Code    38  scu.o(.text.u1_Field_Rd8)
    [Anonymous Symbol]                       0x110014cc   Section        0  scu.o(.text.u1_Field_Rd8)
    u1_Field_Rd8                             0x110014f5   Thumb Code    38  uart.o(.text.u1_Field_Rd8)
    [Anonymous Symbol]                       0x110014f4   Section        0  uart.o(.text.u1_Field_Rd8)
    u8_Field_Rd32                            0x1100151d   Thumb Code    26  adc1.o(.text.u8_Field_Rd32)
    [Anonymous Symbol]                       0x1100151c   Section        0  adc1.o(.text.u8_Field_Rd32)
    i.__0printf                              0x11001538   Section        0  printfa.o(i.__0printf)
    i.__scatterload_copy                     0x11001558   Section       14  handlers.o(i.__scatterload_copy)
    i.__scatterload_null                     0x11001566   Section        2  handlers.o(i.__scatterload_null)
    i.__scatterload_zeroinit                 0x11001568   Section       14  handlers.o(i.__scatterload_zeroinit)
    _fp_digits                               0x11001579   Thumb Code   366  printfa.o(i._fp_digits)
    i._fp_digits                             0x11001578   Section        0  printfa.o(i._fp_digits)
    _printf_core                             0x110016fd   Thumb Code  1744  printfa.o(i._printf_core)
    i._printf_core                           0x110016fc   Section        0  printfa.o(i._printf_core)
    _printf_post_padding                     0x11001dd9   Thumb Code    36  printfa.o(i._printf_post_padding)
    i._printf_post_padding                   0x11001dd8   Section        0  printfa.o(i._printf_post_padding)
    _printf_pre_padding                      0x11001dfd   Thumb Code    46  printfa.o(i._printf_pre_padding)
    i._printf_pre_padding                    0x11001dfc   Section        0  printfa.o(i._printf_pre_padding)
    .L.str                                   0x11001e30   Data          17  main.o(.rodata.str1.1)
    [Anonymous Symbol]                       0x11001e30   Section        0  main.o(.rodata.str1.1)
    __tagsym$$used.0                         0x1101effc   Number         0  system_tle987x.o(.ARM.__at_0x1101EFFC)
    .data                                    0x18000018   Section        4  stdout.o(.data)
    bSOWactive                               0x18000024   Data           1  wdt1.o(.bss.bSOWactive)
    [Anonymous Symbol]                       0x18000024   Section        0  wdt1.o(.bss.bSOWactive)
    mV                                       0x18000026   Data           2  main.o(.bss.mV)
    [Anonymous Symbol]                       0x18000026   Section        0  main.o(.bss.mV)
    ms                                       0x18000028   Data           2  main.o(.bss.ms)
    [Anonymous Symbol]                       0x18000028   Section        0  main.o(.bss.ms)
    uart2                                    0x1800002c   Data           4  uart.o(.bss.uart2)
    [Anonymous Symbol]                       0x1800002c   Section        0  uart.o(.bss.uart2)
    STACK                                    0x18000030   Section      512  startup_tle987x.o(STACK)

    Global Symbols

    Symbol Name                              Value     Ov Type        Size  Object(Section)

    BuildAttributes$$THM_ISAv4$P$D$K$B$S$PE$A:L22UL41UL21$X:L11$S22US41US21$IEEE1$IW$~IW$USESV6$~STKCKD$USESV7$~SHL$OSPACE$ROPI$EBA8$MICROLIB$REQ8$PRES8$EABIv2 0x00000000   Number         0  anon$$obj.o ABSOLUTE
    __cpp_initialize__aeabi_                  - Undefined Weak Reference
    __cxa_finalize                            - Undefined Weak Reference
    __decompress                              - Undefined Weak Reference
    _clock_init                               - Undefined Weak Reference
    _microlib_exit                            - Undefined Weak Reference
    __Vectors_Size                           0x00000080   Number         0  startup_tle987x.o ABSOLUTE
    __Vectors                                0x11000000   Data           4  startup_tle987x.o(RESET)
    __Vectors_End                            0x11000080   Data           0  startup_tle987x.o(RESET)
    __main                                   0x11000081   Thumb Code     0  entry.o(.ARM.Collect$$$$00000000)
    _main_stk                                0x11000081   Thumb Code     0  entry2.o(.ARM.Collect$$$$00000001)
    _main_scatterload                        0x11000085   Thumb Code     0  entry5.o(.ARM.Collect$$$$00000004)
    __main_after_scatterload                 0x11000089   Thumb Code     0  entry5.o(.ARM.Collect$$$$00000004)
    _main_clock                              0x11000089   Thumb Code     0  entry7b.o(.ARM.Collect$$$$00000008)
    _main_cpp_init                           0x11000089   Thumb Code     0  entry8b.o(.ARM.Collect$$$$0000000A)
    _main_init                               0x11000089   Thumb Code     0  entry9a.o(.ARM.Collect$$$$0000000B)
    __rt_final_cpp                           0x11000091   Thumb Code     0  entry10a.o(.ARM.Collect$$$$0000000D)
    __rt_final_exit                          0x11000091   Thumb Code     0  entry11a.o(.ARM.Collect$$$$0000000F)
    Reset_Handler                            0x11000095   Thumb Code     8  startup_tle987x.o(.text)
    SVC_Handler_main                         0x1100009d   Thumb Code     2  startup_tle987x.o(.text)
    NMI_Handler                              0x1100009f   Thumb Code     2  startup_tle987x.o(.text)
    DebugMon_Handler                         0x110000c1   Thumb Code     2  startup_tle987x.o(.text)
    PendSV_Handler                           0x110000c3   Thumb Code     2  startup_tle987x.o(.text)
    ADC2_IRQHandler                          0x110000c7   Thumb Code     0  startup_tle987x.o(.text)
    BDRV_IRQHandler                          0x110000c7   Thumb Code     0  startup_tle987x.o(.text)
    CCU6SR0_IRQHandler                       0x110000c7   Thumb Code     0  startup_tle987x.o(.text)
    CCU6SR1_IRQHandler                       0x110000c7   Thumb Code     0  startup_tle987x.o(.text)
    CCU6SR2_IRQHandler                       0x110000c7   Thumb Code     0  startup_tle987x.o(.text)
    CCU6SR3_IRQHandler                       0x110000c7   Thumb Code     0  startup_tle987x.o(.text)
    DMA_IRQHandler                           0x110000c7   Thumb Code     0  startup_tle987x.o(.text)
    EXINT0_IRQHandler                        0x110000c7   Thumb Code     0  startup_tle987x.o(.text)
    EXINT1_IRQHandler                        0x110000c7   Thumb Code     0  startup_tle987x.o(.text)
    GPT1_IRQHandler                          0x110000c7   Thumb Code     0  startup_tle987x.o(.text)
    GPT2_IRQHandler                          0x110000c7   Thumb Code     0  startup_tle987x.o(.text)
    SSC1_IRQHandler                          0x110000c7   Thumb Code     0  startup_tle987x.o(.text)
    SSC2_IRQHandler                          0x110000c7   Thumb Code     0  startup_tle987x.o(.text)
    UART1_IRQHandler                         0x110000c7   Thumb Code     0  startup_tle987x.o(.text)
    UART2_IRQHandler                         0x110000c7   Thumb Code     0  startup_tle987x.o(.text)
    __aeabi_uidiv                            0x110000d5   Thumb Code     0  uidiv.o(.text)
    __aeabi_uidivmod                         0x110000d5   Thumb Code    44  uidiv.o(.text)
    __aeabi_uldivmod                         0x11000101   Thumb Code    98  uldiv.o(.text)
    __I$use$fp                               0x11000163   Thumb Code     0  iusefp.o(.text)
    __aeabi_dadd                             0x11000163   Thumb Code   322  dadd.o(.text)
    __aeabi_dsub                             0x110002a5   Thumb Code     6  dadd.o(.text)
    __aeabi_drsub                            0x110002ab   Thumb Code     6  dadd.o(.text)
    __aeabi_dmul                             0x110002b1   Thumb Code   228  dmul.o(.text)
    __aeabi_ddiv                             0x11000395   Thumb Code   222  ddiv.o(.text)
    __aeabi_d2ulz                            0x11000473   Thumb Code    48  dfixul.o(.text)
    __aeabi_cdrcmple                         0x110004a5   Thumb Code    48  cdrcmple.o(.text)
    __scatterload                            0x110004d5   Thumb Code    28  init.o(.text)
    __scatterload_rt2                        0x110004d5   Thumb Code     0  init.o(.text)
    __aeabi_llsl                             0x110004f9   Thumb Code    30  llshl.o(.text)
    _ll_shift_l                              0x110004f9   Thumb Code     0  llshl.o(.text)
    __aeabi_llsr                             0x11000517   Thumb Code    32  llushr.o(.text)
    _ll_ushift_r                             0x11000517   Thumb Code     0  llushr.o(.text)
    __aeabi_lasr                             0x11000537   Thumb Code    36  llsshr.o(.text)
    _ll_sshift_r                             0x11000537   Thumb Code     0  llsshr.o(.text)
    _double_round                            0x1100055b   Thumb Code    30  depilogue.o(.text)
    _double_epilogue                         0x11000579   Thumb Code   156  depilogue.o(.text)
    ADC1_GetEIMResult                        0x1100064d   Thumb Code    94  adc1.o(.text.ADC1_GetEIMResult)
    ADC1_GetEIMResult_mV                     0x110006ad   Thumb Code   192  adc1.o(.text.ADC1_GetEIMResult_mV)
    ADC1_IRQHandler                          0x1100076d   Thumb Code    52  isr.o(.text.ADC1_IRQHandler)
    ADC1_Init                                0x110007a1   Thumb Code   270  adc1.o(.text.ADC1_Init)
    ADC2_Init                                0x110008d9   Thumb Code     2  adc2.o(.text.ADC2_Init)
    BusFault_Handler                         0x110008dd   Thumb Code     2  isr.o(.text.BusFault_Handler)
    CCU6_Init                                0x110008e1   Thumb Code   224  ccu6.o(.text.CCU6_Init)
    HardFault_Handler                        0x11000b19   Thumb Code     2  isr.o(.text.HardFault_Handler)
    INT_Init                                 0x11000b1d   Thumb Code   272  int.o(.text.INT_Init)
    LIN_Init                                 0x11000c2d   Thumb Code     2  lin.o(.text.LIN_Init)
    MemManage_Handler                        0x11000c31   Thumb Code     2  isr.o(.text.MemManage_Handler)
    PMU_Init                                 0x11000ddd   Thumb Code   160  pmu.o(.text.PMU_Init)
    PORT_Init                                0x11000e7d   Thumb Code   260  port.o(.text.PORT_Init)
    Poti_Handler                             0x11000f81   Thumb Code    36  main.o(.text.Poti_Handler)
    SCU_ClkInit                              0x11000fa5   Thumb Code   216  scu.o(.text.SCU_ClkInit)
    SCU_Init                                 0x11001091   Thumb Code   126  scu.o(.text.SCU_Init)
    SysTick_Handler                          0x11001181   Thumb Code    12  isr.o(.text.SysTick_Handler)
    SysTick_Init                             0x1100118d   Thumb Code    60  wdt1.o(.text.SysTick_Init)
    SystemInit                               0x110011c9   Thumb Code    52  system_tle987x.o(.text.SystemInit)
    TLE_Init                                 0x110011fd   Thumb Code    44  tle_device.o(.text.TLE_Init)
    Task_1ms                                 0x11001229   Thumb Code    40  main.o(.text.Task_1ms)
    UART1_Init                               0x11001251   Thumb Code     2  uart.o(.text.UART1_Init)
    UART2_Init                               0x11001275   Thumb Code    66  uart.o(.text.UART2_Init)
    UsageFault_Handler                       0x11001325   Thumb Code     2  isr.o(.text.UsageFault_Handler)
    WDT1_Init                                0x11001329   Thumb Code    36  wdt1.o(.text.WDT1_Init)
    WDT1_SOW_Service                         0x1100134d   Thumb Code    38  wdt1.o(.text.WDT1_SOW_Service)
    WDT1_Service                             0x11001375   Thumb Code    96  wdt1.o(.text.WDT1_Service)
    fputc                                    0x110013e5   Thumb Code    48  retarget_io.o(.text.fputc)
    main                                     0x11001415   Thumb Code    50  main.o(.text.main)
    stdout_putchar                           0x11001449   Thumb Code    74  uart.o(.text.stdout_putchar)
    __0printf                                0x11001539   Thumb Code    22  printfa.o(i.__0printf)
    __1printf                                0x11001539   Thumb Code     0  printfa.o(i.__0printf)
    __2printf                                0x11001539   Thumb Code     0  printfa.o(i.__0printf)
    __c89printf                              0x11001539   Thumb Code     0  printfa.o(i.__0printf)
    printf                                   0x11001539   Thumb Code     0  printfa.o(i.__0printf)
    __scatterload_copy                       0x11001559   Thumb Code    14  handlers.o(i.__scatterload_copy)
    __scatterload_null                       0x11001567   Thumb Code     2  handlers.o(i.__scatterload_null)
    __scatterload_zeroinit                   0x11001569   Thumb Code    14  handlers.o(i.__scatterload_zeroinit)
    USER_CFLASH_WR_PROT_EN                   0x11001e2c   Data           4  bootrom.o(.rodata.USER_CFLASH_WR_PROT_EN)
    Region$$Table$$Base                      0x11001e44   Number         0  anon$$obj.o(Region$$Table)
    Region$$Table$$Limit                     0x11001e64   Number         0  anon$$obj.o(Region$$Table)
    p_NACNAD                                 0x1101effc   Data           4  system_tle987x.o(.ARM.__at_0x1101EFFC)
    __stdout                                 0x18000018   Data           4  stdout.o(.data)
    WD_Counter                               0x18000020   Data           4  wdt1.o(.bss.WD_Counter)
    __initial_sp                             0x18000230   Data           0  startup_tle987x.o(STACK)



==============================================================================

Memory Map of the image

  Image Entry point : 0x11000081

  Load Region LR_IROM1 (Base: 0x11000000, Size: 0x00001e70, Max: 0x0001effc, ABSOLUTE)

    Execution Region ER_IROM1 (Exec base: 0x11000000, Load base: 0x11000000, Size: 0x00001e64, Max: 0x0001effc, ABSOLUTE)

    Exec Addr    Load Addr    Size         Type   Attr      Idx    E Section Name        Object

    0x11000000   0x11000000   0x00000080   Data   RO          285    RESET               startup_tle987x.o
    0x11000080   0x11000080   0x00000000   Code   RO          399  * .ARM.Collect$$$$00000000  mc_w.l(entry.o)
    0x11000080   0x11000080   0x00000004   Code   RO          441    .ARM.Collect$$$$00000001  mc_w.l(entry2.o)
    0x11000084   0x11000084   0x00000004   Code   RO          444    .ARM.Collect$$$$00000004  mc_w.l(entry5.o)
    0x11000088   0x11000088   0x00000000   Code   RO          446    .ARM.Collect$$$$00000008  mc_w.l(entry7b.o)
    0x11000088   0x11000088   0x00000000   Code   RO          448    .ARM.Collect$$$$0000000A  mc_w.l(entry8b.o)
    0x11000088   0x11000088   0x00000008   Code   RO          449    .ARM.Collect$$$$0000000B  mc_w.l(entry9a.o)
    0x11000090   0x11000090   0x00000000   Code   RO          451    .ARM.Collect$$$$0000000D  mc_w.l(entry10a.o)
    0x11000090   0x11000090   0x00000000   Code   RO          453    .ARM.Collect$$$$0000000F  mc_w.l(entry11a.o)
    0x11000090   0x11000090   0x00000004   Code   RO          442    .ARM.Collect$$$$00002712  mc_w.l(entry2.o)
    0x11000094   0x11000094   0x00000040   Code   RO          286    .text               startup_tle987x.o
    0x110000d4   0x110000d4   0x0000002c   Code   RO          464    .text               mc_w.l(uidiv.o)
    0x11000100   0x11000100   0x00000062   Code   RO          466    .text               mc_w.l(uldiv.o)
    0x11000162   0x11000162   0x00000000   Code   RO          468    .text               mc_w.l(iusefp.o)
    0x11000162   0x11000162   0x0000014e   Code   RO          469    .text               mf_w.l(dadd.o)
    0x110002b0   0x110002b0   0x000000e4   Code   RO          471    .text               mf_w.l(dmul.o)
    0x11000394   0x11000394   0x000000de   Code   RO          473    .text               mf_w.l(ddiv.o)
    0x11000472   0x11000472   0x00000030   Code   RO          475    .text               mf_w.l(dfixul.o)
    0x110004a2   0x110004a2   0x00000002   PAD
    0x110004a4   0x110004a4   0x00000030   Code   RO          477    .text               mf_w.l(cdrcmple.o)
    0x110004d4   0x110004d4   0x00000024   Code   RO          479    .text               mc_w.l(init.o)
    0x110004f8   0x110004f8   0x0000001e   Code   RO          481    .text               mc_w.l(llshl.o)
    0x11000516   0x11000516   0x00000020   Code   RO          483    .text               mc_w.l(llushr.o)
    0x11000536   0x11000536   0x00000024   Code   RO          485    .text               mc_w.l(llsshr.o)
    0x1100055a   0x1100055a   0x000000ba   Code   RO          487    .text               mf_w.l(depilogue.o)
    0x11000614   0x11000614   0x0000001e   Code   RO           47    .text.ADC1_ANON_Set  adc1.o
    0x11000632   0x11000632   0x00000002   PAD
    0x11000634   0x11000634   0x00000018   Code   RO          149    .text.ADC1_EIM_Int_Clr  isr.o
    0x1100064c   0x1100064c   0x0000005e   Code   RO           63    .text.ADC1_GetEIMResult  adc1.o
    0x110006aa   0x110006aa   0x00000002   PAD
    0x110006ac   0x110006ac   0x000000c0   Code   RO           65    .text.ADC1_GetEIMResult_mV  adc1.o
    0x1100076c   0x1100076c   0x00000034   Code   RO          147    .text.ADC1_IRQHandler  isr.o
    0x110007a0   0x110007a0   0x0000010e   Code   RO           45    .text.ADC1_Init     adc1.o
    0x110008ae   0x110008ae   0x00000002   PAD
    0x110008b0   0x110008b0   0x00000012   Code   RO           49    .text.ADC1_Power_On  adc1.o
    0x110008c2   0x110008c2   0x00000002   PAD
    0x110008c4   0x110008c4   0x00000014   Code   RO           61    .text.ADC1_VDH_Attenuator_Range_Get  adc1.o
    0x110008d8   0x110008d8   0x00000002   Code   RO           78    .text.ADC2_Init     adc2.o
    0x110008da   0x110008da   0x00000002   PAD
    0x110008dc   0x110008dc   0x00000002   Code   RO          155    .text.BusFault_Handler  isr.o
    0x110008de   0x110008de   0x00000002   PAD
    0x110008e0   0x110008e0   0x000000e0   Code   RO          124    .text.CCU6_Init     ccu6.o
    0x110009c0   0x110009c0   0x00000008   Code   RO            4    .text.CCU6_StartTmr_T13  main.o
    0x110009c8   0x110009c8   0x00000016   Code   RO          126    .text.CCU6_T12_Str_En  ccu6.o
    0x110009de   0x110009de   0x00000002   PAD
    0x110009e0   0x110009e0   0x00000018   Code   RO           10    .text.CCU6_T13_Start  main.o
    0x110009f8   0x110009f8   0x00000018   Code   RO          128    .text.CCU6_T13_Str_En  ccu6.o
    0x11000a10   0x11000a10   0x00000004   Code   RO          227    .text.CMSIS_Irq_Dis  scu.o
    0x11000a14   0x11000a14   0x00000004   Code   RO          259    .text.CMSIS_Irq_En  scu.o
    0x11000a18   0x11000a18   0x00000004   Code   RO          273    .text.CMSIS_NOP     scu.o
    0x11000a1c   0x11000a1c   0x00000024   Code   RO           69    .text.Field_Mod32   adc1.o
    0x11000a40   0x11000a40   0x00000030   Code   RO          229    .text.Field_Mod8    scu.o
    0x11000a70   0x11000a70   0x00000028   Code   RO           12    .text.Field_Wrt16   main.o
    0x11000a98   0x11000a98   0x00000028   Code   RO          130    .text.Field_Wrt16   ccu6.o
    0x11000ac0   0x11000ac0   0x0000001c   Code   RO          163    .text.Field_Wrt32   isr.o
    0x11000adc   0x11000adc   0x00000028   Code   RO          352    .text.Field_Wrt8    uart.o
    0x11000b04   0x11000b04   0x00000014   Code   RO          251    .text.Field_Wrt8all  scu.o
    0x11000b18   0x11000b18   0x00000002   Code   RO          151    .text.HardFault_Handler  isr.o
    0x11000b1a   0x11000b1a   0x00000002   PAD
    0x11000b1c   0x11000b1c   0x00000110   Code   RO          139    .text.INT_Init      int.o
    0x11000c2c   0x11000c2c   0x00000002   Code   RO          172    .text.LIN_Init      lin.o
    0x11000c2e   0x11000c2e   0x00000002   PAD
    0x11000c30   0x11000c30   0x00000002   Code   RO          153    .text.MemManage_Handler  isr.o
    0x11000c32   0x11000c32   0x00000002   PAD
    0x11000c34   0x11000c34   0x00000016   Code   RO          243    .text.PLL_resetPllLockDetection  scu.o
    0x11000c4a   0x11000c4a   0x00000002   PAD
    0x11000c4c   0x11000c4c   0x00000036   Code   RO          233    .text.PLL_setK1divToOne  scu.o
    0x11000c82   0x11000c82   0x00000002   PAD
    0x11000c84   0x11000c84   0x00000040   Code   RO          239    .text.PLL_setNdivFromConfigWizard  scu.o
    0x11000cc4   0x11000cc4   0x00000016   Code   RO          247    .text.PLL_setNormalMode  scu.o
    0x11000cda   0x11000cda   0x00000002   PAD
    0x11000cdc   0x11000cdc   0x00000042   Code   RO          237    .text.PLL_setOscTrim  scu.o
    0x11000d1e   0x11000d1e   0x00000002   PAD
    0x11000d20   0x11000d20   0x00000016   Code   RO          235    .text.PLL_setPrescalerMode  scu.o
    0x11000d36   0x11000d36   0x00000002   PAD
    0x11000d38   0x11000d38   0x00000018   Code   RO          241    .text.PLL_setVcoselK2divFromConfigWizard  scu.o
    0x11000d50   0x11000d50   0x00000036   Code   RO          231    .text.PLL_setfSYStoLPCLK  scu.o
    0x11000d86   0x11000d86   0x00000002   PAD
    0x11000d88   0x11000d88   0x00000036   Code   RO          249    .text.PLL_setfSYStofPLL  scu.o
    0x11000dbe   0x11000dbe   0x00000002   PAD
    0x11000dc0   0x11000dc0   0x0000001c   Code   RO          245    .text.PLL_waitForPllLock  scu.o
    0x11000ddc   0x11000ddc   0x000000a0   Code   RO          180    .text.PMU_Init      pmu.o
    0x11000e7c   0x11000e7c   0x00000104   Code   RO          195    .text.PORT_Init     port.o
    0x11000f80   0x11000f80   0x00000024   Code   RO            8    .text.Poti_Handler  main.o
    0x11000fa4   0x11000fa4   0x000000d8   Code   RO          225    .text.SCU_ClkInit   scu.o
    0x1100107c   0x1100107c   0x00000012   Code   RO          257    .text.SCU_ClosePASSWD  scu.o
    0x1100108e   0x1100108e   0x00000002   PAD
    0x11001090   0x11001090   0x0000007e   Code   RO          261    .text.SCU_Init      scu.o
    0x1100110e   0x1100110e   0x00000002   PAD
    0x11001110   0x11001110   0x00000012   Code   RO          255    .text.SCU_OpenPASSWD  scu.o
    0x11001122   0x11001122   0x00000002   PAD
    0x11001124   0x11001124   0x0000005c   Code   RO          253    .text.SCU_toggleAPCLK_SET  scu.o
    0x11001180   0x11001180   0x0000000c   Code   RO          159    .text.SysTick_Handler  isr.o
    0x1100118c   0x1100118c   0x0000003c   Code   RO          377    .text.SysTick_Init  wdt1.o
    0x110011c8   0x110011c8   0x00000034   Code   RO          293    .text.SystemInit    system_tle987x.o
    0x110011fc   0x110011fc   0x0000002c   Code   RO          302    .text.TLE_Init      tle_device.o
    0x11001228   0x11001228   0x00000028   Code   RO            6    .text.Task_1ms      main.o
    0x11001250   0x11001250   0x00000002   Code   RO          310    .text.UART1_Init    uart.o
    0x11001252   0x11001252   0x00000002   PAD
    0x11001254   0x11001254   0x00000020   Code   RO          350    .text.UART2_Buffer_Set  uart.o
    0x11001274   0x11001274   0x00000042   Code   RO          320    .text.UART2_Init    uart.o
    0x110012b6   0x110012b6   0x00000002   PAD
    0x110012b8   0x110012b8   0x00000018   Code   RO          332    .text.UART2_Send_Byte  uart.o
    0x110012d0   0x110012d0   0x00000016   Code   RO          348    .text.UART2_TX_Int_Clr  uart.o
    0x110012e6   0x110012e6   0x00000002   PAD
    0x110012e8   0x110012e8   0x00000014   Code   RO          354    .text.UART2_TX_Sts  uart.o
    0x110012fc   0x110012fc   0x00000028   Code   RO          334    .text.UART2_isByteTransmitted  uart.o
    0x11001324   0x11001324   0x00000002   Code   RO          157    .text.UsageFault_Handler  isr.o
    0x11001326   0x11001326   0x00000002   PAD
    0x11001328   0x11001328   0x00000024   Code   RO          375    .text.WDT1_Init     wdt1.o
    0x1100134c   0x1100134c   0x00000026   Code   RO          383    .text.WDT1_SOW_Service  wdt1.o
    0x11001372   0x11001372   0x00000002   PAD
    0x11001374   0x11001374   0x00000060   Code   RO          381    .text.WDT1_Service  wdt1.o
    0x110013d4   0x110013d4   0x00000010   Code   RO          161    .text.WDT1_Window_Count  isr.o
    0x110013e4   0x110013e4   0x00000030   Code   RO           25    .text.fputc         retarget_io.o
    0x11001414   0x11001414   0x00000032   Code   RO            2    .text.main          main.o
    0x11001446   0x11001446   0x00000002   PAD
    0x11001448   0x11001448   0x0000004a   Code   RO          330    .text.stdout_putchar  uart.o
    0x11001492   0x11001492   0x00000002   PAD
    0x11001494   0x11001494   0x0000001a   Code   RO           57    .text.u16_Field_Rd32  adc1.o
    0x110014ae   0x110014ae   0x00000002   PAD
    0x110014b0   0x110014b0   0x0000001c   Code   RO           55    .text.u1_Field_Rd32  adc1.o
    0x110014cc   0x110014cc   0x00000026   Code   RO          271    .text.u1_Field_Rd8  scu.o
    0x110014f2   0x110014f2   0x00000002   PAD
    0x110014f4   0x110014f4   0x00000026   Code   RO          356    .text.u1_Field_Rd8  uart.o
    0x1100151a   0x1100151a   0x00000002   PAD
    0x1100151c   0x1100151c   0x0000001a   Code   RO           67    .text.u8_Field_Rd32  adc1.o
    0x11001536   0x11001536   0x00000002   PAD
    0x11001538   0x11001538   0x00000020   Code   RO          414    i.__0printf         mc_w.l(printfa.o)
    0x11001558   0x11001558   0x0000000e   Code   RO          491    i.__scatterload_copy  mc_w.l(handlers.o)
    0x11001566   0x11001566   0x00000002   Code   RO          492    i.__scatterload_null  mc_w.l(handlers.o)
    0x11001568   0x11001568   0x0000000e   Code   RO          493    i.__scatterload_zeroinit  mc_w.l(handlers.o)
    0x11001576   0x11001576   0x00000002   PAD
    0x11001578   0x11001578   0x00000184   Code   RO          421    i._fp_digits        mc_w.l(printfa.o)
    0x110016fc   0x110016fc   0x000006dc   Code   RO          422    i._printf_core      mc_w.l(printfa.o)
    0x11001dd8   0x11001dd8   0x00000024   Code   RO          423    i._printf_post_padding  mc_w.l(printfa.o)
    0x11001dfc   0x11001dfc   0x0000002e   Code   RO          424    i._printf_pre_padding  mc_w.l(printfa.o)
    0x11001e2a   0x11001e2a   0x00000002   PAD
    0x11001e2c   0x11001e2c   0x00000004   Data   RO           94    .rodata.USER_CFLASH_WR_PROT_EN  bootrom.o
    0x11001e30   0x11001e30   0x00000011   Data   RO           15    .rodata.str1.1      main.o
    0x11001e41   0x11001e41   0x00000003   PAD
    0x11001e44   0x11001e44   0x00000020   Data   RO          490    Region$$Table       anon$$obj.o


    Execution Region RW_IRAM2 (Exec base: 0x18000000, Load base: 0x11001e70, Size: 0x00000000, Max: 0x00000010, ABSOLUTE)

    **** No section assigned to this execution region ****


    Execution Region RW_IRAM1 (Exec base: 0x18000018, Load base: 0x11001e68, Size: 0x00000218, Max: 0x000017e8, ABSOLUTE)

    Exec Addr    Load Addr    Size         Type   Attr      Idx    E Section Name        Object

    0x18000018   0x11001e68   0x00000004   Data   RW          407    .data               mc_w.l(stdout.o)
    0x1800001c   0x11001e6c   0x00000004   PAD
    0x18000020        -       0x00000004   Zero   RW          391    .bss.WD_Counter     wdt1.o
    0x18000024        -       0x00000001   Zero   RW          392    .bss.bSOWactive     wdt1.o
    0x18000025   0x11001e6c   0x00000001   PAD
    0x18000026        -       0x00000002   Zero   RW           16    .bss.mV             main.o
    0x18000028        -       0x00000002   Zero   RW           14    .bss.ms             main.o
    0x1800002a   0x11001e6c   0x00000002   PAD
    0x1800002c        -       0x00000004   Zero   RW          367    .bss.uart2          uart.o
    0x18000030        -       0x00000200   Zero   RW          283    STACK               startup_tle987x.o



  Load Region LR_IROM2 (Base: 0x1101effc, Size: 0x00000004, Max: 0x00001004, ABSOLUTE)

    Execution Region ER_IROM2 (Exec base: 0x1101effc, Load base: 0x1101effc, Size: 0x00000004, Max: 0x00001004, ABSOLUTE)

    Exec Addr    Load Addr    Size         Type   Attr      Idx    E Section Name        Object

    0x1101effc   0x1101effc   0x00000004   Data   RO          295    .ARM.__at_0x1101EFFC  system_tle987x.o


==============================================================================

Image component sizes


      Code (inc. data)   RO Data    RW Data    ZI Data      Debug   Object Name

       740          0          0          0          0      36244   adc1.o
         2          0          0          0          0        379   adc2.o
         0          0          4          0          0       2966   bootrom.o
       310          0          0          0          0       7980   ccu6.o
       272          0          0          0          0      28138   int.o
       140          0          0          0          0       5590   isr.o
         2          0          0          0          0        376   lin.o
       198          0         17          0          4       8275   main.o
       160          0          0          0          0       6943   pmu.o
       260          0          0          0          0      19949   port.o
        48          0          0          0          0       1819   retarget_io.o
       998          0          0          0          0      24982   scu.o
        64         12        128          0        512        884   startup_tle987x.o
        52          0          4          0          0       8428   system_tle987x.o
        44          0          0          0          0        414   tle_device.o
       358          0          0          0          4      18886   uart.o
       230          0          0          0          5      15829   wdt1.o

    ----------------------------------------------------------------------
      3940         12        188          0        528     188082   Object Totals
         0          0         32          0          0          0   (incl. Generated)
        62          0          3          0          3          0   (incl. Padding)

    ----------------------------------------------------------------------

      Code (inc. data)   RO Data    RW Data    ZI Data      Debug   Library Member Name

         0          0          0          0          0          0   entry.o
         0          0          0          0          0          0   entry10a.o
         0          0          0          0          0          0   entry11a.o
         8          4          0          0          0          0   entry2.o
         4          0          0          0          0          0   entry5.o
         0          0          0          0          0          0   entry7b.o
         0          0          0          0          0          0   entry8b.o
         8          4          0          0          0          0   entry9a.o
        30          0          0          0          0          0   handlers.o
        36          8          0          0          0         68   init.o
         0          0          0          0          0          0   iusefp.o
        30          0          0          0          0         68   llshl.o
        36          0          0          0          0         68   llsshr.o
        32          0          0          0          0         68   llushr.o
      2258         90          0          0          0        452   printfa.o
         0          0          0          4          0          0   stdout.o
        44          0          0          0          0         80   uidiv.o
        98          0          0          0          0         92   uldiv.o
        48          0          0          0          0         68   cdrcmple.o
       334          0          0          0          0        148   dadd.o
       222          0          0          0          0        100   ddiv.o
       186          0          0          0          0        176   depilogue.o
        48          0          0          0          0         68   dfixul.o
       228          0          0          0          0         96   dmul.o

    ----------------------------------------------------------------------
      3656        106          0          4          4       1552   Library Totals
         6          0          0          0          4          0   (incl. Padding)

    ----------------------------------------------------------------------

      Code (inc. data)   RO Data    RW Data    ZI Data      Debug   Library Name

      2584        106          0          4          0        896   mc_w.l
      1066          0          0          0          0        656   mf_w.l

    ----------------------------------------------------------------------
      3656        106          0          4          4       1552   Library Totals

    ----------------------------------------------------------------------

==============================================================================


      Code (inc. data)   RO Data    RW Data    ZI Data      Debug   

      7596        118        188          4        532     188726   Grand Totals
      7596        118        188          4        532     188726   ELF Image Totals
      7596        118        188          4          0          0   ROM Totals

==============================================================================

    Total RO  Size (Code + RO Data)                 7784 (   7.60kB)
    Total RW  Size (RW Data + ZI Data)               536 (   0.52kB)
    Total ROM Size (Code + RO Data + RW Data)       7788 (   7.61kB)

==============================================================================

