Component: Arm Compiler for Embedded 6.19 Tool: armlink [5e73cb00]

==============================================================================

Section Cross References

    main.o(.text.main) refers to tle_device.o(.text.TLE_Init) for TLE_Init
    main.o(.text.main) refers to main.o(.bss.ms) for ms
    main.o(.text.main) refers to wdt1.o(.text.WDT1_Service) for WDT1_Service
    main.o(.ARM.exidx.text.main) refers to main.o(.text.main) for [Anonymous Symbol]
    main.o(.text.Task_1ms) refers to main.o(.bss.ms) for ms
    main.o(.text.Task_1ms) refers to main.o(.text.PORT_P01_Output_Toggle_Set) for PORT_P01_Output_Toggle_Set
    main.o(.ARM.exidx.text.Task_1ms) refers to main.o(.text.Task_1ms) for [Anonymous Symbol]
    main.o(.text.PORT_P01_Output_Toggle_Set) refers to main.o(.text.Field_Inv8) for Field_Inv8
    main.o(.ARM.exidx.text.PORT_P01_Output_Toggle_Set) refers to main.o(.text.PORT_P01_Output_Toggle_Set) for [Anonymous Symbol]
    main.o(.ARM.exidx.text.Field_Inv8) refers to main.o(.text.Field_Inv8) for [Anonymous Symbol]
    bootrom.o(.text.ProgramPage) refers to bootrom.o(.text.CMSIS_Irq_Dis) for CMSIS_Irq_Dis
    bootrom.o(.text.ProgramPage) refers to wdt1.o(.text.WDT1_SOW_Service) for WDT1_SOW_Service
    bootrom.o(.text.ProgramPage) refers to wdt1.o(.text.WDT1_Service) for WDT1_Service
    bootrom.o(.text.ProgramPage) refers to bootrom.o(.text.CMSIS_Irq_En) for CMSIS_Irq_En
    bootrom.o(.ARM.exidx.text.ProgramPage) refers to bootrom.o(.text.ProgramPage) for [Anonymous Symbol]
    bootrom.o(.ARM.exidx.text.CMSIS_Irq_Dis) refers to bootrom.o(.text.CMSIS_Irq_Dis) for [Anonymous Symbol]
    bootrom.o(.ARM.exidx.text.CMSIS_Irq_En) refers to bootrom.o(.text.CMSIS_Irq_En) for [Anonymous Symbol]
    bootrom.o(.text.GetCustomerID) refers to bootrom.o(.text.CMSIS_Irq_Dis) for CMSIS_Irq_Dis
    bootrom.o(.text.GetCustomerID) refers to wdt1.o(.text.WDT1_SOW_Service) for WDT1_SOW_Service
    bootrom.o(.text.GetCustomerID) refers to wdt1.o(.text.WDT1_Service) for WDT1_Service
    bootrom.o(.text.GetCustomerID) refers to bootrom.o(.text.CMSIS_Irq_En) for CMSIS_Irq_En
    bootrom.o(.ARM.exidx.text.GetCustomerID) refers to bootrom.o(.text.GetCustomerID) for [Anonymous Symbol]
    int.o(.ARM.exidx.text.INT_Init) refers to int.o(.text.INT_Init) for [Anonymous Symbol]
    isr.o(.ARM.exidx.text.CCU6SR0_IRQHandler) refers to isr.o(.text.CCU6SR0_IRQHandler) for [Anonymous Symbol]
    isr.o(.ARM.exidx.text.HardFault_Handler) refers to isr.o(.text.HardFault_Handler) for [Anonymous Symbol]
    isr.o(.ARM.exidx.text.MemManage_Handler) refers to isr.o(.text.MemManage_Handler) for [Anonymous Symbol]
    isr.o(.ARM.exidx.text.BusFault_Handler) refers to isr.o(.text.BusFault_Handler) for [Anonymous Symbol]
    isr.o(.ARM.exidx.text.UsageFault_Handler) refers to isr.o(.text.UsageFault_Handler) for [Anonymous Symbol]
    isr.o(.text.SysTick_Handler) refers to main.o(.text.Task_1ms) for Task_1ms
    isr.o(.text.SysTick_Handler) refers to isr.o(.text.WDT1_Window_Count) for WDT1_Window_Count
    isr.o(.ARM.exidx.text.SysTick_Handler) refers to isr.o(.text.SysTick_Handler) for [Anonymous Symbol]
    isr.o(.text.WDT1_Window_Count) refers to wdt1.o(.bss.WD_Counter) for WD_Counter
    isr.o(.ARM.exidx.text.WDT1_Window_Count) refers to isr.o(.text.WDT1_Window_Count) for [Anonymous Symbol]
    lin.o(.ARM.exidx.text.LIN_Init) refers to lin.o(.text.LIN_Init) for [Anonymous Symbol]
    pmu.o(.ARM.exidx.text.PMU_Init) refers to pmu.o(.text.PMU_Init) for [Anonymous Symbol]
    pmu.o(.text.PMU_VDDEXT_On) refers to pmu.o(.text.Field_Mod8) for Field_Mod8
    pmu.o(.text.PMU_VDDEXT_On) refers to wdt1.o(.text.Delay_us) for Delay_us
    pmu.o(.text.PMU_VDDEXT_On) refers to pmu.o(.text.u1_Field_Rd8) for u1_Field_Rd8
    pmu.o(.ARM.exidx.text.PMU_VDDEXT_On) refers to pmu.o(.text.PMU_VDDEXT_On) for [Anonymous Symbol]
    pmu.o(.ARM.exidx.text.Field_Mod8) refers to pmu.o(.text.Field_Mod8) for [Anonymous Symbol]
    pmu.o(.ARM.exidx.text.u1_Field_Rd8) refers to pmu.o(.text.u1_Field_Rd8) for [Anonymous Symbol]
    port.o(.ARM.exidx.text.PORT_Init) refers to port.o(.text.PORT_Init) for [Anonymous Symbol]
    port.o(.text.PORT_ChangePin) refers to port.o(.text.CMSIS_Irq_Dis) for CMSIS_Irq_Dis
    port.o(.text.PORT_ChangePin) refers to port.o(.text.Field_Clr8) for Field_Clr8
    port.o(.text.PORT_ChangePin) refers to port.o(.text.Field_Mod8) for Field_Mod8
    port.o(.text.PORT_ChangePin) refers to port.o(.text.Field_Inv8) for Field_Inv8
    port.o(.text.PORT_ChangePin) refers to port.o(.text.CMSIS_Irq_En) for CMSIS_Irq_En
    port.o(.ARM.exidx.text.PORT_ChangePin) refers to port.o(.text.PORT_ChangePin) for [Anonymous Symbol]
    port.o(.ARM.exidx.text.CMSIS_Irq_Dis) refers to port.o(.text.CMSIS_Irq_Dis) for [Anonymous Symbol]
    port.o(.ARM.exidx.text.Field_Clr8) refers to port.o(.text.Field_Clr8) for [Anonymous Symbol]
    port.o(.ARM.exidx.text.Field_Mod8) refers to port.o(.text.Field_Mod8) for [Anonymous Symbol]
    port.o(.ARM.exidx.text.Field_Inv8) refers to port.o(.text.Field_Inv8) for [Anonymous Symbol]
    port.o(.ARM.exidx.text.CMSIS_Irq_En) refers to port.o(.text.CMSIS_Irq_En) for [Anonymous Symbol]
    port.o(.text.PORT_ReadPin) refers to port.o(.text.u8_Field_Rd8) for u8_Field_Rd8
    port.o(.ARM.exidx.text.PORT_ReadPin) refers to port.o(.text.PORT_ReadPin) for [Anonymous Symbol]
    port.o(.ARM.exidx.text.u8_Field_Rd8) refers to port.o(.text.u8_Field_Rd8) for [Anonymous Symbol]
    port.o(.text.PORT_ReadPort) refers to port.o(.text.u8_Field_Rd8) for u8_Field_Rd8
    port.o(.ARM.exidx.text.PORT_ReadPort) refers to port.o(.text.PORT_ReadPort) for [Anonymous Symbol]
    port.o(.text.PORT_ChangePinAlt) refers to port.o(.text.CMSIS_Irq_Dis) for CMSIS_Irq_Dis
    port.o(.text.PORT_ChangePinAlt) refers to port.o(.text.Field_Mod8) for Field_Mod8
    port.o(.text.PORT_ChangePinAlt) refers to port.o(.text.CMSIS_Irq_En) for CMSIS_Irq_En
    port.o(.ARM.exidx.text.PORT_ChangePinAlt) refers to port.o(.text.PORT_ChangePinAlt) for [Anonymous Symbol]
    scu.o(.text.SCU_ClkInit) refers to scu.o(.text.CMSIS_Irq_Dis) for CMSIS_Irq_Dis
    scu.o(.text.SCU_ClkInit) refers to bootrom.o(.rodata.USER_CFLASH_WR_PROT_EN) for USER_CFLASH_WR_PROT_EN
    scu.o(.text.SCU_ClkInit) refers to scu.o(.text.Field_Mod8) for Field_Mod8
    scu.o(.text.SCU_ClkInit) refers to scu.o(.text.PLL_setfSYStoLPCLK) for PLL_setfSYStoLPCLK
    scu.o(.text.SCU_ClkInit) refers to scu.o(.text.PLL_setK1divToOne) for PLL_setK1divToOne
    scu.o(.text.SCU_ClkInit) refers to scu.o(.text.PLL_setPrescalerMode) for PLL_setPrescalerMode
    scu.o(.text.SCU_ClkInit) refers to scu.o(.text.PLL_setOscTrim) for PLL_setOscTrim
    scu.o(.text.SCU_ClkInit) refers to scu.o(.text.PLL_setNdivFromConfigWizard) for PLL_setNdivFromConfigWizard
    scu.o(.text.SCU_ClkInit) refers to scu.o(.text.PLL_setVcoselK2divFromConfigWizard) for PLL_setVcoselK2divFromConfigWizard
    scu.o(.text.SCU_ClkInit) refers to scu.o(.text.PLL_resetPllLockDetection) for PLL_resetPllLockDetection
    scu.o(.text.SCU_ClkInit) refers to scu.o(.text.PLL_waitForPllLock) for PLL_waitForPllLock
    scu.o(.text.SCU_ClkInit) refers to scu.o(.text.PLL_setNormalMode) for PLL_setNormalMode
    scu.o(.text.SCU_ClkInit) refers to scu.o(.text.PLL_setfSYStofPLL) for PLL_setfSYStofPLL
    scu.o(.text.SCU_ClkInit) refers to scu.o(.text.Field_Wrt8all) for Field_Wrt8all
    scu.o(.text.SCU_ClkInit) refers to scu.o(.text.SCU_toggleAPCLK_SET) for SCU_toggleAPCLK_SET
    scu.o(.text.SCU_ClkInit) refers to scu.o(.text.SCU_OpenPASSWD) for SCU_OpenPASSWD
    scu.o(.text.SCU_ClkInit) refers to scu.o(.text.SCU_ClosePASSWD) for SCU_ClosePASSWD
    scu.o(.text.SCU_ClkInit) refers to scu.o(.text.CMSIS_Irq_En) for CMSIS_Irq_En
    scu.o(.ARM.exidx.text.SCU_ClkInit) refers to scu.o(.text.SCU_ClkInit) for [Anonymous Symbol]
    scu.o(.ARM.exidx.text.CMSIS_Irq_Dis) refers to scu.o(.text.CMSIS_Irq_Dis) for [Anonymous Symbol]
    scu.o(.ARM.exidx.text.Field_Mod8) refers to scu.o(.text.Field_Mod8) for [Anonymous Symbol]
    scu.o(.text.PLL_setfSYStoLPCLK) refers to scu.o(.text.Field_Mod8) for Field_Mod8
    scu.o(.text.PLL_setfSYStoLPCLK) refers to scu.o(.text.SCU_OpenPASSWD) for SCU_OpenPASSWD
    scu.o(.text.PLL_setfSYStoLPCLK) refers to scu.o(.text.SCU_ClosePASSWD) for SCU_ClosePASSWD
    scu.o(.ARM.exidx.text.PLL_setfSYStoLPCLK) refers to scu.o(.text.PLL_setfSYStoLPCLK) for [Anonymous Symbol]
    scu.o(.text.PLL_setK1divToOne) refers to scu.o(.text.Field_Mod8) for Field_Mod8
    scu.o(.text.PLL_setK1divToOne) refers to scu.o(.text.SCU_OpenPASSWD) for SCU_OpenPASSWD
    scu.o(.text.PLL_setK1divToOne) refers to scu.o(.text.SCU_ClosePASSWD) for SCU_ClosePASSWD
    scu.o(.ARM.exidx.text.PLL_setK1divToOne) refers to scu.o(.text.PLL_setK1divToOne) for [Anonymous Symbol]
    scu.o(.text.PLL_setPrescalerMode) refers to scu.o(.text.Field_Mod8) for Field_Mod8
    scu.o(.ARM.exidx.text.PLL_setPrescalerMode) refers to scu.o(.text.PLL_setPrescalerMode) for [Anonymous Symbol]
    scu.o(.text.PLL_setOscTrim) refers to scu.o(.text.Field_Mod8) for Field_Mod8
    scu.o(.text.PLL_setOscTrim) refers to scu.o(.text.SCU_OpenPASSWD) for SCU_OpenPASSWD
    scu.o(.text.PLL_setOscTrim) refers to scu.o(.text.SCU_ClosePASSWD) for SCU_ClosePASSWD
    scu.o(.ARM.exidx.text.PLL_setOscTrim) refers to scu.o(.text.PLL_setOscTrim) for [Anonymous Symbol]
    scu.o(.text.PLL_setNdivFromConfigWizard) refers to scu.o(.text.SCU_OpenPASSWD) for SCU_OpenPASSWD
    scu.o(.text.PLL_setNdivFromConfigWizard) refers to scu.o(.text.SCU_ClosePASSWD) for SCU_ClosePASSWD
    scu.o(.ARM.exidx.text.PLL_setNdivFromConfigWizard) refers to scu.o(.text.PLL_setNdivFromConfigWizard) for [Anonymous Symbol]
    scu.o(.text.PLL_setVcoselK2divFromConfigWizard) refers to scu.o(.text.SCU_OpenPASSWD) for SCU_OpenPASSWD
    scu.o(.text.PLL_setVcoselK2divFromConfigWizard) refers to scu.o(.text.SCU_ClosePASSWD) for SCU_ClosePASSWD
    scu.o(.ARM.exidx.text.PLL_setVcoselK2divFromConfigWizard) refers to scu.o(.text.PLL_setVcoselK2divFromConfigWizard) for [Anonymous Symbol]
    scu.o(.text.PLL_resetPllLockDetection) refers to scu.o(.text.Field_Mod8) for Field_Mod8
    scu.o(.ARM.exidx.text.PLL_resetPllLockDetection) refers to scu.o(.text.PLL_resetPllLockDetection) for [Anonymous Symbol]
    scu.o(.text.PLL_waitForPllLock) refers to scu.o(.text.u1_Field_Rd8) for u1_Field_Rd8
    scu.o(.ARM.exidx.text.PLL_waitForPllLock) refers to scu.o(.text.PLL_waitForPllLock) for [Anonymous Symbol]
    scu.o(.text.PLL_setNormalMode) refers to scu.o(.text.Field_Mod8) for Field_Mod8
    scu.o(.ARM.exidx.text.PLL_setNormalMode) refers to scu.o(.text.PLL_setNormalMode) for [Anonymous Symbol]
    scu.o(.text.PLL_setfSYStofPLL) refers to scu.o(.text.Field_Mod8) for Field_Mod8
    scu.o(.text.PLL_setfSYStofPLL) refers to scu.o(.text.SCU_OpenPASSWD) for SCU_OpenPASSWD
    scu.o(.text.PLL_setfSYStofPLL) refers to scu.o(.text.SCU_ClosePASSWD) for SCU_ClosePASSWD
    scu.o(.ARM.exidx.text.PLL_setfSYStofPLL) refers to scu.o(.text.PLL_setfSYStofPLL) for [Anonymous Symbol]
    scu.o(.ARM.exidx.text.Field_Wrt8all) refers to scu.o(.text.Field_Wrt8all) for [Anonymous Symbol]
    scu.o(.text.SCU_toggleAPCLK_SET) refers to scu.o(.text.Field_Mod8) for Field_Mod8
    scu.o(.text.SCU_toggleAPCLK_SET) refers to scu.o(.text.SCU_OpenPASSWD) for SCU_OpenPASSWD
    scu.o(.text.SCU_toggleAPCLK_SET) refers to scu.o(.text.SCU_ClosePASSWD) for SCU_ClosePASSWD
    scu.o(.text.SCU_toggleAPCLK_SET) refers to scu.o(.text.CMSIS_NOP) for CMSIS_NOP
    scu.o(.ARM.exidx.text.SCU_toggleAPCLK_SET) refers to scu.o(.text.SCU_toggleAPCLK_SET) for [Anonymous Symbol]
    scu.o(.text.SCU_OpenPASSWD) refers to scu.o(.text.Field_Wrt8all) for Field_Wrt8all
    scu.o(.ARM.exidx.text.SCU_OpenPASSWD) refers to scu.o(.text.SCU_OpenPASSWD) for [Anonymous Symbol]
    scu.o(.text.SCU_ClosePASSWD) refers to scu.o(.text.Field_Wrt8all) for Field_Wrt8all
    scu.o(.ARM.exidx.text.SCU_ClosePASSWD) refers to scu.o(.text.SCU_ClosePASSWD) for [Anonymous Symbol]
    scu.o(.ARM.exidx.text.CMSIS_Irq_En) refers to scu.o(.text.CMSIS_Irq_En) for [Anonymous Symbol]
    scu.o(.ARM.exidx.text.SCU_Init) refers to scu.o(.text.SCU_Init) for [Anonymous Symbol]
    scu.o(.text.SCU_EnterSlowMode) refers to scu.o(.rodata.cst32) for .L__const.SCU_EnterSlowMode.divider
    scu.o(.text.SCU_EnterSlowMode) refers to rt_memcpy_v6.o(.text) for __aeabi_memcpy
    scu.o(.text.SCU_EnterSlowMode) refers to scu.o(.text.Field_Mod8) for Field_Mod8
    scu.o(.text.SCU_EnterSlowMode) refers to wdt1.o(.text.WDT1_Stop) for WDT1_Stop
    scu.o(.text.SCU_EnterSlowMode) refers to wdt1.o(.text.WDT1_SOW_Service) for WDT1_SOW_Service
    scu.o(.text.SCU_EnterSlowMode) refers to scu.o(.text.CMSIS_Irq_Dis) for CMSIS_Irq_Dis
    scu.o(.text.SCU_EnterSlowMode) refers to scu.o(.text.SCU_OpenPASSWD) for SCU_OpenPASSWD
    scu.o(.text.SCU_EnterSlowMode) refers to scu.o(.text.SCU_ClosePASSWD) for SCU_ClosePASSWD
    scu.o(.text.SCU_EnterSlowMode) refers to scu.o(.text.CMSIS_Irq_En) for CMSIS_Irq_En
    scu.o(.text.SCU_EnterSlowMode) refers to scu.o(.text.SysTick_ReloadValue_Set) for SysTick_ReloadValue_Set
    scu.o(.text.SCU_EnterSlowMode) refers to wdt1.o(.text.WDT1_Init) for WDT1_Init
    scu.o(.ARM.exidx.text.SCU_EnterSlowMode) refers to scu.o(.text.SCU_EnterSlowMode) for [Anonymous Symbol]
    scu.o(.ARM.exidx.text.SysTick_ReloadValue_Set) refers to scu.o(.text.SysTick_ReloadValue_Set) for [Anonymous Symbol]
    scu.o(.text.SCU_ExitSlowMode) refers to wdt1.o(.text.WDT1_Stop) for WDT1_Stop
    scu.o(.text.SCU_ExitSlowMode) refers to wdt1.o(.text.WDT1_SOW_Service) for WDT1_SOW_Service
    scu.o(.text.SCU_ExitSlowMode) refers to scu.o(.text.CMSIS_Irq_Dis) for CMSIS_Irq_Dis
    scu.o(.text.SCU_ExitSlowMode) refers to scu.o(.text.Field_Mod8) for Field_Mod8
    scu.o(.text.SCU_ExitSlowMode) refers to scu.o(.text.SCU_OpenPASSWD) for SCU_OpenPASSWD
    scu.o(.text.SCU_ExitSlowMode) refers to scu.o(.text.SCU_ClosePASSWD) for SCU_ClosePASSWD
    scu.o(.text.SCU_ExitSlowMode) refers to scu.o(.text.CMSIS_Irq_En) for CMSIS_Irq_En
    scu.o(.text.SCU_ExitSlowMode) refers to wdt1.o(.text.SysTick_Init) for SysTick_Init
    scu.o(.text.SCU_ExitSlowMode) refers to wdt1.o(.text.WDT1_Init) for WDT1_Init
    scu.o(.ARM.exidx.text.SCU_ExitSlowMode) refers to scu.o(.text.SCU_ExitSlowMode) for [Anonymous Symbol]
    scu.o(.text.SCU_ChangeNVMProtection) refers to bootrom.o(.rodata.USER_DFLASH_WR_PROT_DIS) for USER_DFLASH_WR_PROT_DIS
    scu.o(.text.SCU_ChangeNVMProtection) refers to bootrom.o(.rodata.USER_CFLASH_WR_PROT_DIS) for USER_CFLASH_WR_PROT_DIS
    scu.o(.text.SCU_ChangeNVMProtection) refers to bootrom.o(.rodata.USER_DFLASH_RD_PROT_DIS) for USER_DFLASH_RD_PROT_DIS
    scu.o(.text.SCU_ChangeNVMProtection) refers to bootrom.o(.rodata.USER_CFLASH_RD_PROT_DIS) for USER_CFLASH_RD_PROT_DIS
    scu.o(.text.SCU_ChangeNVMProtection) refers to bootrom.o(.rodata.USER_DFLASH_WR_PROT_EN) for USER_DFLASH_WR_PROT_EN
    scu.o(.text.SCU_ChangeNVMProtection) refers to bootrom.o(.rodata.USER_CFLASH_WR_PROT_EN) for USER_CFLASH_WR_PROT_EN
    scu.o(.text.SCU_ChangeNVMProtection) refers to bootrom.o(.rodata.USER_DFLASH_RD_PROT_EN) for USER_DFLASH_RD_PROT_EN
    scu.o(.text.SCU_ChangeNVMProtection) refers to bootrom.o(.rodata.USER_CFLASH_RD_PROT_EN) for USER_CFLASH_RD_PROT_EN
    scu.o(.ARM.exidx.text.SCU_ChangeNVMProtection) refers to scu.o(.text.SCU_ChangeNVMProtection) for [Anonymous Symbol]
    scu.o(.ARM.exidx.text.u1_Field_Rd8) refers to scu.o(.text.u1_Field_Rd8) for [Anonymous Symbol]
    scu.o(.ARM.exidx.text.CMSIS_NOP) refers to scu.o(.text.CMSIS_NOP) for [Anonymous Symbol]
    startup_tle987x.o(STACK) refers (Special) to heapauxi.o(.text) for __use_two_region_memory
    startup_tle987x.o(HEAP) refers (Special) to heapauxi.o(.text) for __use_two_region_memory
    startup_tle987x.o(RESET) refers (Special) to heapauxi.o(.text) for __use_two_region_memory
    startup_tle987x.o(RESET) refers to startup_tle987x.o(STACK) for __initial_sp
    startup_tle987x.o(RESET) refers to startup_tle987x.o(.text) for Reset_Handler
    startup_tle987x.o(RESET) refers to isr.o(.text.HardFault_Handler) for HardFault_Handler
    startup_tle987x.o(RESET) refers to isr.o(.text.MemManage_Handler) for MemManage_Handler
    startup_tle987x.o(RESET) refers to isr.o(.text.BusFault_Handler) for BusFault_Handler
    startup_tle987x.o(RESET) refers to isr.o(.text.UsageFault_Handler) for UsageFault_Handler
    startup_tle987x.o(RESET) refers to isr.o(.text.SysTick_Handler) for SysTick_Handler
    startup_tle987x.o(RESET) refers to isr.o(.text.CCU6SR0_IRQHandler) for CCU6SR0_IRQHandler
    startup_tle987x.o(.text) refers (Special) to heapauxi.o(.text) for __use_two_region_memory
    startup_tle987x.o(.text) refers to system_tle987x.o(.text.SystemInit) for SystemInit
    startup_tle987x.o(.text) refers to __main.o(!!!main) for __main
    startup_tle987x.o(.text) refers to startup_tle987x.o(HEAP) for Heap_Mem
    startup_tle987x.o(.text) refers to startup_tle987x.o(STACK) for Stack_Mem
    system_tle987x.o(.text.SystemInit) refers to scu.o(.text.SCU_ClkInit) for SCU_ClkInit
    system_tle987x.o(.text.SystemInit) refers to wdt1.o(.text.SysTick_Init) for SysTick_Init
    system_tle987x.o(.text.SystemInit) refers to wdt1.o(.text.WDT1_Init) for WDT1_Init
    system_tle987x.o(.ARM.exidx.text.SystemInit) refers to system_tle987x.o(.text.SystemInit) for [Anonymous Symbol]
    tle_device.o(.text.TLE_Init) refers to scu.o(.text.SCU_Init) for SCU_Init
    tle_device.o(.text.TLE_Init) refers to pmu.o(.text.PMU_Init) for PMU_Init
    tle_device.o(.text.TLE_Init) refers to lin.o(.text.LIN_Init) for LIN_Init
    tle_device.o(.text.TLE_Init) refers to port.o(.text.PORT_Init) for PORT_Init
    tle_device.o(.text.TLE_Init) refers to int.o(.text.INT_Init) for INT_Init
    tle_device.o(.ARM.exidx.text.TLE_Init) refers to tle_device.o(.text.TLE_Init) for [Anonymous Symbol]
    wdt1.o(.text.WDT1_Init) refers to wdt1.o(.bss.WD_Counter) for WD_Counter
    wdt1.o(.text.WDT1_Init) refers to wdt1.o(.bss.bSOWactive) for bSOWactive
    wdt1.o(.ARM.exidx.text.WDT1_Init) refers to wdt1.o(.text.WDT1_Init) for [Anonymous Symbol]
    wdt1.o(.ARM.exidx.text.SysTick_Init) refers to wdt1.o(.text.SysTick_Init) for [Anonymous Symbol]
    wdt1.o(.ARM.exidx.text.WDT1_Stop) refers to wdt1.o(.text.WDT1_Stop) for [Anonymous Symbol]
    wdt1.o(.text.WDT1_Service) refers to wdt1.o(.bss.WD_Counter) for WD_Counter
    wdt1.o(.text.WDT1_Service) refers to wdt1.o(.bss.bSOWactive) for bSOWactive
    wdt1.o(.ARM.exidx.text.WDT1_Service) refers to wdt1.o(.text.WDT1_Service) for [Anonymous Symbol]
    wdt1.o(.text.WDT1_SOW_Service) refers to wdt1.o(.bss.bSOWactive) for bSOWactive
    wdt1.o(.ARM.exidx.text.WDT1_SOW_Service) refers to wdt1.o(.text.WDT1_SOW_Service) for [Anonymous Symbol]
    wdt1.o(.text.Delay_us) refers to wdt1.o(.text.SysTick_ReloadValue_Get) for SysTick_ReloadValue_Get
    wdt1.o(.text.Delay_us) refers to wdt1.o(.text.SysTick_Value_Get) for SysTick_Value_Get
    wdt1.o(.ARM.exidx.text.Delay_us) refers to wdt1.o(.text.Delay_us) for [Anonymous Symbol]
    wdt1.o(.ARM.exidx.text.SysTick_ReloadValue_Get) refers to wdt1.o(.text.SysTick_ReloadValue_Get) for [Anonymous Symbol]
    wdt1.o(.ARM.exidx.text.SysTick_Value_Get) refers to wdt1.o(.text.SysTick_Value_Get) for [Anonymous Symbol]
    rt_memcpy_v6.o(.text) refers to rt_memcpy_w.o(.text) for __aeabi_memcpy4
    __main.o(!!!main) refers to __rtentry.o(.ARM.Collect$$rtentry$$00000000) for __rt_entry
    __rtentry.o(.ARM.Collect$$rtentry$$00000000) refers (Special) to __rtentry2.o(.ARM.Collect$$rtentry$$0000000A) for __rt_entry_li
    __rtentry.o(.ARM.Collect$$rtentry$$00000000) refers (Special) to __rtentry2.o(.ARM.Collect$$rtentry$$0000000D) for __rt_entry_main
    __rtentry.o(.ARM.Collect$$rtentry$$00000000) refers (Special) to __rtentry2.o(.ARM.Collect$$rtentry$$0000000C) for __rt_entry_postli_1
    __rtentry.o(.ARM.Collect$$rtentry$$00000000) refers (Special) to __rtentry2.o(.ARM.Collect$$rtentry$$00000009) for __rt_entry_postsh_1
    __rtentry.o(.ARM.Collect$$rtentry$$00000000) refers (Special) to __rtentry2.o(.ARM.Collect$$rtentry$$00000002) for __rt_entry_presh_1
    __rtentry.o(.ARM.Collect$$rtentry$$00000000) refers (Special) to __rtentry4.o(.ARM.Collect$$rtentry$$00000004) for __rt_entry_sh
    __rtentry2.o(.ARM.Collect$$rtentry$$00000008) refers to boardinit2.o(.text) for _platform_post_stackheap_init
    __rtentry2.o(.ARM.Collect$$rtentry$$0000000A) refers to libinit.o(.ARM.Collect$$libinit$$00000000) for __rt_lib_init
    __rtentry2.o(.ARM.Collect$$rtentry$$0000000B) refers to boardinit3.o(.text) for _platform_post_lib_init
    __rtentry2.o(.ARM.Collect$$rtentry$$0000000D) refers to main.o(.text.main) for main
    __rtentry2.o(.ARM.Collect$$rtentry$$0000000D) refers to exit.o(.text) for exit
    __rtentry2.o(.ARM.exidx) refers to __rtentry2.o(.ARM.Collect$$rtentry$$00000001) for .ARM.Collect$$rtentry$$00000001
    __rtentry2.o(.ARM.exidx) refers to __rtentry2.o(.ARM.Collect$$rtentry$$00000008) for .ARM.Collect$$rtentry$$00000008
    __rtentry2.o(.ARM.exidx) refers to __rtentry2.o(.ARM.Collect$$rtentry$$0000000A) for .ARM.Collect$$rtentry$$0000000A
    __rtentry2.o(.ARM.exidx) refers to __rtentry2.o(.ARM.Collect$$rtentry$$0000000B) for .ARM.Collect$$rtentry$$0000000B
    __rtentry2.o(.ARM.exidx) refers to __rtentry2.o(.ARM.Collect$$rtentry$$0000000D) for .ARM.Collect$$rtentry$$0000000D
    __rtentry4.o(.ARM.Collect$$rtentry$$00000004) refers to sys_stackheap_outer.o(.text) for __user_setup_stackheap
    __rtentry4.o(.ARM.exidx) refers to __rtentry4.o(.ARM.Collect$$rtentry$$00000004) for .ARM.Collect$$rtentry$$00000004
    sys_stackheap_outer.o(.text) refers to libspace.o(.text) for __user_perproc_libspace
    sys_stackheap_outer.o(.text) refers to startup_tle987x.o(.text) for __user_initial_stackheap
    exit.o(.text) refers to rtexit.o(.ARM.Collect$$rtexit$$00000000) for __rt_exit
    libinit.o(.ARM.Collect$$libinit$$00000000) refers (Special) to libinit2.o(.ARM.Collect$$libinit$$00000030) for __rt_lib_init_alloca_1
    libinit.o(.ARM.Collect$$libinit$$00000000) refers (Special) to libinit2.o(.ARM.Collect$$libinit$$0000002E) for __rt_lib_init_argv_1
    libinit.o(.ARM.Collect$$libinit$$00000000) refers (Special) to libinit2.o(.ARM.Collect$$libinit$$0000001D) for __rt_lib_init_atexit_1
    libinit.o(.ARM.Collect$$libinit$$00000000) refers (Special) to libinit2.o(.ARM.Collect$$libinit$$00000023) for __rt_lib_init_clock_1
    libinit.o(.ARM.Collect$$libinit$$00000000) refers (Special) to libinit2.o(.ARM.Collect$$libinit$$00000034) for __rt_lib_init_cpp_1
    libinit.o(.ARM.Collect$$libinit$$00000000) refers (Special) to libinit2.o(.ARM.Collect$$libinit$$00000032) for __rt_lib_init_exceptions_1
    libinit.o(.ARM.Collect$$libinit$$00000000) refers (Special) to libinit2.o(.ARM.Collect$$libinit$$00000002) for __rt_lib_init_fp_1
    libinit.o(.ARM.Collect$$libinit$$00000000) refers (Special) to libinit2.o(.ARM.Collect$$libinit$$00000021) for __rt_lib_init_fp_trap_1
    libinit.o(.ARM.Collect$$libinit$$00000000) refers (Special) to libinit2.o(.ARM.Collect$$libinit$$00000025) for __rt_lib_init_getenv_1
    libinit.o(.ARM.Collect$$libinit$$00000000) refers (Special) to libinit2.o(.ARM.Collect$$libinit$$0000000C) for __rt_lib_init_heap_1
    libinit.o(.ARM.Collect$$libinit$$00000000) refers (Special) to libinit2.o(.ARM.Collect$$libinit$$00000013) for __rt_lib_init_lc_collate_1
    libinit.o(.ARM.Collect$$libinit$$00000000) refers (Special) to libinit2.o(.ARM.Collect$$libinit$$00000015) for __rt_lib_init_lc_ctype_1
    libinit.o(.ARM.Collect$$libinit$$00000000) refers (Special) to libinit2.o(.ARM.Collect$$libinit$$00000017) for __rt_lib_init_lc_monetary_1
    libinit.o(.ARM.Collect$$libinit$$00000000) refers (Special) to libinit2.o(.ARM.Collect$$libinit$$00000019) for __rt_lib_init_lc_numeric_1
    libinit.o(.ARM.Collect$$libinit$$00000000) refers (Special) to libinit2.o(.ARM.Collect$$libinit$$0000001B) for __rt_lib_init_lc_time_1
    libinit.o(.ARM.Collect$$libinit$$00000000) refers (Special) to libinit2.o(.ARM.Collect$$libinit$$00000006) for __rt_lib_init_preinit_1
    libinit.o(.ARM.Collect$$libinit$$00000000) refers (Special) to libinit2.o(.ARM.Collect$$libinit$$00000010) for __rt_lib_init_rand_1
    libinit.o(.ARM.Collect$$libinit$$00000000) refers (Special) to libinit2.o(.ARM.Collect$$libinit$$00000004) for __rt_lib_init_relocate_pie_1
    libinit.o(.ARM.Collect$$libinit$$00000000) refers (Special) to libinit2.o(.ARM.Collect$$libinit$$00000035) for __rt_lib_init_return
    libinit.o(.ARM.Collect$$libinit$$00000000) refers (Special) to libinit2.o(.ARM.Collect$$libinit$$0000001F) for __rt_lib_init_signal_1
    libinit.o(.ARM.Collect$$libinit$$00000000) refers (Special) to libinit2.o(.ARM.Collect$$libinit$$00000027) for __rt_lib_init_stdio_1
    libinit.o(.ARM.Collect$$libinit$$00000000) refers (Special) to libinit2.o(.ARM.Collect$$libinit$$0000000E) for __rt_lib_init_user_alloc_1
    libspace.o(.text) refers to libspace.o(.bss) for __libspace_start
    rtexit.o(.ARM.Collect$$rtexit$$00000000) refers (Special) to rtexit2.o(.ARM.Collect$$rtexit$$00000004) for __rt_exit_exit
    rtexit.o(.ARM.Collect$$rtexit$$00000000) refers (Special) to rtexit2.o(.ARM.Collect$$rtexit$$00000003) for __rt_exit_ls
    rtexit.o(.ARM.Collect$$rtexit$$00000000) refers (Special) to rtexit2.o(.ARM.Collect$$rtexit$$00000002) for __rt_exit_prels_1
    rtexit.o(.ARM.exidx) refers (Special) to rtexit2.o(.ARM.Collect$$rtexit$$00000004) for __rt_exit_exit
    rtexit.o(.ARM.exidx) refers (Special) to rtexit2.o(.ARM.Collect$$rtexit$$00000003) for __rt_exit_ls
    rtexit.o(.ARM.exidx) refers (Special) to rtexit2.o(.ARM.Collect$$rtexit$$00000002) for __rt_exit_prels_1
    rtexit.o(.ARM.exidx) refers to rtexit.o(.ARM.Collect$$rtexit$$00000000) for .ARM.Collect$$rtexit$$00000000
    libinit2.o(.ARM.Collect$$libinit$$00000012) refers to libinit2.o(.ARM.Collect$$libinit$$00000011) for .ARM.Collect$$libinit$$00000011
    libinit2.o(.ARM.Collect$$libinit$$00000014) refers to libinit2.o(.ARM.Collect$$libinit$$00000011) for .ARM.Collect$$libinit$$00000011
    libinit2.o(.ARM.Collect$$libinit$$00000016) refers to libinit2.o(.ARM.Collect$$libinit$$00000011) for .ARM.Collect$$libinit$$00000011
    libinit2.o(.ARM.Collect$$libinit$$00000018) refers to libinit2.o(.ARM.Collect$$libinit$$00000011) for .ARM.Collect$$libinit$$00000011
    libinit2.o(.ARM.Collect$$libinit$$0000001A) refers to libinit2.o(.ARM.Collect$$libinit$$00000011) for .ARM.Collect$$libinit$$00000011
    libinit2.o(.ARM.Collect$$libinit$$00000028) refers to argv_veneer.o(.emb_text) for __ARM_argv_veneer
    libinit2.o(.ARM.Collect$$libinit$$00000029) refers to argv_veneer.o(.emb_text) for __ARM_argv_veneer
    rtexit2.o(.ARM.Collect$$rtexit$$00000003) refers to libshutdown.o(.ARM.Collect$$libshutdown$$00000000) for __rt_lib_shutdown
    rtexit2.o(.ARM.Collect$$rtexit$$00000004) refers to sys_exit.o(.text) for _sys_exit
    rtexit2.o(.ARM.exidx) refers to rtexit2.o(.ARM.Collect$$rtexit$$00000001) for .ARM.Collect$$rtexit$$00000001
    rtexit2.o(.ARM.exidx) refers to rtexit2.o(.ARM.Collect$$rtexit$$00000003) for .ARM.Collect$$rtexit$$00000003
    rtexit2.o(.ARM.exidx) refers to rtexit2.o(.ARM.Collect$$rtexit$$00000004) for .ARM.Collect$$rtexit$$00000004
    argv_veneer.o(.emb_text) refers to no_argv.o(.text) for __ARM_get_argv
    sys_exit.o(.text) refers (Special) to use_no_semi.o(.text) for __I$use$semihosting
    sys_exit.o(.text) refers (Special) to indicate_semi.o(.text) for __semihosting_library_function
    sys_exit_hlt.o(.text) refers (Special) to use_no_semi.o(.text) for __I$use$semihosting
    sys_exit_hlt.o(.text) refers (Special) to indicate_semi.o(.text) for __semihosting_library_function
    _get_argv_nomalloc.o(.text) refers (Special) to hrguard.o(.text) for __heap_region$guard
    _get_argv_nomalloc.o(.text) refers to defsig_rtmem_outer.o(.text) for __rt_SIGRTMEM
    _get_argv_nomalloc.o(.text) refers to sys_command.o(.text) for _sys_command_string
    libshutdown.o(.ARM.Collect$$libshutdown$$00000000) refers (Special) to libshutdown2.o(.ARM.Collect$$libshutdown$$00000002) for __rt_lib_shutdown_cpp_1
    libshutdown.o(.ARM.Collect$$libshutdown$$00000000) refers (Special) to libshutdown2.o(.ARM.Collect$$libshutdown$$00000007) for __rt_lib_shutdown_fp_trap_1
    libshutdown.o(.ARM.Collect$$libshutdown$$00000000) refers (Special) to libshutdown2.o(.ARM.Collect$$libshutdown$$0000000F) for __rt_lib_shutdown_heap_1
    libshutdown.o(.ARM.Collect$$libshutdown$$00000000) refers (Special) to libshutdown2.o(.ARM.Collect$$libshutdown$$00000010) for __rt_lib_shutdown_return
    libshutdown.o(.ARM.Collect$$libshutdown$$00000000) refers (Special) to libshutdown2.o(.ARM.Collect$$libshutdown$$0000000A) for __rt_lib_shutdown_signal_1
    libshutdown.o(.ARM.Collect$$libshutdown$$00000000) refers (Special) to libshutdown2.o(.ARM.Collect$$libshutdown$$00000004) for __rt_lib_shutdown_stdio_1
    libshutdown.o(.ARM.Collect$$libshutdown$$00000000) refers (Special) to libshutdown2.o(.ARM.Collect$$libshutdown$$0000000C) for __rt_lib_shutdown_user_alloc_1
    sys_command.o(.text) refers (Special) to use_no_semi.o(.text) for __I$use$semihosting
    sys_command.o(.text) refers (Special) to indicate_semi.o(.text) for __semihosting_library_function
    sys_command_hlt.o(.text) refers (Special) to use_no_semi.o(.text) for __I$use$semihosting
    sys_command_hlt.o(.text) refers (Special) to indicate_semi.o(.text) for __semihosting_library_function
    defsig_rtmem_outer.o(.text) refers to defsig_rtmem_inner.o(.text) for __rt_SIGRTMEM_inner
    defsig_rtmem_outer.o(.text) refers to defsig_exit.o(.text) for __sig_exit
    defsig_rtmem_formal.o(.text) refers to rt_raise.o(.text) for __rt_raise
    rt_raise.o(.text) refers to __raise.o(.text) for __raise
    rt_raise.o(.text) refers to sys_exit.o(.text) for _sys_exit
    defsig_exit.o(.text) refers to sys_exit.o(.text) for _sys_exit
    defsig_rtmem_inner.o(.text) refers to defsig_general.o(.text) for __default_signal_display
    __raise.o(.text) refers to defsig.o(CL$$defsig) for __default_signal_handler
    defsig_general.o(.text) refers to sys_wrch.o(.text) for _ttywrch
    sys_wrch.o(.text) refers (Special) to use_no_semi.o(.text) for __I$use$semihosting
    sys_wrch.o(.text) refers (Special) to indicate_semi.o(.text) for __semihosting_library_function
    sys_wrch_hlt.o(.text) refers (Special) to use_no_semi.o(.text) for __I$use$semihosting
    sys_wrch_hlt.o(.text) refers (Special) to indicate_semi.o(.text) for __semihosting_library_function
    defsig.o(CL$$defsig) refers to defsig_rtmem_inner.o(.text) for __rt_SIGRTMEM_inner
    defsig_abrt_inner.o(.text) refers to defsig_general.o(.text) for __default_signal_display
    defsig_fpe_inner.o(.text) refers to defsig_general.o(.text) for __default_signal_display
    defsig_rtred_inner.o(.text) refers to defsig_general.o(.text) for __default_signal_display
    defsig_stak_inner.o(.text) refers to defsig_general.o(.text) for __default_signal_display
    defsig_pvfn_inner.o(.text) refers to defsig_general.o(.text) for __default_signal_display
    defsig_cppl_inner.o(.text) refers to defsig_general.o(.text) for __default_signal_display
    defsig_segv_inner.o(.text) refers to defsig_general.o(.text) for __default_signal_display
    defsig_other.o(.text) refers to defsig_general.o(.text) for __default_signal_display


==============================================================================

Removing Unused input sections from the image.

    Removing main.o(.text), (0 bytes).
    Removing main.o(.ARM.exidx.text.main), (8 bytes).
    Removing main.o(.ARM.exidx.text.Task_1ms), (8 bytes).
    Removing main.o(.ARM.exidx.text.PORT_P01_Output_Toggle_Set), (8 bytes).
    Removing main.o(.ARM.exidx.text.Field_Inv8), (8 bytes).
    Removing main.o(.ARM.use_no_argv), (4 bytes).
    Removing bootrom.o(.text), (0 bytes).
    Removing bootrom.o(.text.ProgramPage), (174 bytes).
    Removing bootrom.o(.ARM.exidx.text.ProgramPage), (8 bytes).
    Removing bootrom.o(.text.CMSIS_Irq_Dis), (4 bytes).
    Removing bootrom.o(.ARM.exidx.text.CMSIS_Irq_Dis), (8 bytes).
    Removing bootrom.o(.text.CMSIS_Irq_En), (4 bytes).
    Removing bootrom.o(.ARM.exidx.text.CMSIS_Irq_En), (8 bytes).
    Removing bootrom.o(.text.GetCustomerID), (52 bytes).
    Removing bootrom.o(.ARM.exidx.text.GetCustomerID), (8 bytes).
    Removing bootrom.o(.rodata.USER_CFLASH_WR_PROT_DIS), (4 bytes).
    Removing bootrom.o(.rodata.USER_CFLASH_RD_PROT_EN), (4 bytes).
    Removing bootrom.o(.rodata.USER_CFLASH_RD_PROT_DIS), (4 bytes).
    Removing bootrom.o(.rodata.USER_DFLASH_WR_PROT_EN), (4 bytes).
    Removing bootrom.o(.rodata.USER_DFLASH_WR_PROT_DIS), (4 bytes).
    Removing bootrom.o(.rodata.USER_DFLASH_RD_PROT_EN), (4 bytes).
    Removing bootrom.o(.rodata.USER_DFLASH_RD_PROT_DIS), (4 bytes).
    Removing bootrom.o(.rodata.USER_OPENAB), (4 bytes).
    Removing bootrom.o(.rodata.USER_PROG), (4 bytes).
    Removing bootrom.o(.rodata.USER_ERASEPG), (4 bytes).
    Removing bootrom.o(.rodata.USER_ABORTPROG), (4 bytes).
    Removing bootrom.o(.rodata.USER_NVMRDY), (4 bytes).
    Removing bootrom.o(.rodata.USER_READ_CAL), (4 bytes).
    Removing bootrom.o(.rodata.USER_NVM_CONFIG), (4 bytes).
    Removing bootrom.o(.rodata.USER_NVM_ECC2ADDR), (4 bytes).
    Removing bootrom.o(.rodata.USER_MAPRAM_INIT), (4 bytes).
    Removing bootrom.o(.rodata.USER_READ_100TP), (4 bytes).
    Removing bootrom.o(.rodata.USER_100TP_PROG), (4 bytes).
    Removing bootrom.o(.rodata.USER_ERASE_SECTOR), (4 bytes).
    Removing bootrom.o(.rodata.USER_RAM_MBIST_START), (4 bytes).
    Removing bootrom.o(.rodata.USER_NVM_ECC_CHECK), (4 bytes).
    Removing bootrom.o(.rodata.USER_ECC_CHECK), (4 bytes).
    Removing bootrom.o(.rodata.USER_ERASE_SECTOR_VERIFY), (4 bytes).
    Removing bootrom.o(.rodata.USER_ERASEPG_VERIFY), (4 bytes).
    Removing bootrom.o(.rodata.USER_VERIFY_PAGE), (4 bytes).
    Removing int.o(.text), (0 bytes).
    Removing int.o(.ARM.exidx.text.INT_Init), (8 bytes).
    Removing isr.o(.text), (0 bytes).
    Removing isr.o(.ARM.exidx.text.CCU6SR0_IRQHandler), (8 bytes).
    Removing isr.o(.ARM.exidx.text.HardFault_Handler), (8 bytes).
    Removing isr.o(.ARM.exidx.text.MemManage_Handler), (8 bytes).
    Removing isr.o(.ARM.exidx.text.BusFault_Handler), (8 bytes).
    Removing isr.o(.ARM.exidx.text.UsageFault_Handler), (8 bytes).
    Removing isr.o(.ARM.exidx.text.SysTick_Handler), (8 bytes).
    Removing isr.o(.ARM.exidx.text.WDT1_Window_Count), (8 bytes).
    Removing lin.o(.text), (0 bytes).
    Removing lin.o(.ARM.exidx.text.LIN_Init), (8 bytes).
    Removing pmu.o(.text), (0 bytes).
    Removing pmu.o(.ARM.exidx.text.PMU_Init), (8 bytes).
    Removing pmu.o(.text.PMU_VDDEXT_On), (70 bytes).
    Removing pmu.o(.ARM.exidx.text.PMU_VDDEXT_On), (8 bytes).
    Removing pmu.o(.text.Field_Mod8), (48 bytes).
    Removing pmu.o(.ARM.exidx.text.Field_Mod8), (8 bytes).
    Removing pmu.o(.text.u1_Field_Rd8), (38 bytes).
    Removing pmu.o(.ARM.exidx.text.u1_Field_Rd8), (8 bytes).
    Removing port.o(.text), (0 bytes).
    Removing port.o(.ARM.exidx.text.PORT_Init), (8 bytes).
    Removing port.o(.text.PORT_ChangePin), (264 bytes).
    Removing port.o(.ARM.exidx.text.PORT_ChangePin), (8 bytes).
    Removing port.o(.text.CMSIS_Irq_Dis), (4 bytes).
    Removing port.o(.ARM.exidx.text.CMSIS_Irq_Dis), (8 bytes).
    Removing port.o(.text.Field_Clr8), (26 bytes).
    Removing port.o(.ARM.exidx.text.Field_Clr8), (8 bytes).
    Removing port.o(.text.Field_Mod8), (48 bytes).
    Removing port.o(.ARM.exidx.text.Field_Mod8), (8 bytes).
    Removing port.o(.text.Field_Inv8), (26 bytes).
    Removing port.o(.ARM.exidx.text.Field_Inv8), (8 bytes).
    Removing port.o(.text.CMSIS_Irq_En), (4 bytes).
    Removing port.o(.ARM.exidx.text.CMSIS_Irq_En), (8 bytes).
    Removing port.o(.text.PORT_ReadPin), (84 bytes).
    Removing port.o(.ARM.exidx.text.PORT_ReadPin), (8 bytes).
    Removing port.o(.text.u8_Field_Rd8), (34 bytes).
    Removing port.o(.ARM.exidx.text.u8_Field_Rd8), (8 bytes).
    Removing port.o(.text.PORT_ReadPort), (70 bytes).
    Removing port.o(.ARM.exidx.text.PORT_ReadPort), (8 bytes).
    Removing port.o(.text.PORT_ChangePinAlt), (160 bytes).
    Removing port.o(.ARM.exidx.text.PORT_ChangePinAlt), (8 bytes).
    Removing port.o(.rodata..L__const.PORT_ReadPort.PortMsk), (3 bytes).
    Removing scu.o(.text), (0 bytes).
    Removing scu.o(.ARM.exidx.text.SCU_ClkInit), (8 bytes).
    Removing scu.o(.ARM.exidx.text.CMSIS_Irq_Dis), (8 bytes).
    Removing scu.o(.ARM.exidx.text.Field_Mod8), (8 bytes).
    Removing scu.o(.ARM.exidx.text.PLL_setfSYStoLPCLK), (8 bytes).
    Removing scu.o(.ARM.exidx.text.PLL_setK1divToOne), (8 bytes).
    Removing scu.o(.ARM.exidx.text.PLL_setPrescalerMode), (8 bytes).
    Removing scu.o(.ARM.exidx.text.PLL_setOscTrim), (8 bytes).
    Removing scu.o(.ARM.exidx.text.PLL_setNdivFromConfigWizard), (8 bytes).
    Removing scu.o(.ARM.exidx.text.PLL_setVcoselK2divFromConfigWizard), (8 bytes).
    Removing scu.o(.ARM.exidx.text.PLL_resetPllLockDetection), (8 bytes).
    Removing scu.o(.ARM.exidx.text.PLL_waitForPllLock), (8 bytes).
    Removing scu.o(.ARM.exidx.text.PLL_setNormalMode), (8 bytes).
    Removing scu.o(.ARM.exidx.text.PLL_setfSYStofPLL), (8 bytes).
    Removing scu.o(.ARM.exidx.text.Field_Wrt8all), (8 bytes).
    Removing scu.o(.ARM.exidx.text.SCU_toggleAPCLK_SET), (8 bytes).
    Removing scu.o(.ARM.exidx.text.SCU_OpenPASSWD), (8 bytes).
    Removing scu.o(.ARM.exidx.text.SCU_ClosePASSWD), (8 bytes).
    Removing scu.o(.ARM.exidx.text.CMSIS_Irq_En), (8 bytes).
    Removing scu.o(.ARM.exidx.text.SCU_Init), (8 bytes).
    Removing scu.o(.text.SCU_EnterSlowMode), (208 bytes).
    Removing scu.o(.ARM.exidx.text.SCU_EnterSlowMode), (8 bytes).
    Removing scu.o(.text.SysTick_ReloadValue_Set), (20 bytes).
    Removing scu.o(.ARM.exidx.text.SysTick_ReloadValue_Set), (8 bytes).
    Removing scu.o(.text.SCU_ExitSlowMode), (82 bytes).
    Removing scu.o(.ARM.exidx.text.SCU_ExitSlowMode), (8 bytes).
    Removing scu.o(.text.SCU_ChangeNVMProtection), (274 bytes).
    Removing scu.o(.ARM.exidx.text.SCU_ChangeNVMProtection), (8 bytes).
    Removing scu.o(.ARM.exidx.text.u1_Field_Rd8), (8 bytes).
    Removing scu.o(.ARM.exidx.text.CMSIS_NOP), (8 bytes).
    Removing scu.o(.data.SystemFrequency), (4 bytes).
    Removing scu.o(.rodata.cst32), (32 bytes).
    Removing system_tle987x.o(.text), (0 bytes).
    Removing system_tle987x.o(.ARM.exidx.text.SystemInit), (8 bytes).
    Removing tle_device.o(.text), (0 bytes).
    Removing tle_device.o(.ARM.exidx.text.TLE_Init), (8 bytes).
    Removing wdt1.o(.text), (0 bytes).
    Removing wdt1.o(.ARM.exidx.text.WDT1_Init), (8 bytes).
    Removing wdt1.o(.ARM.exidx.text.SysTick_Init), (8 bytes).
    Removing wdt1.o(.text.WDT1_Stop), (18 bytes).
    Removing wdt1.o(.ARM.exidx.text.WDT1_Stop), (8 bytes).
    Removing wdt1.o(.ARM.exidx.text.WDT1_Service), (8 bytes).
    Removing wdt1.o(.text.WDT1_SOW_Service), (38 bytes).
    Removing wdt1.o(.ARM.exidx.text.WDT1_SOW_Service), (8 bytes).
    Removing wdt1.o(.text.Delay_us), (254 bytes).
    Removing wdt1.o(.ARM.exidx.text.Delay_us), (8 bytes).
    Removing wdt1.o(.text.SysTick_ReloadValue_Get), (12 bytes).
    Removing wdt1.o(.ARM.exidx.text.SysTick_ReloadValue_Get), (8 bytes).
    Removing wdt1.o(.text.SysTick_Value_Get), (12 bytes).
    Removing wdt1.o(.ARM.exidx.text.SysTick_Value_Get), (8 bytes).

133 unused section(s) (total 2707 bytes) removed from the image.

==============================================================================

Image Symbol Table

    Local Symbols

    Symbol Name                              Value     Ov Type        Size  Object(Section)

    ../clib/angel/boardlib.s                 0x00000000   Number         0  boardinit1.o ABSOLUTE
    ../clib/angel/boardlib.s                 0x00000000   Number         0  boardinit2.o ABSOLUTE
    ../clib/angel/boardlib.s                 0x00000000   Number         0  boardinit3.o ABSOLUTE
    ../clib/angel/boardlib.s                 0x00000000   Number         0  boardshut.o ABSOLUTE
    ../clib/angel/handlers.s                 0x00000000   Number         0  __scatter_zi.o ABSOLUTE
    ../clib/angel/kernel.s                   0x00000000   Number         0  __rtentry.o ABSOLUTE
    ../clib/angel/kernel.s                   0x00000000   Number         0  __rtentry2.o ABSOLUTE
    ../clib/angel/kernel.s                   0x00000000   Number         0  __rtentry4.o ABSOLUTE
    ../clib/angel/kernel.s                   0x00000000   Number         0  rtexit.o ABSOLUTE
    ../clib/angel/kernel.s                   0x00000000   Number         0  rtexit2.o ABSOLUTE
    ../clib/angel/rt.s                       0x00000000   Number         0  rt_raise.o ABSOLUTE
    ../clib/angel/scatter.s                  0x00000000   Number         0  __scatter.o ABSOLUTE
    ../clib/angel/startup.s                  0x00000000   Number         0  __main.o ABSOLUTE
    ../clib/angel/sys.s                      0x00000000   Number         0  sys_stackheap_outer.o ABSOLUTE
    ../clib/angel/sys.s                      0x00000000   Number         0  libspace.o ABSOLUTE
    ../clib/angel/sys.s                      0x00000000   Number         0  use_no_semi.o ABSOLUTE
    ../clib/angel/sys.s                      0x00000000   Number         0  indicate_semi.o ABSOLUTE
    ../clib/angel/sysapp.c                   0x00000000   Number         0  sys_exit.o ABSOLUTE
    ../clib/angel/sysapp.c                   0x00000000   Number         0  sys_exit_hlt.o ABSOLUTE
    ../clib/angel/sysapp.c                   0x00000000   Number         0  sys_command.o ABSOLUTE
    ../clib/angel/sysapp.c                   0x00000000   Number         0  sys_command_hlt.o ABSOLUTE
    ../clib/angel/sysapp.c                   0x00000000   Number         0  sys_wrch.o ABSOLUTE
    ../clib/angel/sysapp.c                   0x00000000   Number         0  sys_wrch_hlt.o ABSOLUTE
    ../clib/armsys.c                         0x00000000   Number         0  argv_veneer.o ABSOLUTE
    ../clib/armsys.c                         0x00000000   Number         0  argv_veneer.o ABSOLUTE
    ../clib/armsys.c                         0x00000000   Number         0  _get_argv_nomalloc.o ABSOLUTE
    ../clib/armsys.c                         0x00000000   Number         0  no_argv.o ABSOLUTE
    ../clib/heapalloc.c                      0x00000000   Number         0  hrguard.o ABSOLUTE
    ../clib/heapaux.c                        0x00000000   Number         0  heapauxi.o ABSOLUTE
    ../clib/libinit.s                        0x00000000   Number         0  libinit.o ABSOLUTE
    ../clib/libinit.s                        0x00000000   Number         0  libinit2.o ABSOLUTE
    ../clib/libinit.s                        0x00000000   Number         0  libshutdown.o ABSOLUTE
    ../clib/libinit.s                        0x00000000   Number         0  libshutdown2.o ABSOLUTE
    ../clib/memcpset.s                       0x00000000   Number         0  rt_memcpy_v6.o ABSOLUTE
    ../clib/memcpset.s                       0x00000000   Number         0  rt_memcpy_w.o ABSOLUTE
    ../clib/signal.c                         0x00000000   Number         0  defsig_rtmem_outer.o ABSOLUTE
    ../clib/signal.c                         0x00000000   Number         0  defsig_rtmem_formal.o ABSOLUTE
    ../clib/signal.c                         0x00000000   Number         0  defsig_exit.o ABSOLUTE
    ../clib/signal.c                         0x00000000   Number         0  defsig_rtmem_inner.o ABSOLUTE
    ../clib/signal.c                         0x00000000   Number         0  __raise.o ABSOLUTE
    ../clib/signal.c                         0x00000000   Number         0  defsig_general.o ABSOLUTE
    ../clib/signal.c                         0x00000000   Number         0  defsig_abrt_inner.o ABSOLUTE
    ../clib/signal.c                         0x00000000   Number         0  defsig_fpe_inner.o ABSOLUTE
    ../clib/signal.c                         0x00000000   Number         0  defsig_rtred_inner.o ABSOLUTE
    ../clib/signal.c                         0x00000000   Number         0  defsig_stak_inner.o ABSOLUTE
    ../clib/signal.c                         0x00000000   Number         0  defsig_pvfn_inner.o ABSOLUTE
    ../clib/signal.c                         0x00000000   Number         0  defsig_cppl_inner.o ABSOLUTE
    ../clib/signal.c                         0x00000000   Number         0  defsig_segv_inner.o ABSOLUTE
    ../clib/signal.c                         0x00000000   Number         0  defsig_other.o ABSOLUTE
    ../clib/signal.s                         0x00000000   Number         0  defsig.o ABSOLUTE
    ../clib/stdlib.c                         0x00000000   Number         0  exit.o ABSOLUTE
    ../fplib/fpinit.s                        0x00000000   Number         0  fpinit.o ABSOLUTE
    ../fplib/fpinit_empty.s                  0x00000000   Number         0  fpinit_empty.o ABSOLUTE
    RTE\Device\TLE9879QXA40\startup_tle987x.S 0x00000000   Number         0  startup_tle987x.o ABSOLUTE
    bootrom.c                                0x00000000   Number         0  bootrom.o ABSOLUTE
    dc.s                                     0x00000000   Number         0  dc.o ABSOLUTE
    int.c                                    0x00000000   Number         0  int.o ABSOLUTE
    isr.c                                    0x00000000   Number         0  isr.o ABSOLUTE
    lin.c                                    0x00000000   Number         0  lin.o ABSOLUTE
    main.c                                   0x00000000   Number         0  main.o ABSOLUTE
    pmu.c                                    0x00000000   Number         0  pmu.o ABSOLUTE
    port.c                                   0x00000000   Number         0  port.o ABSOLUTE
    scu.c                                    0x00000000   Number         0  scu.o ABSOLUTE
    system_tle987x.c                         0x00000000   Number         0  system_tle987x.o ABSOLUTE
    tle_device.c                             0x00000000   Number         0  tle_device.o ABSOLUTE
    wdt1.c                                   0x00000000   Number         0  wdt1.o ABSOLUTE
    RESET                                    0x11000000   Section      128  startup_tle987x.o(RESET)
    !!!main                                  0x11000080   Section        8  __main.o(!!!main)
    !!!scatter                               0x11000088   Section       52  __scatter.o(!!!scatter)
    !!handler_zi                             0x110000bc   Section       28  __scatter_zi.o(!!handler_zi)
    .ARM.Collect$$libinit$$00000000          0x110000d8   Section        2  libinit.o(.ARM.Collect$$libinit$$00000000)
    .ARM.Collect$$libinit$$00000002          0x110000da   Section        0  libinit2.o(.ARM.Collect$$libinit$$00000002)
    .ARM.Collect$$libinit$$00000004          0x110000da   Section        0  libinit2.o(.ARM.Collect$$libinit$$00000004)
    .ARM.Collect$$libinit$$00000006          0x110000da   Section        0  libinit2.o(.ARM.Collect$$libinit$$00000006)
    .ARM.Collect$$libinit$$0000000C          0x110000da   Section        0  libinit2.o(.ARM.Collect$$libinit$$0000000C)
    .ARM.Collect$$libinit$$0000000E          0x110000da   Section        0  libinit2.o(.ARM.Collect$$libinit$$0000000E)
    .ARM.Collect$$libinit$$00000010          0x110000da   Section        0  libinit2.o(.ARM.Collect$$libinit$$00000010)
    .ARM.Collect$$libinit$$00000013          0x110000da   Section        0  libinit2.o(.ARM.Collect$$libinit$$00000013)
    .ARM.Collect$$libinit$$00000015          0x110000da   Section        0  libinit2.o(.ARM.Collect$$libinit$$00000015)
    .ARM.Collect$$libinit$$00000017          0x110000da   Section        0  libinit2.o(.ARM.Collect$$libinit$$00000017)
    .ARM.Collect$$libinit$$00000019          0x110000da   Section        0  libinit2.o(.ARM.Collect$$libinit$$00000019)
    .ARM.Collect$$libinit$$0000001B          0x110000da   Section        0  libinit2.o(.ARM.Collect$$libinit$$0000001B)
    .ARM.Collect$$libinit$$0000001D          0x110000da   Section        0  libinit2.o(.ARM.Collect$$libinit$$0000001D)
    .ARM.Collect$$libinit$$0000001F          0x110000da   Section        0  libinit2.o(.ARM.Collect$$libinit$$0000001F)
    .ARM.Collect$$libinit$$00000021          0x110000da   Section        0  libinit2.o(.ARM.Collect$$libinit$$00000021)
    .ARM.Collect$$libinit$$00000023          0x110000da   Section        0  libinit2.o(.ARM.Collect$$libinit$$00000023)
    .ARM.Collect$$libinit$$00000025          0x110000da   Section        0  libinit2.o(.ARM.Collect$$libinit$$00000025)
    .ARM.Collect$$libinit$$00000027          0x110000da   Section        0  libinit2.o(.ARM.Collect$$libinit$$00000027)
    .ARM.Collect$$libinit$$0000002E          0x110000da   Section        0  libinit2.o(.ARM.Collect$$libinit$$0000002E)
    .ARM.Collect$$libinit$$00000030          0x110000da   Section        0  libinit2.o(.ARM.Collect$$libinit$$00000030)
    .ARM.Collect$$libinit$$00000032          0x110000da   Section        0  libinit2.o(.ARM.Collect$$libinit$$00000032)
    .ARM.Collect$$libinit$$00000034          0x110000da   Section        0  libinit2.o(.ARM.Collect$$libinit$$00000034)
    .ARM.Collect$$libinit$$00000035          0x110000da   Section        2  libinit2.o(.ARM.Collect$$libinit$$00000035)
    .ARM.Collect$$libshutdown$$00000000      0x110000dc   Section        2  libshutdown.o(.ARM.Collect$$libshutdown$$00000000)
    .ARM.Collect$$libshutdown$$00000002      0x110000de   Section        0  libshutdown2.o(.ARM.Collect$$libshutdown$$00000002)
    .ARM.Collect$$libshutdown$$00000004      0x110000de   Section        0  libshutdown2.o(.ARM.Collect$$libshutdown$$00000004)
    .ARM.Collect$$libshutdown$$00000007      0x110000de   Section        0  libshutdown2.o(.ARM.Collect$$libshutdown$$00000007)
    .ARM.Collect$$libshutdown$$0000000A      0x110000de   Section        0  libshutdown2.o(.ARM.Collect$$libshutdown$$0000000A)
    .ARM.Collect$$libshutdown$$0000000C      0x110000de   Section        0  libshutdown2.o(.ARM.Collect$$libshutdown$$0000000C)
    .ARM.Collect$$libshutdown$$0000000F      0x110000de   Section        0  libshutdown2.o(.ARM.Collect$$libshutdown$$0000000F)
    .ARM.Collect$$libshutdown$$00000010      0x110000de   Section        2  libshutdown2.o(.ARM.Collect$$libshutdown$$00000010)
    .ARM.Collect$$rtentry$$00000000          0x110000e0   Section        0  __rtentry.o(.ARM.Collect$$rtentry$$00000000)
    .ARM.Collect$$rtentry$$00000002          0x110000e0   Section        0  __rtentry2.o(.ARM.Collect$$rtentry$$00000002)
    .ARM.Collect$$rtentry$$00000004          0x110000e0   Section        6  __rtentry4.o(.ARM.Collect$$rtentry$$00000004)
    .ARM.Collect$$rtentry$$00000009          0x110000e6   Section        0  __rtentry2.o(.ARM.Collect$$rtentry$$00000009)
    .ARM.Collect$$rtentry$$0000000A          0x110000e6   Section        4  __rtentry2.o(.ARM.Collect$$rtentry$$0000000A)
    .ARM.Collect$$rtentry$$0000000C          0x110000ea   Section        0  __rtentry2.o(.ARM.Collect$$rtentry$$0000000C)
    .ARM.Collect$$rtentry$$0000000D          0x110000ea   Section        8  __rtentry2.o(.ARM.Collect$$rtentry$$0000000D)
    .ARM.Collect$$rtexit$$00000000           0x110000f2   Section        2  rtexit.o(.ARM.Collect$$rtexit$$00000000)
    .ARM.Collect$$rtexit$$00000002           0x110000f4   Section        0  rtexit2.o(.ARM.Collect$$rtexit$$00000002)
    .ARM.Collect$$rtexit$$00000003           0x110000f4   Section        4  rtexit2.o(.ARM.Collect$$rtexit$$00000003)
    .ARM.Collect$$rtexit$$00000004           0x110000f8   Section        6  rtexit2.o(.ARM.Collect$$rtexit$$00000004)
    .text                                    0x11000100   Section       88  startup_tle987x.o(.text)
    SVC_Handler                              0x11000115   Thumb Code    24  startup_tle987x.o(.text)
    .text                                    0x11000158   Section        0  heapauxi.o(.text)
    .text                                    0x1100015e   Section       74  sys_stackheap_outer.o(.text)
    .text                                    0x110001a8   Section        0  exit.o(.text)
    .text                                    0x110001bc   Section        8  libspace.o(.text)
    .text                                    0x110001c4   Section        0  sys_exit.o(.text)
    .text                                    0x110001d0   Section        2  use_no_semi.o(.text)
    .text                                    0x110001d2   Section        0  indicate_semi.o(.text)
    [Anonymous Symbol]                       0x110001d4   Section        0  isr.o(.text.BusFault_Handler)
    [Anonymous Symbol]                       0x110001d8   Section        0  isr.o(.text.CCU6SR0_IRQHandler)
    CMSIS_Irq_Dis                            0x110001ed   Thumb Code     4  scu.o(.text.CMSIS_Irq_Dis)
    [Anonymous Symbol]                       0x110001ec   Section        0  scu.o(.text.CMSIS_Irq_Dis)
    CMSIS_Irq_En                             0x110001f1   Thumb Code     4  scu.o(.text.CMSIS_Irq_En)
    [Anonymous Symbol]                       0x110001f0   Section        0  scu.o(.text.CMSIS_Irq_En)
    CMSIS_NOP                                0x110001f5   Thumb Code     4  scu.o(.text.CMSIS_NOP)
    [Anonymous Symbol]                       0x110001f4   Section        0  scu.o(.text.CMSIS_NOP)
    Field_Inv8                               0x110001f9   Thumb Code    26  main.o(.text.Field_Inv8)
    [Anonymous Symbol]                       0x110001f8   Section        0  main.o(.text.Field_Inv8)
    Field_Mod8                               0x11000215   Thumb Code    48  scu.o(.text.Field_Mod8)
    [Anonymous Symbol]                       0x11000214   Section        0  scu.o(.text.Field_Mod8)
    Field_Wrt8all                            0x11000245   Thumb Code    20  scu.o(.text.Field_Wrt8all)
    [Anonymous Symbol]                       0x11000244   Section        0  scu.o(.text.Field_Wrt8all)
    [Anonymous Symbol]                       0x11000258   Section        0  isr.o(.text.HardFault_Handler)
    [Anonymous Symbol]                       0x1100025c   Section        0  int.o(.text.INT_Init)
    [Anonymous Symbol]                       0x11000368   Section        0  lin.o(.text.LIN_Init)
    [Anonymous Symbol]                       0x1100036c   Section        0  isr.o(.text.MemManage_Handler)
    PLL_resetPllLockDetection                0x11000371   Thumb Code    22  scu.o(.text.PLL_resetPllLockDetection)
    [Anonymous Symbol]                       0x11000370   Section        0  scu.o(.text.PLL_resetPllLockDetection)
    PLL_setK1divToOne                        0x11000389   Thumb Code    54  scu.o(.text.PLL_setK1divToOne)
    [Anonymous Symbol]                       0x11000388   Section        0  scu.o(.text.PLL_setK1divToOne)
    PLL_setNdivFromConfigWizard              0x110003c1   Thumb Code    64  scu.o(.text.PLL_setNdivFromConfigWizard)
    [Anonymous Symbol]                       0x110003c0   Section        0  scu.o(.text.PLL_setNdivFromConfigWizard)
    PLL_setNormalMode                        0x11000401   Thumb Code    22  scu.o(.text.PLL_setNormalMode)
    [Anonymous Symbol]                       0x11000400   Section        0  scu.o(.text.PLL_setNormalMode)
    PLL_setOscTrim                           0x11000419   Thumb Code    66  scu.o(.text.PLL_setOscTrim)
    [Anonymous Symbol]                       0x11000418   Section        0  scu.o(.text.PLL_setOscTrim)
    PLL_setPrescalerMode                     0x1100045d   Thumb Code    22  scu.o(.text.PLL_setPrescalerMode)
    [Anonymous Symbol]                       0x1100045c   Section        0  scu.o(.text.PLL_setPrescalerMode)
    PLL_setVcoselK2divFromConfigWizard       0x11000475   Thumb Code    24  scu.o(.text.PLL_setVcoselK2divFromConfigWizard)
    [Anonymous Symbol]                       0x11000474   Section        0  scu.o(.text.PLL_setVcoselK2divFromConfigWizard)
    PLL_setfSYStoLPCLK                       0x1100048d   Thumb Code    54  scu.o(.text.PLL_setfSYStoLPCLK)
    [Anonymous Symbol]                       0x1100048c   Section        0  scu.o(.text.PLL_setfSYStoLPCLK)
    PLL_setfSYStofPLL                        0x110004c5   Thumb Code    54  scu.o(.text.PLL_setfSYStofPLL)
    [Anonymous Symbol]                       0x110004c4   Section        0  scu.o(.text.PLL_setfSYStofPLL)
    PLL_waitForPllLock                       0x110004fd   Thumb Code    28  scu.o(.text.PLL_waitForPllLock)
    [Anonymous Symbol]                       0x110004fc   Section        0  scu.o(.text.PLL_waitForPllLock)
    [Anonymous Symbol]                       0x11000518   Section        0  pmu.o(.text.PMU_Init)
    [Anonymous Symbol]                       0x110005b8   Section        0  port.o(.text.PORT_Init)
    PORT_P01_Output_Toggle_Set               0x110006a9   Thumb Code    18  main.o(.text.PORT_P01_Output_Toggle_Set)
    [Anonymous Symbol]                       0x110006a8   Section        0  main.o(.text.PORT_P01_Output_Toggle_Set)
    [Anonymous Symbol]                       0x110006bc   Section        0  scu.o(.text.SCU_ClkInit)
    SCU_ClosePASSWD                          0x11000795   Thumb Code    18  scu.o(.text.SCU_ClosePASSWD)
    [Anonymous Symbol]                       0x11000794   Section        0  scu.o(.text.SCU_ClosePASSWD)
    [Anonymous Symbol]                       0x110007a8   Section        0  scu.o(.text.SCU_Init)
    SCU_OpenPASSWD                           0x11000825   Thumb Code    18  scu.o(.text.SCU_OpenPASSWD)
    [Anonymous Symbol]                       0x11000824   Section        0  scu.o(.text.SCU_OpenPASSWD)
    SCU_toggleAPCLK_SET                      0x11000839   Thumb Code    92  scu.o(.text.SCU_toggleAPCLK_SET)
    [Anonymous Symbol]                       0x11000838   Section        0  scu.o(.text.SCU_toggleAPCLK_SET)
    [Anonymous Symbol]                       0x11000894   Section        0  isr.o(.text.SysTick_Handler)
    [Anonymous Symbol]                       0x110008a0   Section        0  wdt1.o(.text.SysTick_Init)
    [Anonymous Symbol]                       0x110008dc   Section        0  system_tle987x.o(.text.SystemInit)
    [Anonymous Symbol]                       0x11000910   Section        0  tle_device.o(.text.TLE_Init)
    [Anonymous Symbol]                       0x11000928   Section        0  main.o(.text.Task_1ms)
    [Anonymous Symbol]                       0x11000958   Section        0  isr.o(.text.UsageFault_Handler)
    [Anonymous Symbol]                       0x1100095c   Section        0  wdt1.o(.text.WDT1_Init)
    [Anonymous Symbol]                       0x11000980   Section        0  wdt1.o(.text.WDT1_Service)
    WDT1_Window_Count                        0x110009e1   Thumb Code    16  isr.o(.text.WDT1_Window_Count)
    [Anonymous Symbol]                       0x110009e0   Section        0  isr.o(.text.WDT1_Window_Count)
    [Anonymous Symbol]                       0x110009f0   Section        0  main.o(.text.main)
    u1_Field_Rd8                             0x11000a15   Thumb Code    38  scu.o(.text.u1_Field_Rd8)
    [Anonymous Symbol]                       0x11000a14   Section        0  scu.o(.text.u1_Field_Rd8)
    __tagsym$$used.0                         0x1101effc   Number         0  system_tle987x.o(.ARM.__at_0x1101EFFC)
    .bss                                     0x18000018   Section       96  libspace.o(.bss)
    bSOWactive                               0x1800007c   Data           1  wdt1.o(.bss.bSOWactive)
    [Anonymous Symbol]                       0x1800007c   Section        0  wdt1.o(.bss.bSOWactive)
    ms                                       0x1800007e   Data           2  main.o(.bss.ms)
    [Anonymous Symbol]                       0x1800007e   Section        0  main.o(.bss.ms)
    Heap_Mem                                 0x18000080   Data           0  startup_tle987x.o(HEAP)
    Stack_Mem                                0x18000080   Data         512  startup_tle987x.o(STACK)
    HEAP                                     0x18000080   Section        0  startup_tle987x.o(HEAP)
    STACK                                    0x18000080   Section      512  startup_tle987x.o(STACK)
    __initial_sp                             0x18000280   Data           0  startup_tle987x.o(STACK)

    Global Symbols

    Symbol Name                              Value     Ov Type        Size  Object(Section)

    BuildAttributes$$THM_ISAv4$P$D$K$B$S$PE$A:L22UL41UL21$X:L11$S22US41US21$IEEE1$IW$~IW$USESV6$~STKCKD$USESV7$~SHL$OSPACE$ROPI$EBA8$UX$STANDARDLIB$REQ8$PRES8$EABIv2 0x00000000   Number         0  anon$$obj.o ABSOLUTE
    __fp_init_empty                          0x00000000   Number         0  fpinit_empty.o ABSOLUTE
    __ARM_exceptions_init                     - Undefined Weak Reference
    __alloca_initialize                       - Undefined Weak Reference
    __arm_preinit_                            - Undefined Weak Reference
    __arm_relocate_pie_                       - Undefined Weak Reference
    __cpp_initialize__aeabi_                  - Undefined Weak Reference
    __cxa_finalize                            - Undefined Weak Reference
    __rt_locale                               - Undefined Weak Reference
    __sigvec_lookup                           - Undefined Weak Reference
    _atexit_init                              - Undefined Weak Reference
    _call_atexit_fns                          - Undefined Weak Reference
    _clock_init                               - Undefined Weak Reference
    _fp_trap_init                             - Undefined Weak Reference
    _fp_trap_shutdown                         - Undefined Weak Reference
    _get_lc_collate                           - Undefined Weak Reference
    _get_lc_ctype                             - Undefined Weak Reference
    _get_lc_monetary                          - Undefined Weak Reference
    _get_lc_numeric                           - Undefined Weak Reference
    _get_lc_time                              - Undefined Weak Reference
    _getenv_init                              - Undefined Weak Reference
    _handle_redirection                       - Undefined Weak Reference
    _init_alloc                               - Undefined Weak Reference
    _init_user_alloc                          - Undefined Weak Reference
    _initio                                   - Undefined Weak Reference
    _rand_init                                - Undefined Weak Reference
    _signal_finish                            - Undefined Weak Reference
    _signal_init                              - Undefined Weak Reference
    _terminate_alloc                          - Undefined Weak Reference
    _terminate_user_alloc                     - Undefined Weak Reference
    _terminateio                              - Undefined Weak Reference
    __Vectors_Size                           0x00000080   Number         0  startup_tle987x.o ABSOLUTE
    __Vectors                                0x11000000   Data           4  startup_tle987x.o(RESET)
    __Vectors_End                            0x11000080   Data           0  startup_tle987x.o(RESET)
    __main                                   0x11000081   Thumb Code     8  __main.o(!!!main)
    __scatterload                            0x11000089   Thumb Code     0  __scatter.o(!!!scatter)
    __scatterload_rt2                        0x11000089   Thumb Code    44  __scatter.o(!!!scatter)
    __scatterload_rt2_thumb_only             0x11000089   Thumb Code     0  __scatter.o(!!!scatter)
    __scatterload_null                       0x11000097   Thumb Code     0  __scatter.o(!!!scatter)
    __scatterload_zeroinit                   0x110000bd   Thumb Code    28  __scatter_zi.o(!!handler_zi)
    __rt_lib_init                            0x110000d9   Thumb Code     0  libinit.o(.ARM.Collect$$libinit$$00000000)
    __rt_lib_init_alloca_1                   0x110000db   Thumb Code     0  libinit2.o(.ARM.Collect$$libinit$$00000030)
    __rt_lib_init_argv_1                     0x110000db   Thumb Code     0  libinit2.o(.ARM.Collect$$libinit$$0000002E)
    __rt_lib_init_atexit_1                   0x110000db   Thumb Code     0  libinit2.o(.ARM.Collect$$libinit$$0000001D)
    __rt_lib_init_clock_1                    0x110000db   Thumb Code     0  libinit2.o(.ARM.Collect$$libinit$$00000023)
    __rt_lib_init_cpp_1                      0x110000db   Thumb Code     0  libinit2.o(.ARM.Collect$$libinit$$00000034)
    __rt_lib_init_exceptions_1               0x110000db   Thumb Code     0  libinit2.o(.ARM.Collect$$libinit$$00000032)
    __rt_lib_init_fp_1                       0x110000db   Thumb Code     0  libinit2.o(.ARM.Collect$$libinit$$00000002)
    __rt_lib_init_fp_trap_1                  0x110000db   Thumb Code     0  libinit2.o(.ARM.Collect$$libinit$$00000021)
    __rt_lib_init_getenv_1                   0x110000db   Thumb Code     0  libinit2.o(.ARM.Collect$$libinit$$00000025)
    __rt_lib_init_heap_1                     0x110000db   Thumb Code     0  libinit2.o(.ARM.Collect$$libinit$$0000000C)
    __rt_lib_init_lc_collate_1               0x110000db   Thumb Code     0  libinit2.o(.ARM.Collect$$libinit$$00000013)
    __rt_lib_init_lc_ctype_1                 0x110000db   Thumb Code     0  libinit2.o(.ARM.Collect$$libinit$$00000015)
    __rt_lib_init_lc_monetary_1              0x110000db   Thumb Code     0  libinit2.o(.ARM.Collect$$libinit$$00000017)
    __rt_lib_init_lc_numeric_1               0x110000db   Thumb Code     0  libinit2.o(.ARM.Collect$$libinit$$00000019)
    __rt_lib_init_lc_time_1                  0x110000db   Thumb Code     0  libinit2.o(.ARM.Collect$$libinit$$0000001B)
    __rt_lib_init_preinit_1                  0x110000db   Thumb Code     0  libinit2.o(.ARM.Collect$$libinit$$00000006)
    __rt_lib_init_rand_1                     0x110000db   Thumb Code     0  libinit2.o(.ARM.Collect$$libinit$$00000010)
    __rt_lib_init_relocate_pie_1             0x110000db   Thumb Code     0  libinit2.o(.ARM.Collect$$libinit$$00000004)
    __rt_lib_init_return                     0x110000db   Thumb Code     0  libinit2.o(.ARM.Collect$$libinit$$00000035)
    __rt_lib_init_signal_1                   0x110000db   Thumb Code     0  libinit2.o(.ARM.Collect$$libinit$$0000001F)
    __rt_lib_init_stdio_1                    0x110000db   Thumb Code     0  libinit2.o(.ARM.Collect$$libinit$$00000027)
    __rt_lib_init_user_alloc_1               0x110000db   Thumb Code     0  libinit2.o(.ARM.Collect$$libinit$$0000000E)
    __rt_lib_shutdown                        0x110000dd   Thumb Code     0  libshutdown.o(.ARM.Collect$$libshutdown$$00000000)
    __rt_lib_shutdown_cpp_1                  0x110000df   Thumb Code     0  libshutdown2.o(.ARM.Collect$$libshutdown$$00000002)
    __rt_lib_shutdown_fp_trap_1              0x110000df   Thumb Code     0  libshutdown2.o(.ARM.Collect$$libshutdown$$00000007)
    __rt_lib_shutdown_heap_1                 0x110000df   Thumb Code     0  libshutdown2.o(.ARM.Collect$$libshutdown$$0000000F)
    __rt_lib_shutdown_return                 0x110000df   Thumb Code     0  libshutdown2.o(.ARM.Collect$$libshutdown$$00000010)
    __rt_lib_shutdown_signal_1               0x110000df   Thumb Code     0  libshutdown2.o(.ARM.Collect$$libshutdown$$0000000A)
    __rt_lib_shutdown_stdio_1                0x110000df   Thumb Code     0  libshutdown2.o(.ARM.Collect$$libshutdown$$00000004)
    __rt_lib_shutdown_user_alloc_1           0x110000df   Thumb Code     0  libshutdown2.o(.ARM.Collect$$libshutdown$$0000000C)
    __rt_entry                               0x110000e1   Thumb Code     0  __rtentry.o(.ARM.Collect$$rtentry$$00000000)
    __rt_entry_presh_1                       0x110000e1   Thumb Code     0  __rtentry2.o(.ARM.Collect$$rtentry$$00000002)
    __rt_entry_sh                            0x110000e1   Thumb Code     0  __rtentry4.o(.ARM.Collect$$rtentry$$00000004)
    __rt_entry_li                            0x110000e7   Thumb Code     0  __rtentry2.o(.ARM.Collect$$rtentry$$0000000A)
    __rt_entry_postsh_1                      0x110000e7   Thumb Code     0  __rtentry2.o(.ARM.Collect$$rtentry$$00000009)
    __rt_entry_main                          0x110000eb   Thumb Code     0  __rtentry2.o(.ARM.Collect$$rtentry$$0000000D)
    __rt_entry_postli_1                      0x110000eb   Thumb Code     0  __rtentry2.o(.ARM.Collect$$rtentry$$0000000C)
    __rt_exit                                0x110000f3   Thumb Code     0  rtexit.o(.ARM.Collect$$rtexit$$00000000)
    __rt_exit_ls                             0x110000f5   Thumb Code     0  rtexit2.o(.ARM.Collect$$rtexit$$00000003)
    __rt_exit_prels_1                        0x110000f5   Thumb Code     0  rtexit2.o(.ARM.Collect$$rtexit$$00000002)
    __rt_exit_exit                           0x110000f9   Thumb Code     0  rtexit2.o(.ARM.Collect$$rtexit$$00000004)
    Reset_Handler                            0x11000101   Thumb Code     8  startup_tle987x.o(.text)
    SVC_Handler_main                         0x11000109   Thumb Code     2  startup_tle987x.o(.text)
    NMI_Handler                              0x1100010b   Thumb Code     2  startup_tle987x.o(.text)
    DebugMon_Handler                         0x1100012d   Thumb Code     2  startup_tle987x.o(.text)
    PendSV_Handler                           0x1100012f   Thumb Code     2  startup_tle987x.o(.text)
    ADC1_IRQHandler                          0x11000133   Thumb Code     0  startup_tle987x.o(.text)
    ADC2_IRQHandler                          0x11000133   Thumb Code     0  startup_tle987x.o(.text)
    BDRV_IRQHandler                          0x11000133   Thumb Code     0  startup_tle987x.o(.text)
    CCU6SR1_IRQHandler                       0x11000133   Thumb Code     0  startup_tle987x.o(.text)
    CCU6SR2_IRQHandler                       0x11000133   Thumb Code     0  startup_tle987x.o(.text)
    CCU6SR3_IRQHandler                       0x11000133   Thumb Code     0  startup_tle987x.o(.text)
    DMA_IRQHandler                           0x11000133   Thumb Code     0  startup_tle987x.o(.text)
    EXINT0_IRQHandler                        0x11000133   Thumb Code     0  startup_tle987x.o(.text)
    EXINT1_IRQHandler                        0x11000133   Thumb Code     0  startup_tle987x.o(.text)
    GPT1_IRQHandler                          0x11000133   Thumb Code     0  startup_tle987x.o(.text)
    GPT2_IRQHandler                          0x11000133   Thumb Code     0  startup_tle987x.o(.text)
    SSC1_IRQHandler                          0x11000133   Thumb Code     0  startup_tle987x.o(.text)
    SSC2_IRQHandler                          0x11000133   Thumb Code     0  startup_tle987x.o(.text)
    UART1_IRQHandler                         0x11000133   Thumb Code     0  startup_tle987x.o(.text)
    UART2_IRQHandler                         0x11000133   Thumb Code     0  startup_tle987x.o(.text)
    __user_initial_stackheap                 0x11000135   Thumb Code     0  startup_tle987x.o(.text)
    __use_two_region_memory                  0x11000159   Thumb Code     2  heapauxi.o(.text)
    __rt_heap_escrow$2region                 0x1100015b   Thumb Code     2  heapauxi.o(.text)
    __rt_heap_expand$2region                 0x1100015d   Thumb Code     2  heapauxi.o(.text)
    __user_setup_stackheap                   0x1100015f   Thumb Code    74  sys_stackheap_outer.o(.text)
    exit                                     0x110001a9   Thumb Code    18  exit.o(.text)
    __user_libspace                          0x110001bd   Thumb Code     8  libspace.o(.text)
    __user_perproc_libspace                  0x110001bd   Thumb Code     0  libspace.o(.text)
    __user_perthread_libspace                0x110001bd   Thumb Code     0  libspace.o(.text)
    _sys_exit                                0x110001c5   Thumb Code     8  sys_exit.o(.text)
    __I$use$semihosting                      0x110001d1   Thumb Code     0  use_no_semi.o(.text)
    __use_no_semihosting_swi                 0x110001d1   Thumb Code     2  use_no_semi.o(.text)
    __semihosting_library_function           0x110001d3   Thumb Code     0  indicate_semi.o(.text)
    BusFault_Handler                         0x110001d5   Thumb Code     2  isr.o(.text.BusFault_Handler)
    CCU6SR0_IRQHandler                       0x110001d9   Thumb Code    18  isr.o(.text.CCU6SR0_IRQHandler)
    HardFault_Handler                        0x11000259   Thumb Code     2  isr.o(.text.HardFault_Handler)
    INT_Init                                 0x1100025d   Thumb Code   268  int.o(.text.INT_Init)
    LIN_Init                                 0x11000369   Thumb Code     2  lin.o(.text.LIN_Init)
    MemManage_Handler                        0x1100036d   Thumb Code     2  isr.o(.text.MemManage_Handler)
    PMU_Init                                 0x11000519   Thumb Code   160  pmu.o(.text.PMU_Init)
    PORT_Init                                0x110005b9   Thumb Code   240  port.o(.text.PORT_Init)
    SCU_ClkInit                              0x110006bd   Thumb Code   216  scu.o(.text.SCU_ClkInit)
    SCU_Init                                 0x110007a9   Thumb Code   124  scu.o(.text.SCU_Init)
    SysTick_Handler                          0x11000895   Thumb Code    12  isr.o(.text.SysTick_Handler)
    SysTick_Init                             0x110008a1   Thumb Code    60  wdt1.o(.text.SysTick_Init)
    SystemInit                               0x110008dd   Thumb Code    52  system_tle987x.o(.text.SystemInit)
    TLE_Init                                 0x11000911   Thumb Code    24  tle_device.o(.text.TLE_Init)
    Task_1ms                                 0x11000929   Thumb Code    46  main.o(.text.Task_1ms)
    UsageFault_Handler                       0x11000959   Thumb Code     2  isr.o(.text.UsageFault_Handler)
    WDT1_Init                                0x1100095d   Thumb Code    36  wdt1.o(.text.WDT1_Init)
    WDT1_Service                             0x11000981   Thumb Code    96  wdt1.o(.text.WDT1_Service)
    main                                     0x110009f1   Thumb Code    34  main.o(.text.main)
    USER_CFLASH_WR_PROT_EN                   0x11000a3c   Data           4  bootrom.o(.rodata.USER_CFLASH_WR_PROT_EN)
    Region$$Table$$Base                      0x11000a40   Number         0  anon$$obj.o(Region$$Table)
    Region$$Table$$Limit                     0x11000a50   Number         0  anon$$obj.o(Region$$Table)
    p_NACNAD                                 0x1101effc   Data           4  system_tle987x.o(.ARM.__at_0x1101EFFC)
    __libspace_start                         0x18000018   Data          96  libspace.o(.bss)
    WD_Counter                               0x18000078   Data           4  wdt1.o(.bss.WD_Counter)
    __temporary_stack_top$libspace           0x18000078   Data           0  libspace.o(.bss)



==============================================================================

Memory Map of the image

  Image Entry point : 0x11000101

  Load Region LR_1 (Base: 0x11000000, Size: 0x00000a50, Max: 0xffffffff, ABSOLUTE)

    Execution Region ER_RO (Exec base: 0x11000000, Load base: 0x11000000, Size: 0x00000a50, Max: 0xffffffff, ABSOLUTE)

    Exec Addr    Load Addr    Size         Type   Attr      Idx    E Section Name        Object

    0x11000000   0x11000000   0x00000080   Data   RO          202    RESET               startup_tle987x.o
    0x11000080   0x11000080   0x00000008   Code   RO          257  * !!!main             c_w.l(__main.o)
    0x11000088   0x11000088   0x00000034   Code   RO          424    !!!scatter          c_w.l(__scatter.o)
    0x110000bc   0x110000bc   0x0000001c   Code   RO          426    !!handler_zi        c_w.l(__scatter_zi.o)
    0x110000d8   0x110000d8   0x00000002   Code   RO          286    .ARM.Collect$$libinit$$00000000  c_w.l(libinit.o)
    0x110000da   0x110000da   0x00000000   Code   RO          293    .ARM.Collect$$libinit$$00000002  c_w.l(libinit2.o)
    0x110000da   0x110000da   0x00000000   Code   RO          295    .ARM.Collect$$libinit$$00000004  c_w.l(libinit2.o)
    0x110000da   0x110000da   0x00000000   Code   RO          297    .ARM.Collect$$libinit$$00000006  c_w.l(libinit2.o)
    0x110000da   0x110000da   0x00000000   Code   RO          300    .ARM.Collect$$libinit$$0000000C  c_w.l(libinit2.o)
    0x110000da   0x110000da   0x00000000   Code   RO          302    .ARM.Collect$$libinit$$0000000E  c_w.l(libinit2.o)
    0x110000da   0x110000da   0x00000000   Code   RO          304    .ARM.Collect$$libinit$$00000010  c_w.l(libinit2.o)
    0x110000da   0x110000da   0x00000000   Code   RO          307    .ARM.Collect$$libinit$$00000013  c_w.l(libinit2.o)
    0x110000da   0x110000da   0x00000000   Code   RO          309    .ARM.Collect$$libinit$$00000015  c_w.l(libinit2.o)
    0x110000da   0x110000da   0x00000000   Code   RO          311    .ARM.Collect$$libinit$$00000017  c_w.l(libinit2.o)
    0x110000da   0x110000da   0x00000000   Code   RO          313    .ARM.Collect$$libinit$$00000019  c_w.l(libinit2.o)
    0x110000da   0x110000da   0x00000000   Code   RO          315    .ARM.Collect$$libinit$$0000001B  c_w.l(libinit2.o)
    0x110000da   0x110000da   0x00000000   Code   RO          317    .ARM.Collect$$libinit$$0000001D  c_w.l(libinit2.o)
    0x110000da   0x110000da   0x00000000   Code   RO          319    .ARM.Collect$$libinit$$0000001F  c_w.l(libinit2.o)
    0x110000da   0x110000da   0x00000000   Code   RO          321    .ARM.Collect$$libinit$$00000021  c_w.l(libinit2.o)
    0x110000da   0x110000da   0x00000000   Code   RO          323    .ARM.Collect$$libinit$$00000023  c_w.l(libinit2.o)
    0x110000da   0x110000da   0x00000000   Code   RO          325    .ARM.Collect$$libinit$$00000025  c_w.l(libinit2.o)
    0x110000da   0x110000da   0x00000000   Code   RO          327    .ARM.Collect$$libinit$$00000027  c_w.l(libinit2.o)
    0x110000da   0x110000da   0x00000000   Code   RO          331    .ARM.Collect$$libinit$$0000002E  c_w.l(libinit2.o)
    0x110000da   0x110000da   0x00000000   Code   RO          333    .ARM.Collect$$libinit$$00000030  c_w.l(libinit2.o)
    0x110000da   0x110000da   0x00000000   Code   RO          335    .ARM.Collect$$libinit$$00000032  c_w.l(libinit2.o)
    0x110000da   0x110000da   0x00000000   Code   RO          337    .ARM.Collect$$libinit$$00000034  c_w.l(libinit2.o)
    0x110000da   0x110000da   0x00000002   Code   RO          338    .ARM.Collect$$libinit$$00000035  c_w.l(libinit2.o)
    0x110000dc   0x110000dc   0x00000002   Code   RO          360    .ARM.Collect$$libshutdown$$00000000  c_w.l(libshutdown.o)
    0x110000de   0x110000de   0x00000000   Code   RO          375    .ARM.Collect$$libshutdown$$00000002  c_w.l(libshutdown2.o)
    0x110000de   0x110000de   0x00000000   Code   RO          377    .ARM.Collect$$libshutdown$$00000004  c_w.l(libshutdown2.o)
    0x110000de   0x110000de   0x00000000   Code   RO          380    .ARM.Collect$$libshutdown$$00000007  c_w.l(libshutdown2.o)
    0x110000de   0x110000de   0x00000000   Code   RO          383    .ARM.Collect$$libshutdown$$0000000A  c_w.l(libshutdown2.o)
    0x110000de   0x110000de   0x00000000   Code   RO          385    .ARM.Collect$$libshutdown$$0000000C  c_w.l(libshutdown2.o)
    0x110000de   0x110000de   0x00000000   Code   RO          388    .ARM.Collect$$libshutdown$$0000000F  c_w.l(libshutdown2.o)
    0x110000de   0x110000de   0x00000002   Code   RO          389    .ARM.Collect$$libshutdown$$00000010  c_w.l(libshutdown2.o)
    0x110000e0   0x110000e0   0x00000000   Code   RO          259    .ARM.Collect$$rtentry$$00000000  c_w.l(__rtentry.o)
    0x110000e0   0x110000e0   0x00000000   Code   RO          263    .ARM.Collect$$rtentry$$00000002  c_w.l(__rtentry2.o)
    0x110000e0   0x110000e0   0x00000006   Code   RO          275    .ARM.Collect$$rtentry$$00000004  c_w.l(__rtentry4.o)
    0x110000e6   0x110000e6   0x00000000   Code   RO          265    .ARM.Collect$$rtentry$$00000009  c_w.l(__rtentry2.o)
    0x110000e6   0x110000e6   0x00000004   Code   RO          266    .ARM.Collect$$rtentry$$0000000A  c_w.l(__rtentry2.o)
    0x110000ea   0x110000ea   0x00000000   Code   RO          268    .ARM.Collect$$rtentry$$0000000C  c_w.l(__rtentry2.o)
    0x110000ea   0x110000ea   0x00000008   Code   RO          269    .ARM.Collect$$rtentry$$0000000D  c_w.l(__rtentry2.o)
    0x110000f2   0x110000f2   0x00000002   Code   RO          290    .ARM.Collect$$rtexit$$00000000  c_w.l(rtexit.o)
    0x110000f4   0x110000f4   0x00000000   Code   RO          340    .ARM.Collect$$rtexit$$00000002  c_w.l(rtexit2.o)
    0x110000f4   0x110000f4   0x00000004   Code   RO          341    .ARM.Collect$$rtexit$$00000003  c_w.l(rtexit2.o)
    0x110000f8   0x110000f8   0x00000006   Code   RO          342    .ARM.Collect$$rtexit$$00000004  c_w.l(rtexit2.o)
    0x110000fe   0x110000fe   0x00000002   PAD
    0x11000100   0x11000100   0x00000058   Code   RO          203  * .text               startup_tle987x.o
    0x11000158   0x11000158   0x00000006   Code   RO          255    .text               c_w.l(heapauxi.o)
    0x1100015e   0x1100015e   0x0000004a   Code   RO          277    .text               c_w.l(sys_stackheap_outer.o)
    0x110001a8   0x110001a8   0x00000012   Code   RO          279    .text               c_w.l(exit.o)
    0x110001ba   0x110001ba   0x00000002   PAD
    0x110001bc   0x110001bc   0x00000008   Code   RO          287    .text               c_w.l(libspace.o)
    0x110001c4   0x110001c4   0x0000000c   Code   RO          350    .text               c_w.l(sys_exit.o)
    0x110001d0   0x110001d0   0x00000002   Code   RO          365    .text               c_w.l(use_no_semi.o)
    0x110001d2   0x110001d2   0x00000000   Code   RO          367    .text               c_w.l(indicate_semi.o)
    0x110001d2   0x110001d2   0x00000002   PAD
    0x110001d4   0x110001d4   0x00000002   Code   RO           74    .text.BusFault_Handler  isr.o
    0x110001d6   0x110001d6   0x00000002   PAD
    0x110001d8   0x110001d8   0x00000012   Code   RO           68    .text.CCU6SR0_IRQHandler  isr.o
    0x110001ea   0x110001ea   0x00000002   PAD
    0x110001ec   0x110001ec   0x00000004   Code   RO          144    .text.CMSIS_Irq_Dis  scu.o
    0x110001f0   0x110001f0   0x00000004   Code   RO          176    .text.CMSIS_Irq_En  scu.o
    0x110001f4   0x110001f4   0x00000004   Code   RO          190    .text.CMSIS_NOP     scu.o
    0x110001f8   0x110001f8   0x0000001a   Code   RO            8    .text.Field_Inv8    main.o
    0x11000212   0x11000212   0x00000002   PAD
    0x11000214   0x11000214   0x00000030   Code   RO          146    .text.Field_Mod8    scu.o
    0x11000244   0x11000244   0x00000014   Code   RO          168    .text.Field_Wrt8all  scu.o
    0x11000258   0x11000258   0x00000002   Code   RO           70    .text.HardFault_Handler  isr.o
    0x1100025a   0x1100025a   0x00000002   PAD
    0x1100025c   0x1100025c   0x0000010c   Code   RO           60    .text.INT_Init      int.o
    0x11000368   0x11000368   0x00000002   Code   RO           89    .text.LIN_Init      lin.o
    0x1100036a   0x1100036a   0x00000002   PAD
    0x1100036c   0x1100036c   0x00000002   Code   RO           72    .text.MemManage_Handler  isr.o
    0x1100036e   0x1100036e   0x00000002   PAD
    0x11000370   0x11000370   0x00000016   Code   RO          160    .text.PLL_resetPllLockDetection  scu.o
    0x11000386   0x11000386   0x00000002   PAD
    0x11000388   0x11000388   0x00000036   Code   RO          150    .text.PLL_setK1divToOne  scu.o
    0x110003be   0x110003be   0x00000002   PAD
    0x110003c0   0x110003c0   0x00000040   Code   RO          156    .text.PLL_setNdivFromConfigWizard  scu.o
    0x11000400   0x11000400   0x00000016   Code   RO          164    .text.PLL_setNormalMode  scu.o
    0x11000416   0x11000416   0x00000002   PAD
    0x11000418   0x11000418   0x00000042   Code   RO          154    .text.PLL_setOscTrim  scu.o
    0x1100045a   0x1100045a   0x00000002   PAD
    0x1100045c   0x1100045c   0x00000016   Code   RO          152    .text.PLL_setPrescalerMode  scu.o
    0x11000472   0x11000472   0x00000002   PAD
    0x11000474   0x11000474   0x00000018   Code   RO          158    .text.PLL_setVcoselK2divFromConfigWizard  scu.o
    0x1100048c   0x1100048c   0x00000036   Code   RO          148    .text.PLL_setfSYStoLPCLK  scu.o
    0x110004c2   0x110004c2   0x00000002   PAD
    0x110004c4   0x110004c4   0x00000036   Code   RO          166    .text.PLL_setfSYStofPLL  scu.o
    0x110004fa   0x110004fa   0x00000002   PAD
    0x110004fc   0x110004fc   0x0000001c   Code   RO          162    .text.PLL_waitForPllLock  scu.o
    0x11000518   0x11000518   0x000000a0   Code   RO           97    .text.PMU_Init      pmu.o
    0x110005b8   0x110005b8   0x000000f0   Code   RO          112    .text.PORT_Init     port.o
    0x110006a8   0x110006a8   0x00000012   Code   RO            6    .text.PORT_P01_Output_Toggle_Set  main.o
    0x110006ba   0x110006ba   0x00000002   PAD
    0x110006bc   0x110006bc   0x000000d8   Code   RO          142    .text.SCU_ClkInit   scu.o
    0x11000794   0x11000794   0x00000012   Code   RO          174    .text.SCU_ClosePASSWD  scu.o
    0x110007a6   0x110007a6   0x00000002   PAD
    0x110007a8   0x110007a8   0x0000007c   Code   RO          178    .text.SCU_Init      scu.o
    0x11000824   0x11000824   0x00000012   Code   RO          172    .text.SCU_OpenPASSWD  scu.o
    0x11000836   0x11000836   0x00000002   PAD
    0x11000838   0x11000838   0x0000005c   Code   RO          170    .text.SCU_toggleAPCLK_SET  scu.o
    0x11000894   0x11000894   0x0000000c   Code   RO           78    .text.SysTick_Handler  isr.o
    0x110008a0   0x110008a0   0x0000003c   Code   RO          229    .text.SysTick_Init  wdt1.o
    0x110008dc   0x110008dc   0x00000034   Code   RO          210    .text.SystemInit    system_tle987x.o
    0x11000910   0x11000910   0x00000018   Code   RO          219    .text.TLE_Init      tle_device.o
    0x11000928   0x11000928   0x0000002e   Code   RO            4    .text.Task_1ms      main.o
    0x11000956   0x11000956   0x00000002   PAD
    0x11000958   0x11000958   0x00000002   Code   RO           76    .text.UsageFault_Handler  isr.o
    0x1100095a   0x1100095a   0x00000002   PAD
    0x1100095c   0x1100095c   0x00000024   Code   RO          227    .text.WDT1_Init     wdt1.o
    0x11000980   0x11000980   0x00000060   Code   RO          233    .text.WDT1_Service  wdt1.o
    0x110009e0   0x110009e0   0x00000010   Code   RO           80    .text.WDT1_Window_Count  isr.o
    0x110009f0   0x110009f0   0x00000022   Code   RO            2    .text.main          main.o
    0x11000a12   0x11000a12   0x00000002   PAD
    0x11000a14   0x11000a14   0x00000026   Code   RO          188    .text.u1_Field_Rd8  scu.o
    0x11000a3a   0x11000a3a   0x00000002   PAD
    0x11000a3c   0x11000a3c   0x00000004   Data   RO           27    .rodata.USER_CFLASH_WR_PROT_EN  bootrom.o
    0x11000a40   0x11000a40   0x00000010   Data   RO          423    Region$$Table       anon$$obj.o


    Execution Region ER_RW (Exec base: 0x18000018, Load base: 0x11000a50, Size: 0x00000000, Max: 0xffffffff, ABSOLUTE)

    **** No section assigned to this execution region ****


    Execution Region ER_ZI (Exec base: 0x18000018, Load base: 0x11000a50, Size: 0x00000268, Max: 0xffffffff, ABSOLUTE)

    Exec Addr    Load Addr    Size         Type   Attr      Idx    E Section Name        Object

    0x18000018        -       0x00000060   Zero   RW          288    .bss                c_w.l(libspace.o)
    0x18000078        -       0x00000004   Zero   RW          243    .bss.WD_Counter     wdt1.o
    0x1800007c        -       0x00000001   Zero   RW          244    .bss.bSOWactive     wdt1.o
    0x1800007d   0x11000a50   0x00000001   PAD
    0x1800007e        -       0x00000002   Zero   RW           10    .bss.ms             main.o
    0x18000080        -       0x00000000   Zero   RW          201    HEAP                startup_tle987x.o
    0x18000080        -       0x00000200   Zero   RW          200    STACK               startup_tle987x.o



  Load Region LR$$.ARM.__at_0x1101EFFC (Base: 0x1101effc, Size: 0x00000004, Max: 0x00000004, ABSOLUTE)

    Execution Region ER$$.ARM.__at_0x1101EFFC (Exec base: 0x1101effc, Load base: 0x1101effc, Size: 0x00000004, Max: 0x00000004, ABSOLUTE, UNINIT)

    Exec Addr    Load Addr    Size         Type   Attr      Idx    E Section Name        Object

    0x1101effc   0x1101effc   0x00000004   Data   RO          212    .ARM.__at_0x1101EFFC  system_tle987x.o


==============================================================================

Image component sizes


      Code (inc. data)   RO Data    RW Data    ZI Data      Debug   Object Name

         0          0          4          0          0       3072   bootrom.o
       268          0          0          0          0      28131   int.o
        54          0          0          0          0      14976   isr.o
         2          0          0          0          0        370   lin.o
       124          0          0          0          2       4229   main.o
       160          0          0          0          0       6950   pmu.o
       240          0          0          0          0      19942   port.o
       996          0          0          0          0      24975   scu.o
        88         26        128          0        512        884   startup_tle987x.o
        52          0          4          0          0       8421   system_tle987x.o
        24          0          0          0          0        401   tle_device.o
       192          0          0          0          5      15822   wdt1.o

    ----------------------------------------------------------------------
      2240         26        152          0        520     128173   Object Totals
         0          0         16          0          0          0   (incl. Generated)
        40          0          0          0          1          0   (incl. Padding)

    ----------------------------------------------------------------------

      Code (inc. data)   RO Data    RW Data    ZI Data      Debug   Library Member Name

         8          0          0          0          0         68   __main.o
         0          0          0          0          0          0   __rtentry.o
        12          0          0          0          0          0   __rtentry2.o
         6          0          0          0          0          0   __rtentry4.o
        52          8          0          0          0          0   __scatter.o
        28          0          0          0          0          0   __scatter_zi.o
        18          0          0          0          0         80   exit.o
         6          0          0          0          0        152   heapauxi.o
         0          0          0          0          0          0   indicate_semi.o
         2          0          0          0          0          0   libinit.o
         2          0          0          0          0          0   libinit2.o
         2          0          0          0          0          0   libshutdown.o
         2          0          0          0          0          0   libshutdown2.o
         8          4          0          0         96         68   libspace.o
         2          0          0          0          0          0   rtexit.o
        10          0          0          0          0          0   rtexit2.o
        12          4          0          0          0         68   sys_exit.o
        74          0          0          0          0         80   sys_stackheap_outer.o
         2          0          0          0          0         68   use_no_semi.o

    ----------------------------------------------------------------------
       252         16          0          0         96        584   Library Totals
         6          0          0          0          0          0   (incl. Padding)

    ----------------------------------------------------------------------

      Code (inc. data)   RO Data    RW Data    ZI Data      Debug   Library Name

       246         16          0          0         96        584   c_w.l

    ----------------------------------------------------------------------
       252         16          0          0         96        584   Library Totals

    ----------------------------------------------------------------------

==============================================================================


      Code (inc. data)   RO Data    RW Data    ZI Data      Debug   

      2492         42        152          0        616     128401   Grand Totals
      2492         42        152          0        616     128401   ELF Image Totals
      2492         42        152          0          0          0   ROM Totals

==============================================================================

    Total RO  Size (Code + RO Data)                 2644 (   2.58kB)
    Total RW  Size (RW Data + ZI Data)               616 (   0.60kB)
    Total ROM Size (Code + RO Data + RW Data)       2644 (   2.58kB)

==============================================================================

